<html>
<body>
<pre>
<h1>礦ision Build Log</h1>
<h2>Tool Versions:</h2>
IDE-Version: μVision V5.24.2.0
Copyright (C) 2017 ARM Ltd and ARM Germany GmbH. All rights reserved.
License Information:  AAA administractor Cheng, UESTC, LIC=585FJ-UB4B4-TG27T-REZSI-WFZ8W-PSI25
 
Tool Versions:
Toolchain:       MDK-ARM Plus  Version: 5.24.1
Toolchain Path:  C:\Keil_v5\ARM\ARMCC\Bin
C Compiler:      Armcc.exe V5.06 update 5 (build 528)
Assembler:       Armasm.exe V5.06 update 5 (build 528)
Linker/Locator:  ArmLink.exe V5.06 update 5 (build 528)
Library Manager: ArmAr.exe V5.06 update 5 (build 528)
Hex Converter:   FromElf.exe V5.06 update 5 (build 528)
CPU DLL:         SARMCM3.DLL V5.24.1
Dialog DLL:      DCM.DLL V1.16.0.0
Target DLL:      STLink\ST-LINKIII-KEIL_SWO.dll V3.0.1.0
Dialog DLL:      TCM.DLL V1.32.0.0
 
<h2>Project:</h2>
C:\Users\administractor Cheng\Desktop\四轴\挑战点\移植 - 全项目\移植一.uvprojx
Project File Date:  05/08/2025

<h2>Output:</h2>
*** Using Compiler 'V5.06 update 5 (build 528)', folder: 'C:\Keil_v5\ARM\ARMCC\Bin'
Rebuild target 'Target 1'
compiling os_dbg_r.c...
compiling os_mutex.c...
compiling os_time.c...
compiling os_mem.c...
compiling os_sem.c...
compiling os_tmr.c...
compiling os_q.c...
compiling os_mbox.c...
compiling os_task.c...
compiling os_flag.c...
compiling os_core.c...
compiling os_cpu_c.c...
assembling os_cpu_a.asm...
assembling startup_stm32f401xx.s...
compiling myHook.c...
assembling myScratterLoad.s...
compiling LED.c...
compiling usart.c...
compiling Delay.c...
compiling Task.c...
compiling main.c...
compiling GY86.c...
compiling MyIIC.c...
compiling PWM.c...
compiling ATKBLE01.c...
compiling OLED.c...
compiling PPM.c...
compiling misc.c...
compiling stm32f4xx_usart.c...
compiling stm32f4xx_gpio.c...
compiling stm32f4xx_rcc.c...
compiling stm32f4xx_i2c.c...
compiling stm32f4xx_tim.c...
linking...
Program Size: Code=19870 RO-data=2766 RW-data=156 ZI-data=8764  
".\Objects\移植一.axf" - 0 Error(s), 0 Warning(s).

<h2>Software Packages used:</h2>

Package Vendor: Keil
                https://www.keil.com/pack/Keil.STM32F4xx_DFP.2.17.0.pack
                Keil.STM32F4xx_DFP.2.17.0
                STMicroelectronics STM32F4 Series Device Support, Drivers and Examples

<h2>Collection of Component include folders:</h2>
  .\RTE\_Target_1
  C:\Keil_v5\ARM\PACK\Keil\STM32F4xx_DFP\2.17.0\Drivers\CMSIS\Device\ST\STM32F4xx\Include

<h2>Collection of Component Files used:</h2>
Build Time Elapsed:  00:00:03
</pre>
</body>
</html>
