Component: ARM Compiler 5.06 update 5 (build 528) Tool: armlink [4d35e2]

==============================================================================

Section Cross References

    os_core.o(i.OSEventNameGet) refers to os_cpu_a.o(.text) for OS_CPU_SR_Save
    os_core.o(i.OSEventNameGet) refers to os_core.o(i.OS_StrLen) for OS_StrLen
    os_core.o(i.OSEventNameGet) refers to os_core.o(.data) for OSIntNesting
    os_core.o(i.OSEventNameSet) refers to os_cpu_a.o(.text) for OS_CPU_SR_Save
    os_core.o(i.OSEventNameSet) refers to os_core.o(.data) for OSIntNesting
    os_core.o(i.OSEventPendMulti) refers to os_cpu_a.o(.text) for OS_CPU_SR_Save
    os_core.o(i.OSEventPendMulti) refers to os_core.o(i.OS_EventTaskWaitMulti) for OS_EventTaskWaitMulti
    os_core.o(i.OSEventPendMulti) refers to os_core.o(i.OS_Sched) for OS_Sched
    os_core.o(i.OSEventPendMulti) refers to os_core.o(i.OS_EventTaskRemoveMulti) for OS_EventTaskRemoveMulti
    os_core.o(i.OSEventPendMulti) refers to os_core.o(.data) for OSIntNesting
    os_core.o(i.OSInit) refers to os_cpu_c.o(i.OSInitHookBegin) for OSInitHookBegin
    os_core.o(i.OSInit) refers to os_core.o(i.OS_InitMisc) for OS_InitMisc
    os_core.o(i.OSInit) refers to os_core.o(i.OS_InitRdyList) for OS_InitRdyList
    os_core.o(i.OSInit) refers to os_core.o(i.OS_InitTCBList) for OS_InitTCBList
    os_core.o(i.OSInit) refers to os_core.o(i.OS_InitEventList) for OS_InitEventList
    os_core.o(i.OSInit) refers to os_flag.o(i.OS_FlagInit) for OS_FlagInit
    os_core.o(i.OSInit) refers to os_mem.o(i.OS_MemInit) for OS_MemInit
    os_core.o(i.OSInit) refers to os_q.o(i.OS_QInit) for OS_QInit
    os_core.o(i.OSInit) refers to os_core.o(i.OS_InitTaskIdle) for OS_InitTaskIdle
    os_core.o(i.OSInit) refers to os_core.o(i.OS_InitTaskStat) for OS_InitTaskStat
    os_core.o(i.OSInit) refers to os_tmr.o(i.OSTmr_Init) for OSTmr_Init
    os_core.o(i.OSInit) refers to os_cpu_c.o(i.OSInitHookEnd) for OSInitHookEnd
    os_core.o(i.OSIntEnter) refers to os_core.o(.data) for OSRunning
    os_core.o(i.OSIntExit) refers to os_cpu_a.o(.text) for OS_CPU_SR_Save
    os_core.o(i.OSIntExit) refers to os_core.o(i.OS_SchedNew) for OS_SchedNew
    os_core.o(i.OSIntExit) refers to os_core.o(.data) for OSRunning
    os_core.o(i.OSIntExit) refers to os_core.o(.bss) for OSTCBPrioTbl
    os_core.o(i.OSSchedLock) refers to os_cpu_a.o(.text) for OS_CPU_SR_Save
    os_core.o(i.OSSchedLock) refers to os_core.o(.data) for OSRunning
    os_core.o(i.OSSchedUnlock) refers to os_cpu_a.o(.text) for OS_CPU_SR_Save
    os_core.o(i.OSSchedUnlock) refers to os_core.o(i.OS_Sched) for OS_Sched
    os_core.o(i.OSSchedUnlock) refers to os_core.o(.data) for OSRunning
    os_core.o(i.OSStart) refers to os_core.o(i.OS_SchedNew) for OS_SchedNew
    os_core.o(i.OSStart) refers to os_cpu_a.o(.text) for OSStartHighRdy
    os_core.o(i.OSStart) refers to os_core.o(.data) for OSRunning
    os_core.o(i.OSStart) refers to os_core.o(.bss) for OSTCBPrioTbl
    os_core.o(i.OSStatInit) refers to os_time.o(i.OSTimeDly) for OSTimeDly
    os_core.o(i.OSStatInit) refers to os_cpu_a.o(.text) for OS_CPU_SR_Save
    os_core.o(i.OSStatInit) refers to os_core.o(.data) for OSIdleCtr
    os_core.o(i.OSTimeTick) refers to os_cpu_c.o(i.OSTimeTickHook) for OSTimeTickHook
    os_core.o(i.OSTimeTick) refers to os_cpu_a.o(.text) for OS_CPU_SR_Save
    os_core.o(i.OSTimeTick) refers to os_core.o(.data) for OSTime
    os_core.o(i.OS_EventTaskRdy) refers to os_core.o(i.OS_EventTaskRemove) for OS_EventTaskRemove
    os_core.o(i.OS_EventTaskRdy) refers to os_core.o(i.OS_EventTaskRemoveMulti) for OS_EventTaskRemoveMulti
    os_core.o(i.OS_EventTaskRdy) refers to os_core.o(.constdata) for OSUnMapTbl
    os_core.o(i.OS_EventTaskRdy) refers to os_core.o(.bss) for OSTCBPrioTbl
    os_core.o(i.OS_EventTaskRdy) refers to os_core.o(.data) for OSRdyGrp
    os_core.o(i.OS_EventTaskWait) refers to os_core.o(.data) for OSTCBCur
    os_core.o(i.OS_EventTaskWaitMulti) refers to os_core.o(.data) for OSTCBCur
    os_core.o(i.OS_InitEventList) refers to os_core.o(i.OS_MemClr) for OS_MemClr
    os_core.o(i.OS_InitEventList) refers to os_core.o(.bss) for OSEventTbl
    os_core.o(i.OS_InitEventList) refers to os_core.o(.data) for OSEventFreeList
    os_core.o(i.OS_InitMisc) refers to os_core.o(.data) for OSTime
    os_core.o(i.OS_InitRdyList) refers to os_core.o(.data) for OSRdyGrp
    os_core.o(i.OS_InitTCBList) refers to os_core.o(i.OS_MemClr) for OS_MemClr
    os_core.o(i.OS_InitTCBList) refers to os_core.o(.bss) for OSTCBTbl
    os_core.o(i.OS_InitTCBList) refers to os_core.o(.data) for OSTCBList
    os_core.o(i.OS_InitTaskIdle) refers to os_task.o(i.OSTaskCreateExt) for OSTaskCreateExt
    os_core.o(i.OS_InitTaskIdle) refers to os_task.o(i.OSTaskNameSet) for OSTaskNameSet
    os_core.o(i.OS_InitTaskIdle) refers to os_core.o(.bss) for OSTaskIdleStk
    os_core.o(i.OS_InitTaskIdle) refers to os_core.o(i.OS_TaskIdle) for OS_TaskIdle
[...]
    os_cpu_c.o(i.OS_CPU_SysTickHandler) refers to os_core.o(i.OSTimeTick) for OSTimeTick
    os_cpu_c.o(i.OS_CPU_SysTickHandler) refers to os_core.o(i.OSIntExit) for OSIntExit
    os_cpu_c.o(i.OS_CPU_SysTickInitFreq) refers to os_cpu_c.o(i.OS_CPU_SysTickInit) for OS_CPU_SysTickInit
    os_cpu_a.o(.text) refers to os_cpu_c.o(.data) for OS_KA_BASEPRI_Boundary
    os_cpu_a.o(.text) refers to os_cpu_c.o(i.OSTaskSwHook) for OSTaskSwHook
    os_cpu_a.o(.text) refers to os_core.o(.data) for OSTCBCur
    main.o(i.Task_LEDOff) refers to main.o(i.LED_Off) for LED_Off
    main.o(i.Task_LEDOff) refers to os_time.o(i.OSTimeDly) for OSTimeDly
    main.o(i.Task_LEDOn) refers to main.o(i.LED_On) for LED_On
    main.o(i.Task_LEDOn) refers to os_time.o(i.OSTimeDly) for OSTimeDly
    main.o(i.main) refers to main.o(i.SystemInit) for SystemInit
    main.o(i.main) refers to os_core.o(i.OSInit) for OSInit
    main.o(i.main) refers to main.o(i.LED_Init) for LED_Init
    main.o(i.main) refers to os_task.o(i.OSTaskCreate) for OSTaskCreate
    main.o(i.main) refers to os_core.o(i.OSStart) for OSStart
    main.o(i.main) refers to main.o(.bss) for Task1Stk
    main.o(i.main) refers to main.o(i.Task_LEDOn) for Task_LEDOn
    main.o(i.main) refers to main.o(i.Task_LEDOff) for Task_LEDOff
    startup_stm32f40_41xxx.o(STACK) refers (Special) to heapauxi.o(.text) for __use_two_region_memory
    startup_stm32f40_41xxx.o(HEAP) refers (Special) to heapauxi.o(.text) for __use_two_region_memory
    startup_stm32f40_41xxx.o(RESET) refers (Special) to heapauxi.o(.text) for __use_two_region_memory
    startup_stm32f40_41xxx.o(RESET) refers to startup_stm32f40_41xxx.o(STACK) for __initial_sp
    startup_stm32f40_41xxx.o(RESET) refers to startup_stm32f40_41xxx.o(.text) for Reset_Handler
    startup_stm32f40_41xxx.o(RESET) refers to os_cpu_a.o(.text) for OS_CPU_PendSVHandler
    startup_stm32f40_41xxx.o(RESET) refers to os_cpu_c.o(i.OS_CPU_SysTickHandler) for OS_CPU_SysTickHandler
    startup_stm32f40_41xxx.o(.text) refers (Special) to heapauxi.o(.text) for __use_two_region_memory
    startup_stm32f40_41xxx.o(.text) refers to main.o(i.SystemInit) for SystemInit
    startup_stm32f40_41xxx.o(.text) refers to __main.o(!!!main) for __main
    startup_stm32f40_41xxx.o(.text) refers to startup_stm32f40_41xxx.o(HEAP) for Heap_Mem
    startup_stm32f40_41xxx.o(.text) refers to startup_stm32f40_41xxx.o(STACK) for Stack_Mem
    __main.o(!!!main) refers to __rtentry.o(.ARM.Collect$$rtentry$$00000000) for __rt_entry
    __rtentry.o(.ARM.Collect$$rtentry$$00000000) refers (Special) to __rtentry2.o(.ARM.Collect$$rtentry$$0000000A) for __rt_entry_li
    __rtentry.o(.ARM.Collect$$rtentry$$00000000) refers (Special) to __rtentry2.o(.ARM.Collect$$rtentry$$0000000D) for __rt_entry_main
    __rtentry.o(.ARM.Collect$$rtentry$$00000000) refers (Special) to __rtentry2.o(.ARM.Collect$$rtentry$$0000000C) for __rt_entry_postli_1
    __rtentry.o(.ARM.Collect$$rtentry$$00000000) refers (Special) to __rtentry2.o(.ARM.Collect$$rtentry$$00000009) for __rt_entry_postsh_1
    __rtentry.o(.ARM.Collect$$rtentry$$00000000) refers (Special) to __rtentry2.o(.ARM.Collect$$rtentry$$00000002) for __rt_entry_presh_1
    __rtentry.o(.ARM.Collect$$rtentry$$00000000) refers (Special) to __rtentry4.o(.ARM.Collect$$rtentry$$00000004) for __rt_entry_sh
    __rtentry2.o(.ARM.Collect$$rtentry$$00000008) refers to boardinit2.o(.text) for _platform_post_stackheap_init
    __rtentry2.o(.ARM.Collect$$rtentry$$0000000A) refers to libinit.o(.ARM.Collect$$libinit$$00000000) for __rt_lib_init
    __rtentry2.o(.ARM.Collect$$rtentry$$0000000B) refers to boardinit3.o(.text) for _platform_post_lib_init
    __rtentry2.o(.ARM.Collect$$rtentry$$0000000D) refers to main.o(i.main) for main
    __rtentry2.o(.ARM.Collect$$rtentry$$0000000D) refers to exit.o(.text) for exit
    __rtentry2.o(.ARM.exidx) refers to __rtentry2.o(.ARM.Collect$$rtentry$$00000001) for .ARM.Collect$$rtentry$$00000001
    __rtentry2.o(.ARM.exidx) refers to __rtentry2.o(.ARM.Collect$$rtentry$$00000008) for .ARM.Collect$$rtentry$$00000008
    __rtentry2.o(.ARM.exidx) refers to __rtentry2.o(.ARM.Collect$$rtentry$$0000000A) for .ARM.Collect$$rtentry$$0000000A
    __rtentry2.o(.ARM.exidx) refers to __rtentry2.o(.ARM.Collect$$rtentry$$0000000B) for .ARM.Collect$$rtentry$$0000000B
    __rtentry2.o(.ARM.exidx) refers to __rtentry2.o(.ARM.Collect$$rtentry$$0000000D) for .ARM.Collect$$rtentry$$0000000D
    __rtentry4.o(.ARM.Collect$$rtentry$$00000004) refers to sys_stackheap_outer.o(.text) for __user_setup_stackheap
    __rtentry4.o(.ARM.exidx) refers to __rtentry4.o(.ARM.Collect$$rtentry$$00000004) for .ARM.Collect$$rtentry$$00000004
    sys_stackheap_outer.o(.text) refers to libspace.o(.text) for __user_perproc_libspace
    sys_stackheap_outer.o(.text) refers to startup_stm32f40_41xxx.o(.text) for __user_initial_stackheap
    exit.o(.text) refers to rtexit.o(.ARM.Collect$$rtexit$$00000000) for __rt_exit
    libinit.o(.ARM.Collect$$libinit$$00000000) refers (Special) to libinit2.o(.ARM.Collect$$libinit$$0000002E) for __rt_lib_init_alloca_1
    libinit.o(.ARM.Collect$$libinit$$00000000) refers (Special) to libinit2.o(.ARM.Collect$$libinit$$0000002C) for __rt_lib_init_argv_1
    libinit.o(.ARM.Collect$$libinit$$00000000) refers (Special) to libinit2.o(.ARM.Collect$$libinit$$0000001B) for __rt_lib_init_atexit_1
    libinit.o(.ARM.Collect$$libinit$$00000000) refers (Special) to libinit2.o(.ARM.Collect$$libinit$$00000021) for __rt_lib_init_clock_1
    libinit.o(.ARM.Collect$$libinit$$00000000) refers (Special) to libinit2.o(.ARM.Collect$$libinit$$00000032) for __rt_lib_init_cpp_1
    libinit.o(.ARM.Collect$$libinit$$00000000) refers (Special) to libinit2.o(.ARM.Collect$$libinit$$00000030) for __rt_lib_init_exceptions_1
    libinit.o(.ARM.Collect$$libinit$$00000000) refers (Special) to libinit2.o(.ARM.Collect$$libinit$$00000001) for __rt_lib_init_fp_1
    libinit.o(.ARM.Collect$$libinit$$00000000) refers (Special) to libinit2.o(.ARM.Collect$$libinit$$0000001F) for __rt_lib_init_fp_trap_1
    libinit.o(.ARM.Collect$$libinit$$00000000) refers (Special) to libinit2.o(.ARM.Collect$$libinit$$00000023) for __rt_lib_init_getenv_1
    libinit.o(.ARM.Collect$$libinit$$00000000) refers (Special) to libinit2.o(.ARM.Collect$$libinit$$0000000A) for __rt_lib_init_heap_1
    libinit.o(.ARM.Collect$$libinit$$00000000) refers (Special) to libinit2.o(.ARM.Collect$$libinit$$00000011) for __rt_lib_init_lc_collate_1
    libinit.o(.ARM.Collect$$libinit$$00000000) refers (Special) to libinit2.o(.ARM.Collect$$libinit$$00000013) for __rt_lib_init_lc_ctype_1
    libinit.o(.ARM.Collect$$libinit$$00000000) refers (Special) to libinit2.o(.ARM.Collect$$libinit$$00000015) for __rt_lib_init_lc_monetary_1
    libinit.o(.ARM.Collect$$libinit$$00000000) refers (Special) to libinit2.o(.ARM.Collect$$libinit$$00000017) for __rt_lib_init_lc_numeric_1
    libinit.o(.ARM.Collect$$libinit$$00000000) refers (Special) to libinit2.o(.ARM.Collect$$libinit$$00000019) for __rt_lib_init_lc_time_1
    libinit.o(.ARM.Collect$$libinit$$00000000) refers (Special) to libinit2.o(.ARM.Collect$$libinit$$00000004) for __rt_lib_init_preinit_1
    libinit.o(.ARM.Collect$$libinit$$00000000) refers (Special) to libinit2.o(.ARM.Collect$$libinit$$0000000E) for __rt_lib_init_rand_1
    libinit.o(.ARM.Collect$$libinit$$00000000) refers (Special) to libinit2.o(.ARM.Collect$$libinit$$00000033) for __rt_lib_init_return
    libinit.o(.ARM.Collect$$libinit$$00000000) refers (Special) to libinit2.o(.ARM.Collect$$libinit$$0000001D) for __rt_lib_init_signal_1
    libinit.o(.ARM.Collect$$libinit$$00000000) refers (Special) to libinit2.o(.ARM.Collect$$libinit$$00000025) for __rt_lib_init_stdio_1
    libinit.o(.ARM.Collect$$libinit$$00000000) refers (Special) to libinit2.o(.ARM.Collect$$libinit$$0000000C) for __rt_lib_init_user_alloc_1
    libspace.o(.text) refers to libspace.o(.bss) for __libspace_start
    rtexit.o(.ARM.Collect$$rtexit$$00000000) refers (Special) to rtexit2.o(.ARM.Collect$$rtexit$$00000004) for __rt_exit_exit
    rtexit.o(.ARM.Collect$$rtexit$$00000000) refers (Special) to rtexit2.o(.ARM.Collect$$rtexit$$00000003) for __rt_exit_ls
    rtexit.o(.ARM.Collect$$rtexit$$00000000) refers (Special) to rtexit2.o(.ARM.Collect$$rtexit$$00000002) for __rt_exit_prels_1
    rtexit.o(.ARM.exidx) refers (Special) to rtexit2.o(.ARM.Collect$$rtexit$$00000004) for __rt_exit_exit
    rtexit.o(.ARM.exidx) refers (Special) to rtexit2.o(.ARM.Collect$$rtexit$$00000003) for __rt_exit_ls
    rtexit.o(.ARM.exidx) refers (Special) to rtexit2.o(.ARM.Collect$$rtexit$$00000002) for __rt_exit_prels_1
    rtexit.o(.ARM.exidx) refers to rtexit.o(.ARM.Collect$$rtexit$$00000000) for .ARM.Collect$$rtexit$$00000000
    libinit2.o(.ARM.Collect$$libinit$$00000001) refers to fpinit.o(x$fpl$fpinit) for _fp_init
    libinit2.o(.ARM.Collect$$libinit$$00000010) refers to libinit2.o(.ARM.Collect$$libinit$$0000000F) for .ARM.Collect$$libinit$$0000000F
    libinit2.o(.ARM.Collect$$libinit$$00000012) refers to libinit2.o(.ARM.Collect$$libinit$$0000000F) for .ARM.Collect$$libinit$$0000000F
    libinit2.o(.ARM.Collect$$libinit$$00000014) refers to libinit2.o(.ARM.Collect$$libinit$$0000000F) for .ARM.Collect$$libinit$$0000000F
    libinit2.o(.ARM.Collect$$libinit$$00000016) refers to libinit2.o(.ARM.Collect$$libinit$$0000000F) for .ARM.Collect$$libinit$$0000000F
    libinit2.o(.ARM.Collect$$libinit$$00000018) refers to libinit2.o(.ARM.Collect$$libinit$$0000000F) for .ARM.Collect$$libinit$$0000000F
    libinit2.o(.ARM.Collect$$libinit$$00000026) refers to argv_veneer.o(.emb_text) for __ARM_argv_veneer
    libinit2.o(.ARM.Collect$$libinit$$00000027) refers to argv_veneer.o(.emb_text) for __ARM_argv_veneer
    rtexit2.o(.ARM.Collect$$rtexit$$00000003) refers to libshutdown.o(.ARM.Collect$$libshutdown$$00000000) for __rt_lib_shutdown
    rtexit2.o(.ARM.Collect$$rtexit$$00000004) refers to sys_exit.o(.text) for _sys_exit
    rtexit2.o(.ARM.exidx) refers to rtexit2.o(.ARM.Collect$$rtexit$$00000001) for .ARM.Collect$$rtexit$$00000001
    rtexit2.o(.ARM.exidx) refers to rtexit2.o(.ARM.Collect$$rtexit$$00000003) for .ARM.Collect$$rtexit$$00000003
    rtexit2.o(.ARM.exidx) refers to rtexit2.o(.ARM.Collect$$rtexit$$00000004) for .ARM.Collect$$rtexit$$00000004
    argv_veneer.o(.emb_text) refers to no_argv.o(.text) for __ARM_get_argv
    sys_exit.o(.text) refers (Special) to use_no_semi.o(.text) for __I$use$semihosting
    sys_exit.o(.text) refers (Special) to indicate_semi.o(.text) for __semihosting_library_function
    _get_argv_nomalloc.o(.text) refers (Special) to hrguard.o(.text) for __heap_region$guard
    _get_argv_nomalloc.o(.text) refers to defsig_rtmem_outer.o(.text) for __rt_SIGRTMEM
    _get_argv_nomalloc.o(.text) refers to sys_command.o(.text) for _sys_command_string
    libshutdown.o(.ARM.Collect$$libshutdown$$00000000) refers (Special) to libshutdown2.o(.ARM.Collect$$libshutdown$$00000002) for __rt_lib_shutdown_cpp_1
    libshutdown.o(.ARM.Collect$$libshutdown$$00000000) refers (Special) to libshutdown2.o(.ARM.Collect$$libshutdown$$00000007) for __rt_lib_shutdown_fp_trap_1
    libshutdown.o(.ARM.Collect$$libshutdown$$00000000) refers (Special) to libshutdown2.o(.ARM.Collect$$libshutdown$$0000000F) for __rt_lib_shutdown_heap_1
    libshutdown.o(.ARM.Collect$$libshutdown$$00000000) refers (Special) to libshutdown2.o(.ARM.Collect$$libshutdown$$00000010) for __rt_lib_shutdown_return
    libshutdown.o(.ARM.Collect$$libshutdown$$00000000) refers (Special) to libshutdown2.o(.ARM.Collect$$libshutdown$$0000000A) for __rt_lib_shutdown_signal_1
    libshutdown.o(.ARM.Collect$$libshutdown$$00000000) refers (Special) to libshutdown2.o(.ARM.Collect$$libshutdown$$00000004) for __rt_lib_shutdown_stdio_1
    libshutdown.o(.ARM.Collect$$libshutdown$$00000000) refers (Special) to libshutdown2.o(.ARM.Collect$$libshutdown$$0000000C) for __rt_lib_shutdown_user_alloc_1
    sys_command.o(.text) refers (Special) to use_no_semi.o(.text) for __I$use$semihosting
    sys_command.o(.text) refers (Special) to indicate_semi.o(.text) for __semihosting_library_function
    defsig_rtmem_outer.o(.text) refers to defsig_rtmem_inner.o(.text) for __rt_SIGRTMEM_inner
    defsig_rtmem_outer.o(.text) refers to defsig_exit.o(.text) for __sig_exit
    defsig_rtmem_formal.o(.text) refers to rt_raise.o(.text) for __rt_raise
    rt_raise.o(.text) refers to __raise.o(.text) for __raise
    rt_raise.o(.text) refers to sys_exit.o(.text) for _sys_exit
    defsig_exit.o(.text) refers to sys_exit.o(.text) for _sys_exit
    defsig_rtmem_inner.o(.text) refers to defsig_general.o(.text) for __default_signal_display
    __raise.o(.text) refers to defsig.o(CL$$defsig) for __default_signal_handler
    defsig_general.o(.text) refers to sys_wrch.o(.text) for _ttywrch
    sys_wrch.o(.text) refers (Special) to use_no_semi.o(.text) for __I$use$semihosting
    sys_wrch.o(.text) refers (Special) to indicate_semi.o(.text) for __semihosting_library_function
    defsig.o(CL$$defsig) refers to defsig_rtmem_inner.o(.text) for __rt_SIGRTMEM_inner
    defsig_abrt_inner.o(.text) refers to defsig_general.o(.text) for __default_signal_display
    defsig_fpe_inner.o(.text) refers to defsig_general.o(.text) for __default_signal_display
    defsig_rtred_inner.o(.text) refers to defsig_general.o(.text) for __default_signal_display
    defsig_stak_inner.o(.text) refers to defsig_general.o(.text) for __default_signal_display
    defsig_pvfn_inner.o(.text) refers to defsig_general.o(.text) for __default_signal_display
    defsig_cppl_inner.o(.text) refers to defsig_general.o(.text) for __default_signal_display
    defsig_segv_inner.o(.text) refers to defsig_general.o(.text) for __default_signal_display
    defsig_other.o(.text) refers to defsig_general.o(.text) for __default_signal_display


==============================================================================

Removing Unused input sections from the image.

    Removing os_core.o(i.OSEventNameGet), (132 bytes).
    Removing os_core.o(i.OSEventPendMulti), (744 bytes).
    Removing os_core.o(i.OSStatInit), (96 bytes).
    Removing os_core.o(i.OSVersion), (6 bytes).
    Removing os_core.o(i.OS_EventTaskWaitMulti), (148 bytes).
    Removing os_core.o(i.OS_MemCopy), (20 bytes).
    Removing os_core.o(i.OS_StrLen), (28 bytes).
    Removing os_dbg_r.o(.constdata), (2 bytes).
    Removing os_flag.o(i.OSFlagAccept), (288 bytes).
    Removing os_flag.o(i.OSFlagCreate), (112 bytes).
    Removing os_flag.o(i.OSFlagDel), (260 bytes).
    Removing os_flag.o(i.OSFlagNameGet), (120 bytes).
    Removing os_flag.o(i.OSFlagNameSet), (100 bytes).
    Removing os_flag.o(i.OSFlagPend), (668 bytes).
    Removing os_flag.o(i.OSFlagPendGetFlagsRdy), (40 bytes).
    Removing os_flag.o(i.OSFlagPost), (358 bytes).
    Removing os_flag.o(i.OSFlagQuery), (68 bytes).
    Removing os_flag.o(i.OS_FlagBlock), (164 bytes).
    Removing os_flag.o(i.OS_FlagTaskRdy), (96 bytes).
    Removing os_mbox.o(i.OSMboxAccept), (54 bytes).
    Removing os_mbox.o(i.OSMboxCreate), (96 bytes).
    Removing os_mbox.o(i.OSMboxDel), (256 bytes).
    Removing os_mbox.o(i.OSMboxPend), (304 bytes).
    Removing os_mbox.o(i.OSMboxPendAbort), (152 bytes).
    Removing os_mbox.o(i.OSMboxPost), (110 bytes).
    Removing os_mbox.o(i.OSMboxPostOpt), (150 bytes).
    Removing os_mbox.o(i.OSMboxQuery), (98 bytes).
    Removing os_mem.o(i.OSMemCreate), (180 bytes).
    Removing os_mem.o(i.OSMemGet), (86 bytes).
    Removing os_mem.o(i.OSMemNameGet), (96 bytes).
    Removing os_mem.o(i.OSMemNameSet), (80 bytes).
    Removing os_mem.o(i.OSMemPut), (80 bytes).
    Removing os_mem.o(i.OSMemQuery), (74 bytes).
    Removing os_mutex.o(i.OSMutexAccept), (176 bytes).
    Removing os_mutex.o(i.OSMutexCreate), (200 bytes).
    Removing os_mutex.o(i.OSMutexDel), (340 bytes).
    Removing os_mutex.o(i.OSMutexPend), (632 bytes).
    Removing os_mutex.o(i.OSMutexPost), (236 bytes).
    Removing os_mutex.o(i.OSMutexQuery), (132 bytes).
    Removing os_mutex.o(i.OSMutex_RdyAtPrio), (132 bytes).
    Removing os_q.o(i.OSQAccept), (108 bytes).
    Removing os_q.o(i.OSQCreate), (188 bytes).
    Removing os_q.o(i.OSQDel), (292 bytes).
    Removing os_q.o(i.OSQFlush), (62 bytes).
    Removing os_q.o(i.OSQPend), (332 bytes).
    Removing os_q.o(i.OSQPendAbort), (152 bytes).
    Removing os_q.o(i.OSQPost), (138 bytes).
    Removing os_q.o(i.OSQPostFront), (140 bytes).
    Removing os_q.o(i.OSQPostOpt), (206 bytes).
    Removing os_q.o(i.OSQQuery), (120 bytes).
    Removing os_sem.o(i.OSSemAccept), (58 bytes).
    Removing os_sem.o(i.OSSemDel), (256 bytes).
    Removing os_sem.o(i.OSSemPendAbort), (152 bytes).
    Removing os_sem.o(i.OSSemQuery), (98 bytes).
    Removing os_sem.o(i.OSSemSet), (84 bytes).
    Removing os_task.o(i.OSTaskChangePrio), (460 bytes).
    Removing os_task.o(i.OSTaskDelReq), (148 bytes).
    Removing os_task.o(i.OSTaskNameGet), (172 bytes).
    Removing os_task.o(i.OSTaskQuery), (128 bytes).
    Removing os_task.o(i.OSTaskRegGet), (104 bytes).
    Removing os_task.o(i.OSTaskRegGetID), (76 bytes).
    Removing os_task.o(i.OSTaskRegSet), (104 bytes).
    Removing os_task.o(i.OSTaskResume), (212 bytes).
    Removing os_time.o(i.OSTimeDlyHMSM), (132 bytes).
    Removing os_time.o(i.OSTimeDlyResume), (208 bytes).
    Removing os_time.o(i.OSTimeGet), (40 bytes).
    Removing os_time.o(i.OSTimeSet), (40 bytes).
    Removing os_tmr.o(i.OSTmrCreate), (164 bytes).
    Removing os_tmr.o(i.OSTmrDel), (140 bytes).
    Removing os_tmr.o(i.OSTmrNameGet), (140 bytes).
    Removing os_tmr.o(i.OSTmrRemainGet), (180 bytes).
    Removing os_tmr.o(i.OSTmrStart), (144 bytes).
    Removing os_tmr.o(i.OSTmrStateGet), (100 bytes).
    Removing os_tmr.o(i.OSTmrStop), (196 bytes).
    Removing os_tmr.o(i.OSTmr_Alloc), (64 bytes).
    Removing os_tmr.o(i.OSTmr_Free), (76 bytes).
    Removing os_cpu_c.o(i.OS_CPU_SysTickInit), (56 bytes).
    Removing os_cpu_c.o(i.OS_CPU_SysTickInitFreq), (18 bytes).

78 unused section(s) (total 12602 bytes) removed from the image.

==============================================================================

Image Symbol Table

    Local Symbols

    Symbol Name                              Value     Ov Type        Size  Object(Section)

    ../clib/angel/boardlib.s                 0x00000000   Number         0  boardinit1.o ABSOLUTE
    ../clib/angel/boardlib.s                 0x00000000   Number         0  boardshut.o ABSOLUTE
    ../clib/angel/boardlib.s                 0x00000000   Number         0  boardinit3.o ABSOLUTE
    ../clib/angel/boardlib.s                 0x00000000   Number         0  boardinit2.o ABSOLUTE
    ../clib/angel/handlers.s                 0x00000000   Number         0  __scatter_zi.o ABSOLUTE
    ../clib/angel/handlers.s                 0x00000000   Number         0  __scatter_copy.o ABSOLUTE
    ../clib/angel/kernel.s                   0x00000000   Number         0  rtexit.o ABSOLUTE
    ../clib/angel/kernel.s                   0x00000000   Number         0  rtexit2.o ABSOLUTE
    ../clib/angel/kernel.s                   0x00000000   Number         0  __rtentry4.o ABSOLUTE
    ../clib/angel/kernel.s                   0x00000000   Number         0  __rtentry.o ABSOLUTE
    ../clib/angel/kernel.s                   0x00000000   Number         0  __rtentry2.o ABSOLUTE
    ../clib/angel/rt.s                       0x00000000   Number         0  rt_raise.o ABSOLUTE
    ../clib/angel/scatter.s                  0x00000000   Number         0  __scatter.o ABSOLUTE
    ../clib/angel/startup.s                  0x00000000   Number         0  __main.o ABSOLUTE
    ../clib/angel/sys.s                      0x00000000   Number         0  indicate_semi.o ABSOLUTE
    ../clib/angel/sys.s                      0x00000000   Number         0  sys_stackheap_outer.o ABSOLUTE
    ../clib/angel/sys.s                      0x00000000   Number         0  libspace.o ABSOLUTE
    ../clib/angel/sys.s                      0x00000000   Number         0  use_no_semi.o ABSOLUTE
    ../clib/angel/sysapp.c                   0x00000000   Number         0  sys_exit.o ABSOLUTE
    ../clib/angel/sysapp.c                   0x00000000   Number         0  sys_command.o ABSOLUTE
    ../clib/angel/sysapp.c                   0x00000000   Number         0  sys_wrch.o ABSOLUTE
    ../clib/armsys.c                         0x00000000   Number         0  argv_veneer.o ABSOLUTE
    ../clib/armsys.c                         0x00000000   Number         0  no_argv.o ABSOLUTE
    ../clib/armsys.c                         0x00000000   Number         0  _get_argv_nomalloc.o ABSOLUTE
    ../clib/armsys.c                         0x00000000   Number         0  argv_veneer.o ABSOLUTE
    ../clib/heapalloc.c                      0x00000000   Number         0  hrguard.o ABSOLUTE
    ../clib/heapaux.c                        0x00000000   Number         0  heapauxi.o ABSOLUTE
    ../clib/libinit.s                        0x00000000   Number         0  libshutdown2.o ABSOLUTE
    ../clib/libinit.s                        0x00000000   Number         0  libshutdown.o ABSOLUTE
    ../clib/libinit.s                        0x00000000   Number         0  libinit.o ABSOLUTE
    ../clib/libinit.s                        0x00000000   Number         0  libinit2.o ABSOLUTE
    ../clib/signal.c                         0x00000000   Number         0  __raise.o ABSOLUTE
    ../clib/signal.c                         0x00000000   Number         0  defsig_rtmem_inner.o ABSOLUTE
    ../clib/signal.c                         0x00000000   Number         0  defsig_rtmem_formal.o ABSOLUTE
    ../clib/signal.c                         0x00000000   Number         0  defsig_other.o ABSOLUTE
    ../clib/signal.c                         0x00000000   Number         0  defsig_segv_inner.o ABSOLUTE
    ../clib/signal.c                         0x00000000   Number         0  defsig_cppl_inner.o ABSOLUTE
    ../clib/signal.c                         0x00000000   Number         0  defsig_pvfn_inner.o ABSOLUTE
    ../clib/signal.c                         0x00000000   Number         0  defsig_stak_inner.o ABSOLUTE
    ../clib/signal.c                         0x00000000   Number         0  defsig_rtred_inner.o ABSOLUTE
    ../clib/signal.c                         0x00000000   Number         0  defsig_rtmem_outer.o ABSOLUTE
    ../clib/signal.c                         0x00000000   Number         0  defsig_fpe_inner.o ABSOLUTE
    ../clib/signal.c                         0x00000000   Number         0  defsig_abrt_inner.o ABSOLUTE
    ../clib/signal.c                         0x00000000   Number         0  defsig_exit.o ABSOLUTE
    ../clib/signal.c                         0x00000000   Number         0  defsig_general.o ABSOLUTE
    ../clib/signal.s                         0x00000000   Number         0  defsig.o ABSOLUTE
    ../clib/stdlib.c                         0x00000000   Number         0  exit.o ABSOLUTE
    ../fplib/fpinit.s                        0x00000000   Number         0  fpinit.o ABSOLUTE
    ..\Cfg\app_hooks.c                       0x00000000   Number         0  app_hooks.o ABSOLUTE
    ..\Core\os_core.c                        0x00000000   Number         0  os_core.o ABSOLUTE
    ..\Core\os_dbg_r.c                       0x00000000   Number         0  os_dbg_r.o ABSOLUTE
    ..\Core\os_flag.c                        0x00000000   Number         0  os_flag.o ABSOLUTE
    ..\Core\os_mbox.c                        0x00000000   Number         0  os_mbox.o ABSOLUTE
    ..\Core\os_mem.c                         0x00000000   Number         0  os_mem.o ABSOLUTE
    ..\Core\os_mutex.c                       0x00000000   Number         0  os_mutex.o ABSOLUTE
    ..\Core\os_q.c                           0x00000000   Number         0  os_q.o ABSOLUTE
    ..\Core\os_sem.c                         0x00000000   Number         0  os_sem.o ABSOLUTE
    ..\Core\os_task.c                        0x00000000   Number         0  os_task.o ABSOLUTE
    ..\Core\os_time.c                        0x00000000   Number         0  os_time.o ABSOLUTE
    ..\Core\os_tmr.c                         0x00000000   Number         0  os_tmr.o ABSOLUTE
    ..\Port\os_cpu_a.s                       0x00000000   Number         0  os_cpu_a.o ABSOLUTE
    ..\Port\os_cpu_c.c                       0x00000000   Number         0  os_cpu_c.o ABSOLUTE
    ..\Startup\startup_stm32f40_41xxx.s      0x00000000   Number         0  startup_stm32f40_41xxx.o ABSOLUTE
    ..\User\main.c                           0x00000000   Number         0  main.o ABSOLUTE
    dc.s                                     0x00000000   Number         0  dc.o ABSOLUTE
    RESET                                    0x08000000   Section      392  startup_stm32f40_41xxx.o(RESET)
    !!!main                                  0x08000188   Section        8  __main.o(!!!main)
    !!!scatter                               0x08000190   Section       52  __scatter.o(!!!scatter)
    !!handler_copy                           0x080001c4   Section       26  __scatter_copy.o(!!handler_copy)
    !!handler_zi                             0x080001e0   Section       28  __scatter_zi.o(!!handler_zi)
    .ARM.Collect$$libinit$$00000000          0x080001fc   Section        2  libinit.o(.ARM.Collect$$libinit$$00000000)
    .ARM.Collect$$libinit$$00000001          0x080001fe   Section        4  libinit2.o(.ARM.Collect$$libinit$$00000001)
    .ARM.Collect$$libinit$$00000004          0x08000202   Section        0  libinit2.o(.ARM.Collect$$libinit$$00000004)
    .ARM.Collect$$libinit$$0000000A          0x08000202   Section        0  libinit2.o(.ARM.Collect$$libinit$$0000000A)
    .ARM.Collect$$libinit$$0000000C          0x08000202   Section        0  libinit2.o(.ARM.Collect$$libinit$$0000000C)
    .ARM.Collect$$libinit$$0000000E          0x08000202   Section        0  libinit2.o(.ARM.Collect$$libinit$$0000000E)
    .ARM.Collect$$libinit$$00000011          0x08000202   Section        0  libinit2.o(.ARM.Collect$$libinit$$00000011)
    .ARM.Collect$$libinit$$00000013          0x08000202   Section        0  libinit2.o(.ARM.Collect$$libinit$$00000013)
    .ARM.Collect$$libinit$$00000015          0x08000202   Section        0  libinit2.o(.ARM.Collect$$libinit$$00000015)
    .ARM.Collect$$libinit$$00000017          0x08000202   Section        0  libinit2.o(.ARM.Collect$$libinit$$00000017)
    .ARM.Collect$$libinit$$00000019          0x08000202   Section        0  libinit2.o(.ARM.Collect$$libinit$$00000019)
    .ARM.Collect$$libinit$$0000001B          0x08000202   Section        0  libinit2.o(.ARM.Collect$$libinit$$0000001B)
    .ARM.Collect$$libinit$$0000001D          0x08000202   Section        0  libinit2.o(.ARM.Collect$$libinit$$0000001D)
    .ARM.Collect$$libinit$$0000001F          0x08000202   Section        0  libinit2.o(.ARM.Collect$$libinit$$0000001F)
    .ARM.Collect$$libinit$$00000021          0x08000202   Section        0  libinit2.o(.ARM.Collect$$libinit$$00000021)
    .ARM.Collect$$libinit$$00000023          0x08000202   Section        0  libinit2.o(.ARM.Collect$$libinit$$00000023)
    .ARM.Collect$$libinit$$00000025          0x08000202   Section        0  libinit2.o(.ARM.Collect$$libinit$$00000025)
    .ARM.Collect$$libinit$$0000002C          0x08000202   Section        0  libinit2.o(.ARM.Collect$$libinit$$0000002C)
    .ARM.Collect$$libinit$$0000002E          0x08000202   Section        0  libinit2.o(.ARM.Collect$$libinit$$0000002E)
    .ARM.Collect$$libinit$$00000030          0x08000202   Section        0  libinit2.o(.ARM.Collect$$libinit$$00000030)
    .ARM.Collect$$libinit$$00000032          0x08000202   Section        0  libinit2.o(.ARM.Collect$$libinit$$00000032)
    .ARM.Collect$$libinit$$00000033          0x08000202   Section        2  libinit2.o(.ARM.Collect$$libinit$$00000033)
    .ARM.Collect$$libshutdown$$00000000      0x08000204   Section        2  libshutdown.o(.ARM.Collect$$libshutdown$$00000000)
    .ARM.Collect$$libshutdown$$00000002      0x08000206   Section        0  libshutdown2.o(.ARM.Collect$$libshutdown$$00000002)
    .ARM.Collect$$libshutdown$$00000004      0x08000206   Section        0  libshutdown2.o(.ARM.Collect$$libshutdown$$00000004)
    .ARM.Collect$$libshutdown$$00000007      0x08000206   Section        0  libshutdown2.o(.ARM.Collect$$libshutdown$$00000007)
    .ARM.Collect$$libshutdown$$0000000A      0x08000206   Section        0  libshutdown2.o(.ARM.Collect$$libshutdown$$0000000A)
    .ARM.Collect$$libshutdown$$0000000C      0x08000206   Section        0  libshutdown2.o(.ARM.Collect$$libshutdown$$0000000C)
    .ARM.Collect$$libshutdown$$0000000F      0x08000206   Section        0  libshutdown2.o(.ARM.Collect$$libshutdown$$0000000F)
    .ARM.Collect$$libshutdown$$00000010      0x08000206   Section        2  libshutdown2.o(.ARM.Collect$$libshutdown$$00000010)
    .ARM.Collect$$rtentry$$00000000          0x08000208   Section        0  __rtentry.o(.ARM.Collect$$rtentry$$00000000)
    .ARM.Collect$$rtentry$$00000002          0x08000208   Section        0  __rtentry2.o(.ARM.Collect$$rtentry$$00000002)
    .ARM.Collect$$rtentry$$00000004          0x08000208   Section        6  __rtentry4.o(.ARM.Collect$$rtentry$$00000004)
    .ARM.Collect$$rtentry$$00000009          0x0800020e   Section        0  __rtentry2.o(.ARM.Collect$$rtentry$$00000009)
    .ARM.Collect$$rtentry$$0000000A          0x0800020e   Section        4  __rtentry2.o(.ARM.Collect$$rtentry$$0000000A)
    .ARM.Collect$$rtentry$$0000000C          0x08000212   Section        0  __rtentry2.o(.ARM.Collect$$rtentry$$0000000C)
    .ARM.Collect$$rtentry$$0000000D          0x08000212   Section        8  __rtentry2.o(.ARM.Collect$$rtentry$$0000000D)
    .ARM.Collect$$rtexit$$00000000           0x0800021a   Section        2  rtexit.o(.ARM.Collect$$rtexit$$00000000)
    .ARM.Collect$$rtexit$$00000002           0x0800021c   Section        0  rtexit2.o(.ARM.Collect$$rtexit$$00000002)
    .ARM.Collect$$rtexit$$00000003           0x0800021c   Section        4  rtexit2.o(.ARM.Collect$$rtexit$$00000003)
    .ARM.Collect$$rtexit$$00000004           0x08000220   Section        6  rtexit2.o(.ARM.Collect$$rtexit$$00000004)
    .text                                    0x08000228   Section      308  os_cpu_a.o(.text)
    $v0                                      0x08000228   Number         0  os_cpu_a.o(.text)
    .text                                    0x0800035c   Section       64  startup_stm32f40_41xxx.o(.text)
    $v0                                      0x0800035c   Number         0  startup_stm32f40_41xxx.o(.text)
    .text                                    0x0800039c   Section        0  heapauxi.o(.text)
    .text                                    0x080003a2   Section       74  sys_stackheap_outer.o(.text)
    .text                                    0x080003ec   Section        0  exit.o(.text)
    .text                                    0x08000400   Section        8  libspace.o(.text)
    .text                                    0x08000408   Section        0  sys_exit.o(.text)
    .text                                    0x08000414   Section        2  use_no_semi.o(.text)
    .text                                    0x08000416   Section        0  indicate_semi.o(.text)
    i.App_TCBInitHook                        0x08000416   Section        0  app_hooks.o(i.App_TCBInitHook)
    i.App_TaskCreateHook                     0x08000418   Section        0  app_hooks.o(i.App_TaskCreateHook)
    i.App_TaskDelHook                        0x0800041a   Section        0  app_hooks.o(i.App_TaskDelHook)
    i.App_TaskIdleHook                       0x0800041c   Section        0  app_hooks.o(i.App_TaskIdleHook)
    i.App_TaskReturnHook                     0x0800041e   Section        0  app_hooks.o(i.App_TaskReturnHook)
    i.App_TaskStatHook                       0x08000420   Section        0  app_hooks.o(i.App_TaskStatHook)
    i.App_TaskSwHook                         0x08000422   Section        0  app_hooks.o(i.App_TaskSwHook)
    i.App_TimeTickHook                       0x08000424   Section        0  app_hooks.o(i.App_TimeTickHook)
    i.LED_Init                               0x08000428   Section        0  main.o(i.LED_Init)
    i.LED_Off                                0x08000454   Section        0  main.o(i.LED_Off)
    i.LED_On                                 0x08000468   Section        0  main.o(i.LED_On)
    i.OSEventNameSet                         0x0800047c   Section        0  os_core.o(i.OSEventNameSet)
    i.OSInit                                 0x080004f0   Section        0  os_core.o(i.OSInit)
    i.OSInitHookBegin                        0x08000524   Section        0  os_cpu_c.o(i.OSInitHookBegin)
    i.OSInitHookEnd                          0x08000580   Section        0  os_cpu_c.o(i.OSInitHookEnd)
    i.OSIntEnter                             0x08000584   Section        0  os_core.o(i.OSIntEnter)
    i.OSIntExit                              0x080005a8   Section        0  os_core.o(i.OSIntExit)
    i.OSSchedLock                            0x08000644   Section        0  os_core.o(i.OSSchedLock)
    i.OSSchedUnlock                          0x0800068c   Section        0  os_core.o(i.OSSchedUnlock)
    i.OSSemCreate                            0x080006fc   Section        0  os_sem.o(i.OSSemCreate)
    i.OSSemPend                              0x0800075c   Section        0  os_sem.o(i.OSSemPend)
    i.OSSemPost                              0x08000874   Section        0  os_sem.o(i.OSSemPost)
    i.OSStart                                0x080008e4   Section        0  os_core.o(i.OSStart)
    i.OSTCBInitHook                          0x0800092c   Section        0  os_cpu_c.o(i.OSTCBInitHook)
    i.OSTaskCreate                           0x08000938   Section        0  os_task.o(i.OSTaskCreate)
    i.OSTaskCreateExt                        0x08000a00   Section        0  os_task.o(i.OSTaskCreateExt)
    i.OSTaskCreateHook                       0x08000adc   Section        0  os_cpu_c.o(i.OSTaskCreateHook)
    i.OSTaskDel                              0x08000ae8   Section        0  os_task.o(i.OSTaskDel)
    i.OSTaskDelHook                          0x08000c70   Section        0  os_cpu_c.o(i.OSTaskDelHook)
    i.OSTaskIdleHook                         0x08000c7c   Section        0  os_cpu_c.o(i.OSTaskIdleHook)
    i.OSTaskNameSet                          0x08000c84   Section        0  os_task.o(i.OSTaskNameSet)
    i.OSTaskReturnHook                       0x08000d1c   Section        0  os_cpu_c.o(i.OSTaskReturnHook)
    i.OSTaskStatHook                         0x08000d28   Section        0  os_cpu_c.o(i.OSTaskStatHook)
    i.OSTaskStkChk                           0x08000d30   Section        0  os_task.o(i.OSTaskStkChk)
    i.OSTaskStkInit                          0x08000de0   Section        0  os_cpu_c.o(i.OSTaskStkInit)
    i.OSTaskSuspend                          0x0800100c   Section        0  os_task.o(i.OSTaskSuspend)
    i.OSTaskSwHook                           0x080010dc   Section        0  os_cpu_c.o(i.OSTaskSwHook)
    i.OSTimeDly                              0x08001100   Section        0  os_time.o(i.OSTimeDly)
    i.OSTimeTick                             0x08001184   Section        0  os_core.o(i.OSTimeTick)
    i.OSTimeTickHook                         0x08001284   Section        0  os_cpu_c.o(i.OSTimeTickHook)
    i.OSTmrSignal                            0x080012ac   Section        0  os_tmr.o(i.OSTmrSignal)
    i.OSTmr_Init                             0x080012c0   Section        0  os_tmr.o(i.OSTmr_Init)
    i.OSTmr_InitTask                         0x080013b4   Section        0  os_tmr.o(i.OSTmr_InitTask)
    OSTmr_InitTask                           0x080013b5   Thumb Code    50  os_tmr.o(i.OSTmr_InitTask)
    i.OSTmr_Link                             0x08001404   Section        0  os_tmr.o(i.OSTmr_Link)
    OSTmr_Link                               0x08001405   Thumb Code   106  os_tmr.o(i.OSTmr_Link)
    i.OSTmr_Task                             0x08001478   Section        0  os_tmr.o(i.OSTmr_Task)
    OSTmr_Task                               0x08001479   Thumb Code   120  os_tmr.o(i.OSTmr_Task)
    i.OSTmr_Unlink                           0x080014fc   Section        0  os_tmr.o(i.OSTmr_Unlink)
    OSTmr_Unlink                             0x080014fd   Thumb Code    68  os_tmr.o(i.OSTmr_Unlink)
    i.OS_CPU_SysTickHandler                  0x08001544   Section        0  os_cpu_c.o(i.OS_CPU_SysTickHandler)
    i.OS_Dummy                               0x0800156a   Section        0  os_core.o(i.OS_Dummy)
    i.OS_EventTaskRdy                        0x0800156c   Section        0  os_core.o(i.OS_EventTaskRdy)
    i.OS_EventTaskRemove                     0x08001600   Section        0  os_core.o(i.OS_EventTaskRemove)
    i.OS_EventTaskRemoveMulti                0x0800162e   Section        0  os_core.o(i.OS_EventTaskRemoveMulti)
    i.OS_EventTaskWait                       0x08001668   Section        0  os_core.o(i.OS_EventTaskWait)
    i.OS_EventWaitListInit                   0x080016e4   Section        0  os_core.o(i.OS_EventWaitListInit)
    i.OS_FlagInit                            0x08001700   Section        0  os_flag.o(i.OS_FlagInit)
    i.OS_FlagUnlink                          0x08001758   Section        0  os_flag.o(i.OS_FlagUnlink)
    i.OS_InitEventList                       0x0800177c   Section        0  os_core.o(i.OS_InitEventList)
    OS_InitEventList                         0x0800177d   Thumb Code    82  os_core.o(i.OS_InitEventList)
    i.OS_InitMisc                            0x080017dc   Section        0  os_core.o(i.OS_InitMisc)
    OS_InitMisc                              0x080017dd   Thumb Code    48  os_core.o(i.OS_InitMisc)
    i.OS_InitRdyList                         0x08001838   Section        0  os_core.o(i.OS_InitRdyList)
    OS_InitRdyList                           0x08001839   Thumb Code    44  os_core.o(i.OS_InitRdyList)
    i.OS_InitTCBList                         0x0800187c   Section        0  os_core.o(i.OS_InitTCBList)
    OS_InitTCBList                           0x0800187d   Thumb Code   106  os_core.o(i.OS_InitTCBList)
    i.OS_InitTaskIdle                        0x080018fc   Section        0  os_core.o(i.OS_InitTaskIdle)
    OS_InitTaskIdle                          0x080018fd   Thumb Code    50  os_core.o(i.OS_InitTaskIdle)
    i.OS_InitTaskStat                        0x0800194c   Section        0  os_core.o(i.OS_InitTaskStat)
    OS_InitTaskStat                          0x0800194d   Thumb Code    50  os_core.o(i.OS_InitTaskStat)
    i.OS_MemClr                              0x0800199c   Section        0  os_core.o(i.OS_MemClr)
    i.OS_MemInit                             0x080019b0   Section        0  os_mem.o(i.OS_MemInit)
    i.OS_QInit                               0x08001a08   Section        0  os_q.o(i.OS_QInit)
    i.OS_Sched                               0x08001a58   Section        0  os_core.o(i.OS_Sched)
    i.OS_SchedNew                            0x08001ad8   Section        0  os_core.o(i.OS_SchedNew)
    OS_SchedNew                              0x08001ad9   Thumb Code    26  os_core.o(i.OS_SchedNew)
    i.OS_TCBInit                             0x08001b04   Section        0  os_core.o(i.OS_TCBInit)
    i.OS_TaskIdle                            0x08001c6c   Section        0  os_core.o(i.OS_TaskIdle)
    i.OS_TaskReturn                          0x08001c9c   Section        0  os_task.o(i.OS_TaskReturn)
    i.OS_TaskStat                            0x08001cb4   Section        0  os_core.o(i.OS_TaskStat)
    i.OS_TaskStatStkChk                      0x08001da4   Section        0  os_core.o(i.OS_TaskStatStkChk)
    i.OS_TaskStkClr                          0x08001de0   Section        0  os_task.o(i.OS_TaskStkClr)
    i.SystemInit                             0x08001dfc   Section        0  main.o(i.SystemInit)
    i.Task_LEDOff                            0x08001ed8   Section        0  main.o(i.Task_LEDOff)
    i.Task_LEDOn                             0x08001ee8   Section        0  main.o(i.Task_LEDOn)
    i.main                                   0x08001ef8   Section        0  main.o(i.main)
    x$fpl$fpinit                             0x08001f38   Section       10  fpinit.o(x$fpl$fpinit)
    $v0                                      0x08001f38   Number         0  fpinit.o(x$fpl$fpinit)
    .constdata                               0x08001f42   Section      256  os_core.o(.constdata)
    .data                                    0x20000000   Section      100  os_core.o(.data)
    .data                                    0x20000064   Section       12  os_cpu_c.o(.data)
    OSTmrCtr                                 0x20000068   Data           2  os_cpu_c.o(.data)
    .bss                                     0x20000070   Section     5048  os_core.o(.bss)
    .bss                                     0x20001428   Section     1024  os_cpu_c.o(.bss)
    .bss                                     0x20001828   Section     1024  main.o(.bss)
    .bss                                     0x20001c28   Section       96  libspace.o(.bss)
    HEAP                                     0x20001c88   Section      512  startup_stm32f40_41xxx.o(HEAP)
    Heap_Mem                                 0x20001c88   Data         512  startup_stm32f40_41xxx.o(HEAP)
    STACK                                    0x20001e88   Section     1024  startup_stm32f40_41xxx.o(STACK)
    Stack_Mem                                0x20001e88   Data        1024  startup_stm32f40_41xxx.o(STACK)
    __initial_sp                             0x20002288   Data           0  startup_stm32f40_41xxx.o(STACK)

    Global Symbols

    Symbol Name                              Value     Ov Type        Size  Object(Section)

    BuildAttributes$$THM_ISAv4$E$P$D$K$B$S$7EM$VFPi3$EXTD16$VFPS$VFMA$PE$A:L22UL41UL21$X:L11$S22US41US21$IEEE1$IW$USESV6$~STKCKD$USESV7$~SHL$OSPACE$ROPI$EBA8$UX$STANDARDLIB$REQ8$PRES8$EABIv2 0x00000000   Number         0  anon$$obj.o ABSOLUTE
    __ARM_use_no_argv                        0x00000000   Number         0  main.o ABSOLUTE
    __ARM_exceptions_init                     - Undefined Weak Reference
    __alloca_initialize                       - Undefined Weak Reference
    __arm_preinit_                            - Undefined Weak Reference
    __cpp_initialize__aeabi_                  - Undefined Weak Reference
    __cxa_finalize                            - Undefined Weak Reference
    __rt_locale                               - Undefined Weak Reference
    __sigvec_lookup                           - Undefined Weak Reference
    _atexit_init                              - Undefined Weak Reference
    _call_atexit_fns                          - Undefined Weak Reference
    _clock_init                               - Undefined Weak Reference
    _fp_trap_init                             - Undefined Weak Reference
    _fp_trap_shutdown                         - Undefined Weak Reference
    _get_lc_collate                           - Undefined Weak Reference
    _get_lc_ctype                             - Undefined Weak Reference
    _get_lc_monetary                          - Undefined Weak Reference
    _get_lc_numeric                           - Undefined Weak Reference
    _get_lc_time                              - Undefined Weak Reference
    _getenv_init                              - Undefined Weak Reference
    _handle_redirection                       - Undefined Weak Reference
    _init_alloc                               - Undefined Weak Reference
    _init_user_alloc                          - Undefined Weak Reference
    _initio                                   - Undefined Weak Reference
    _rand_init                                - Undefined Weak Reference
    _signal_finish                            - Undefined Weak Reference
    _signal_init                              - Undefined Weak Reference
    _terminate_alloc                          - Undefined Weak Reference
    _terminate_user_alloc                     - Undefined Weak Reference
    _terminateio                              - Undefined Weak Reference
    __Vectors_Size                           0x00000188   Number         0  startup_stm32f40_41xxx.o ABSOLUTE
    __Vectors                                0x08000000   Data           4  startup_stm32f40_41xxx.o(RESET)
    __Vectors_End                            0x08000188   Data           0  startup_stm32f40_41xxx.o(RESET)
    __main                                   0x08000189   Thumb Code     8  __main.o(!!!main)
    __scatterload                            0x08000191   Thumb Code     0  __scatter.o(!!!scatter)
    __scatterload_rt2                        0x08000191   Thumb Code    44  __scatter.o(!!!scatter)
    __scatterload_rt2_thumb_only             0x08000191   Thumb Code     0  __scatter.o(!!!scatter)
    __scatterload_null                       0x0800019f   Thumb Code     0  __scatter.o(!!!scatter)
    __scatterload_copy                       0x080001c5   Thumb Code    26  __scatter_copy.o(!!handler_copy)
    __scatterload_zeroinit                   0x080001e1   Thumb Code    28  __scatter_zi.o(!!handler_zi)
    __rt_lib_init                            0x080001fd   Thumb Code     0  libinit.o(.ARM.Collect$$libinit$$00000000)
    __rt_lib_init_fp_1                       0x080001ff   Thumb Code     0  libinit2.o(.ARM.Collect$$libinit$$00000001)
    __rt_lib_init_alloca_1                   0x08000203   Thumb Code     0  libinit2.o(.ARM.Collect$$libinit$$0000002E)
    __rt_lib_init_argv_1                     0x08000203   Thumb Code     0  libinit2.o(.ARM.Collect$$libinit$$0000002C)
    __rt_lib_init_atexit_1                   0x08000203   Thumb Code     0  libinit2.o(.ARM.Collect$$libinit$$0000001B)
    __rt_lib_init_clock_1                    0x08000203   Thumb Code     0  libinit2.o(.ARM.Collect$$libinit$$00000021)
    __rt_lib_init_cpp_1                      0x08000203   Thumb Code     0  libinit2.o(.ARM.Collect$$libinit$$00000032)
    __rt_lib_init_exceptions_1               0x08000203   Thumb Code     0  libinit2.o(.ARM.Collect$$libinit$$00000030)
    __rt_lib_init_fp_trap_1                  0x08000203   Thumb Code     0  libinit2.o(.ARM.Collect$$libinit$$0000001F)
    __rt_lib_init_getenv_1                   0x08000203   Thumb Code     0  libinit2.o(.ARM.Collect$$libinit$$00000023)
    __rt_lib_init_heap_1                     0x08000203   Thumb Code     0  libinit2.o(.ARM.Collect$$libinit$$0000000A)
    __rt_lib_init_lc_collate_1               0x08000203   Thumb Code     0  libinit2.o(.ARM.Collect$$libinit$$00000011)
    __rt_lib_init_lc_ctype_1                 0x08000203   Thumb Code     0  libinit2.o(.ARM.Collect$$libinit$$00000013)
    __rt_lib_init_lc_monetary_1              0x08000203   Thumb Code     0  libinit2.o(.ARM.Collect$$libinit$$00000015)
    __rt_lib_init_lc_numeric_1               0x08000203   Thumb Code     0  libinit2.o(.ARM.Collect$$libinit$$00000017)
    __rt_lib_init_lc_time_1                  0x08000203   Thumb Code     0  libinit2.o(.ARM.Collect$$libinit$$00000019)
    __rt_lib_init_preinit_1                  0x08000203   Thumb Code     0  libinit2.o(.ARM.Collect$$libinit$$00000004)
    __rt_lib_init_rand_1                     0x08000203   Thumb Code     0  libinit2.o(.ARM.Collect$$libinit$$0000000E)
    __rt_lib_init_return                     0x08000203   Thumb Code     0  libinit2.o(.ARM.Collect$$libinit$$00000033)
    __rt_lib_init_signal_1                   0x08000203   Thumb Code     0  libinit2.o(.ARM.Collect$$libinit$$0000001D)
    __rt_lib_init_stdio_1                    0x08000203   Thumb Code     0  libinit2.o(.ARM.Collect$$libinit$$00000025)
    __rt_lib_init_user_alloc_1               0x08000203   Thumb Code     0  libinit2.o(.ARM.Collect$$libinit$$0000000C)
    __rt_lib_shutdown                        0x08000205   Thumb Code     0  libshutdown.o(.ARM.Collect$$libshutdown$$00000000)
    __rt_lib_shutdown_cpp_1                  0x08000207   Thumb Code     0  libshutdown2.o(.ARM.Collect$$libshutdown$$00000002)
    __rt_lib_shutdown_fp_trap_1              0x08000207   Thumb Code     0  libshutdown2.o(.ARM.Collect$$libshutdown$$00000007)
    __rt_lib_shutdown_heap_1                 0x08000207   Thumb Code     0  libshutdown2.o(.ARM.Collect$$libshutdown$$0000000F)
    __rt_lib_shutdown_return                 0x08000207   Thumb Code     0  libshutdown2.o(.ARM.Collect$$libshutdown$$00000010)
    __rt_lib_shutdown_signal_1               0x08000207   Thumb Code     0  libshutdown2.o(.ARM.Collect$$libshutdown$$0000000A)
    __rt_lib_shutdown_stdio_1                0x08000207   Thumb Code     0  libshutdown2.o(.ARM.Collect$$libshutdown$$00000004)
    __rt_lib_shutdown_user_alloc_1           0x08000207   Thumb Code     0  libshutdown2.o(.ARM.Collect$$libshutdown$$0000000C)
    __rt_entry                               0x08000209   Thumb Code     0  __rtentry.o(.ARM.Collect$$rtentry$$00000000)
    __rt_entry_presh_1                       0x08000209   Thumb Code     0  __rtentry2.o(.ARM.Collect$$rtentry$$00000002)
    __rt_entry_sh                            0x08000209   Thumb Code     0  __rtentry4.o(.ARM.Collect$$rtentry$$00000004)
    __rt_entry_li                            0x0800020f   Thumb Code     0  __rtentry2.o(.ARM.Collect$$rtentry$$0000000A)
    __rt_entry_postsh_1                      0x0800020f   Thumb Code     0  __rtentry2.o(.ARM.Collect$$rtentry$$00000009)
    __rt_entry_main                          0x08000213   Thumb Code     0  __rtentry2.o(.ARM.Collect$$rtentry$$0000000D)
    __rt_entry_postli_1                      0x08000213   Thumb Code     0  __rtentry2.o(.ARM.Collect$$rtentry$$0000000C)
    __rt_exit                                0x0800021b   Thumb Code     0  rtexit.o(.ARM.Collect$$rtexit$$00000000)
    __rt_exit_ls                             0x0800021d   Thumb Code     0  rtexit2.o(.ARM.Collect$$rtexit$$00000003)
    __rt_exit_prels_1                        0x0800021d   Thumb Code     0  rtexit2.o(.ARM.Collect$$rtexit$$00000002)
    __rt_exit_exit                           0x08000221   Thumb Code     0  rtexit2.o(.ARM.Collect$$rtexit$$00000004)
    OS_CPU_FP_Reg_Push                       0x08000229   Thumb Code     0  os_cpu_a.o(.text)
    OS_CPU_FP_Reg_Pop                        0x0800023b   Thumb Code     0  os_cpu_a.o(.text)
    OS_CPU_SR_Save                           0x08000247   Thumb Code     0  os_cpu_a.o(.text)
    OS_CPU_SR_Restore                        0x08000263   Thumb Code     0  os_cpu_a.o(.text)
    OSStartHighRdy                           0x08000275   Thumb Code     0  os_cpu_a.o(.text)
    OSCtxSw                                  0x080002cd   Thumb Code     0  os_cpu_a.o(.text)
    OSIntCtxSw                               0x080002cd   Thumb Code     0  os_cpu_a.o(.text)
    OS_CPU_PendSVHandler                     0x080002d7   Thumb Code     0  os_cpu_a.o(.text)
    Reset_Handler                            0x0800035d   Thumb Code     8  startup_stm32f40_41xxx.o(.text)
    NMI_Handler                              0x08000365   Thumb Code     2  startup_stm32f40_41xxx.o(.text)
    HardFault_Handler                        0x08000367   Thumb Code     2  startup_stm32f40_41xxx.o(.text)
    MemManage_Handler                        0x08000369   Thumb Code     2  startup_stm32f40_41xxx.o(.text)
    BusFault_Handler                         0x0800036b   Thumb Code     2  startup_stm32f40_41xxx.o(.text)
    UsageFault_Handler                       0x0800036d   Thumb Code     2  startup_stm32f40_41xxx.o(.text)
    SVC_Handler                              0x0800036f   Thumb Code     2  startup_stm32f40_41xxx.o(.text)
    DebugMon_Handler                         0x08000371   Thumb Code     2  startup_stm32f40_41xxx.o(.text)
    ADC_IRQHandler                           0x08000377   Thumb Code     0  startup_stm32f40_41xxx.o(.text)
    CAN1_RX0_IRQHandler                      0x08000377   Thumb Code     0  startup_stm32f40_41xxx.o(.text)
    CAN1_RX1_IRQHandler                      0x08000377   Thumb Code     0  startup_stm32f40_41xxx.o(.text)
    CAN1_SCE_IRQHandler                      0x08000377   Thumb Code     0  startup_stm32f40_41xxx.o(.text)
    CAN1_TX_IRQHandler                       0x08000377   Thumb Code     0  startup_stm32f40_41xxx.o(.text)
    CAN2_RX0_IRQHandler                      0x08000377   Thumb Code     0  startup_stm32f40_41xxx.o(.text)
    CAN2_RX1_IRQHandler                      0x08000377   Thumb Code     0  startup_stm32f40_41xxx.o(.text)
    CAN2_SCE_IRQHandler                      0x08000377   Thumb Code     0  startup_stm32f40_41xxx.o(.text)
    CAN2_TX_IRQHandler                       0x08000377   Thumb Code     0  startup_stm32f40_41xxx.o(.text)
    CRYP_IRQHandler                          0x08000377   Thumb Code     0  startup_stm32f40_41xxx.o(.text)
    DCMI_IRQHandler                          0x08000377   Thumb Code     0  startup_stm32f40_41xxx.o(.text)
    DMA1_Stream0_IRQHandler                  0x08000377   Thumb Code     0  startup_stm32f40_41xxx.o(.text)
    DMA1_Stream1_IRQHandler                  0x08000377   Thumb Code     0  startup_stm32f40_41xxx.o(.text)
    DMA1_Stream2_IRQHandler                  0x08000377   Thumb Code     0  startup_stm32f40_41xxx.o(.text)
    DMA1_Stream3_IRQHandler                  0x08000377   Thumb Code     0  startup_stm32f40_41xxx.o(.text)
    DMA1_Stream4_IRQHandler                  0x08000377   Thumb Code     0  startup_stm32f40_41xxx.o(.text)
    DMA1_Stream5_IRQHandler                  0x08000377   Thumb Code     0  startup_stm32f40_41xxx.o(.text)
    DMA1_Stream6_IRQHandler                  0x08000377   Thumb Code     0  startup_stm32f40_41xxx.o(.text)
    DMA1_Stream7_IRQHandler                  0x08000377   Thumb Code     0  startup_stm32f40_41xxx.o(.text)
    DMA2_Stream0_IRQHandler                  0x08000377   Thumb Code     0  startup_stm32f40_41xxx.o(.text)
    DMA2_Stream1_IRQHandler                  0x08000377   Thumb Code     0  startup_stm32f40_41xxx.o(.text)
    DMA2_Stream2_IRQHandler                  0x08000377   Thumb Code     0  startup_stm32f40_41xxx.o(.text)
    DMA2_Stream3_IRQHandler                  0x08000377   Thumb Code     0  startup_stm32f40_41xxx.o(.text)
    DMA2_Stream4_IRQHandler                  0x08000377   Thumb Code     0  startup_stm32f40_41xxx.o(.text)
    DMA2_Stream5_IRQHandler                  0x08000377   Thumb Code     0  startup_stm32f40_41xxx.o(.text)
    DMA2_Stream6_IRQHandler                  0x08000377   Thumb Code     0  startup_stm32f40_41xxx.o(.text)
    DMA2_Stream7_IRQHandler                  0x08000377   Thumb Code     0  startup_stm32f40_41xxx.o(.text)
    ETH_IRQHandler                           0x08000377   Thumb Code     0  startup_stm32f40_41xxx.o(.text)
    ETH_WKUP_IRQHandler                      0x08000377   Thumb Code     0  startup_stm32f40_41xxx.o(.text)
    EXTI0_IRQHandler                         0x08000377   Thumb Code     0  startup_stm32f40_41xxx.o(.text)
    EXTI15_10_IRQHandler                     0x08000377   Thumb Code     0  startup_stm32f40_41xxx.o(.text)
    EXTI1_IRQHandler                         0x08000377   Thumb Code     0  startup_stm32f40_41xxx.o(.text)
    EXTI2_IRQHandler                         0x08000377   Thumb Code     0  startup_stm32f40_41xxx.o(.text)
    EXTI3_IRQHandler                         0x08000377   Thumb Code     0  startup_stm32f40_41xxx.o(.text)
    EXTI4_IRQHandler                         0x08000377   Thumb Code     0  startup_stm32f40_41xxx.o(.text)
    EXTI9_5_IRQHandler                       0x08000377   Thumb Code     0  startup_stm32f40_41xxx.o(.text)
    FLASH_IRQHandler                         0x08000377   Thumb Code     0  startup_stm32f40_41xxx.o(.text)
    FPU_IRQHandler                           0x08000377   Thumb Code     0  startup_stm32f40_41xxx.o(.text)
    FSMC_IRQHandler                          0x08000377   Thumb Code     0  startup_stm32f40_41xxx.o(.text)
    HASH_RNG_IRQHandler                      0x08000377   Thumb Code     0  startup_stm32f40_41xxx.o(.text)
    I2C1_ER_IRQHandler                       0x08000377   Thumb Code     0  startup_stm32f40_41xxx.o(.text)
    I2C1_EV_IRQHandler                       0x08000377   Thumb Code     0  startup_stm32f40_41xxx.o(.text)
    I2C2_ER_IRQHandler                       0x08000377   Thumb Code     0  startup_stm32f40_41xxx.o(.text)
    I2C2_EV_IRQHandler                       0x08000377   Thumb Code     0  startup_stm32f40_41xxx.o(.text)
    I2C3_ER_IRQHandler                       0x08000377   Thumb Code     0  startup_stm32f40_41xxx.o(.text)
    I2C3_EV_IRQHandler                       0x08000377   Thumb Code     0  startup_stm32f40_41xxx.o(.text)
    OTG_FS_IRQHandler                        0x08000377   Thumb Code     0  startup_stm32f40_41xxx.o(.text)
    OTG_FS_WKUP_IRQHandler                   0x08000377   Thumb Code     0  startup_stm32f40_41xxx.o(.text)
    OTG_HS_EP1_IN_IRQHandler                 0x08000377   Thumb Code     0  startup_stm32f40_41xxx.o(.text)
    OTG_HS_EP1_OUT_IRQHandler                0x08000377   Thumb Code     0  startup_stm32f40_41xxx.o(.text)
    OTG_HS_IRQHandler                        0x08000377   Thumb Code     0  startup_stm32f40_41xxx.o(.text)
    OTG_HS_WKUP_IRQHandler                   0x08000377   Thumb Code     0  startup_stm32f40_41xxx.o(.text)
    PVD_IRQHandler                           0x08000377   Thumb Code     0  startup_stm32f40_41xxx.o(.text)
    RCC_IRQHandler                           0x08000377   Thumb Code     0  startup_stm32f40_41xxx.o(.text)
    RTC_Alarm_IRQHandler                     0x08000377   Thumb Code     0  startup_stm32f40_41xxx.o(.text)
    RTC_WKUP_IRQHandler                      0x08000377   Thumb Code     0  startup_stm32f40_41xxx.o(.text)
    SDIO_IRQHandler                          0x08000377   Thumb Code     0  startup_stm32f40_41xxx.o(.text)
    SPI1_IRQHandler                          0x08000377   Thumb Code     0  startup_stm32f40_41xxx.o(.text)
    SPI2_IRQHandler                          0x08000377   Thumb Code     0  startup_stm32f40_41xxx.o(.text)
    SPI3_IRQHandler                          0x08000377   Thumb Code     0  startup_stm32f40_41xxx.o(.text)
    TAMP_STAMP_IRQHandler                    0x08000377   Thumb Code     0  startup_stm32f40_41xxx.o(.text)
    TIM1_BRK_TIM9_IRQHandler                 0x08000377   Thumb Code     0  startup_stm32f40_41xxx.o(.text)
    TIM1_CC_IRQHandler                       0x08000377   Thumb Code     0  startup_stm32f40_41xxx.o(.text)
    TIM1_TRG_COM_TIM11_IRQHandler            0x08000377   Thumb Code     0  startup_stm32f40_41xxx.o(.text)
    TIM1_UP_TIM10_IRQHandler                 0x08000377   Thumb Code     0  startup_stm32f40_41xxx.o(.text)
    TIM2_IRQHandler                          0x08000377   Thumb Code     0  startup_stm32f40_41xxx.o(.text)
    TIM3_IRQHandler                          0x08000377   Thumb Code     0  startup_stm32f40_41xxx.o(.text)
    TIM4_IRQHandler                          0x08000377   Thumb Code     0  startup_stm32f40_41xxx.o(.text)
    TIM5_IRQHandler                          0x08000377   Thumb Code     0  startup_stm32f40_41xxx.o(.text)
    TIM6_DAC_IRQHandler                      0x08000377   Thumb Code     0  startup_stm32f40_41xxx.o(.text)
    TIM7_IRQHandler                          0x08000377   Thumb Code     0  startup_stm32f40_41xxx.o(.text)
    TIM8_BRK_TIM12_IRQHandler                0x08000377   Thumb Code     0  startup_stm32f40_41xxx.o(.text)
    TIM8_CC_IRQHandler                       0x08000377   Thumb Code     0  startup_stm32f40_41xxx.o(.text)
    TIM8_TRG_COM_TIM14_IRQHandler            0x08000377   Thumb Code     0  startup_stm32f40_41xxx.o(.text)
    TIM8_UP_TIM13_IRQHandler                 0x08000377   Thumb Code     0  startup_stm32f40_41xxx.o(.text)
    UART4_IRQHandler                         0x08000377   Thumb Code     0  startup_stm32f40_41xxx.o(.text)
    UART5_IRQHandler                         0x08000377   Thumb Code     0  startup_stm32f40_41xxx.o(.text)
    USART1_IRQHandler                        0x08000377   Thumb Code     0  startup_stm32f40_41xxx.o(.text)
    USART2_IRQHandler                        0x08000377   Thumb Code     0  startup_stm32f40_41xxx.o(.text)
    USART3_IRQHandler                        0x08000377   Thumb Code     0  startup_stm32f40_41xxx.o(.text)
    USART6_IRQHandler                        0x08000377   Thumb Code     0  startup_stm32f40_41xxx.o(.text)
    WWDG_IRQHandler                          0x08000377   Thumb Code     0  startup_stm32f40_41xxx.o(.text)
    __user_initial_stackheap                 0x08000379   Thumb Code     0  startup_stm32f40_41xxx.o(.text)
    __use_two_region_memory                  0x0800039d   Thumb Code     2  heapauxi.o(.text)
    __rt_heap_escrow$2region                 0x0800039f   Thumb Code     2  heapauxi.o(.text)
    __rt_heap_expand$2region                 0x080003a1   Thumb Code     2  heapauxi.o(.text)
    __user_setup_stackheap                   0x080003a3   Thumb Code    74  sys_stackheap_outer.o(.text)
    exit                                     0x080003ed   Thumb Code    18  exit.o(.text)
    __user_libspace                          0x08000401   Thumb Code     8  libspace.o(.text)
    __user_perproc_libspace                  0x08000401   Thumb Code     0  libspace.o(.text)
    __user_perthread_libspace                0x08000401   Thumb Code     0  libspace.o(.text)
    _sys_exit                                0x08000409   Thumb Code     8  sys_exit.o(.text)
    __I$use$semihosting                      0x08000415   Thumb Code     0  use_no_semi.o(.text)
    __use_no_semihosting_swi                 0x08000415   Thumb Code     2  use_no_semi.o(.text)
    App_TCBInitHook                          0x08000417   Thumb Code     2  app_hooks.o(i.App_TCBInitHook)
    __semihosting_library_function           0x08000417   Thumb Code     0  indicate_semi.o(.text)
    App_TaskCreateHook                       0x08000419   Thumb Code     2  app_hooks.o(i.App_TaskCreateHook)
    App_TaskDelHook                          0x0800041b   Thumb Code     2  app_hooks.o(i.App_TaskDelHook)
    App_TaskIdleHook                         0x0800041d   Thumb Code     2  app_hooks.o(i.App_TaskIdleHook)
    App_TaskReturnHook                       0x0800041f   Thumb Code     2  app_hooks.o(i.App_TaskReturnHook)
    App_TaskStatHook                         0x08000421   Thumb Code     2  app_hooks.o(i.App_TaskStatHook)
    App_TaskSwHook                           0x08000423   Thumb Code     2  app_hooks.o(i.App_TaskSwHook)
    App_TimeTickHook                         0x08000425   Thumb Code     2  app_hooks.o(i.App_TimeTickHook)
    LED_Init                                 0x08000429   Thumb Code    36  main.o(i.LED_Init)
    LED_Off                                  0x08000455   Thumb Code    14  main.o(i.LED_Off)
    LED_On                                   0x08000469   Thumb Code    14  main.o(i.LED_On)
    OSEventNameSet                           0x0800047d   Thumb Code   110  os_core.o(i.OSEventNameSet)
    OSInit                                   0x080004f1   Thumb Code    52  os_core.o(i.OSInit)
    OSInitHookBegin                          0x08000525   Thumb Code    68  os_cpu_c.o(i.OSInitHookBegin)
    OSInitHookEnd                            0x08000581   Thumb Code     2  os_cpu_c.o(i.OSInitHookEnd)
    OSIntEnter                               0x08000585   Thumb Code    28  os_core.o(i.OSIntEnter)
    OSIntExit                                0x080005a9   Thumb Code   122  os_core.o(i.OSIntExit)
    OSSchedLock                              0x08000645   Thumb Code    60  os_core.o(i.OSSchedLock)
    OSSchedUnlock                            0x0800068d   Thumb Code   100  os_core.o(i.OSSchedUnlock)
    OSSemCreate                              0x080006fd   Thumb Code    82  os_sem.o(i.OSSemCreate)
    OSSemPend                                0x0800075d   Thumb Code   266  os_sem.o(i.OSSemPend)
    OSSemPost                                0x08000875   Thumb Code   112  os_sem.o(i.OSSemPost)
    OSStart                                  0x080008e5   Thumb Code    48  os_core.o(i.OSStart)
    OSTCBInitHook                            0x0800092d   Thumb Code    12  os_cpu_c.o(i.OSTCBInitHook)
    OSTaskCreate                             0x08000939   Thumb Code   186  os_task.o(i.OSTaskCreate)
    OSTaskCreateExt                          0x08000a01   Thumb Code   206  os_task.o(i.OSTaskCreateExt)
    OSTaskCreateHook                         0x08000add   Thumb Code    12  os_cpu_c.o(i.OSTaskCreateHook)
    OSTaskDel                                0x08000ae9   Thumb Code   346  os_task.o(i.OSTaskDel)
    OSTaskDelHook                            0x08000c71   Thumb Code    12  os_cpu_c.o(i.OSTaskDelHook)
    OSTaskIdleHook                           0x08000c7d   Thumb Code     8  os_cpu_c.o(i.OSTaskIdleHook)
    OSTaskNameSet                            0x08000c85   Thumb Code   138  os_task.o(i.OSTaskNameSet)
    OSTaskReturnHook                         0x08000d1d   Thumb Code    12  os_cpu_c.o(i.OSTaskReturnHook)
    OSTaskStatHook                           0x08000d29   Thumb Code     8  os_cpu_c.o(i.OSTaskStatHook)
    OSTaskStkChk                             0x08000d31   Thumb Code   168  os_task.o(i.OSTaskStkChk)
    OSTaskStkInit                            0x08000de1   Thumb Code   446  os_cpu_c.o(i.OSTaskStkInit)
    OSTaskSuspend                            0x0800100d   Thumb Code   190  os_task.o(i.OSTaskSuspend)
    OSTaskSwHook                             0x080010dd   Thumb Code    28  os_cpu_c.o(i.OSTaskSwHook)
    OSTimeDly                                0x08001101   Thumb Code   110  os_time.o(i.OSTimeDly)
    OSTimeTick                               0x08001185   Thumb Code   230  os_core.o(i.OSTimeTick)
    OSTimeTickHook                           0x08001285   Thumb Code    34  os_cpu_c.o(i.OSTimeTickHook)
    OSTmrSignal                              0x080012ad   Thumb Code    16  os_tmr.o(i.OSTmrSignal)
    OSTmr_Init                               0x080012c1   Thumb Code   168  os_tmr.o(i.OSTmr_Init)
    OS_CPU_SysTickHandler                    0x08001545   Thumb Code    38  os_cpu_c.o(i.OS_CPU_SysTickHandler)
    OS_Dummy                                 0x0800156b   Thumb Code     2  os_core.o(i.OS_Dummy)
    OS_EventTaskRdy                          0x0800156d   Thumb Code   132  os_core.o(i.OS_EventTaskRdy)
    OS_EventTaskRemove                       0x08001601   Thumb Code    46  os_core.o(i.OS_EventTaskRemove)
    OS_EventTaskRemoveMulti                  0x0800162f   Thumb Code    58  os_core.o(i.OS_EventTaskRemoveMulti)
    OS_EventTaskWait                         0x08001669   Thumb Code   112  os_core.o(i.OS_EventTaskWait)
    OS_EventWaitListInit                     0x080016e5   Thumb Code    28  os_core.o(i.OS_EventWaitListInit)
    OS_FlagInit                              0x08001701   Thumb Code    74  os_flag.o(i.OS_FlagInit)
    OS_FlagUnlink                            0x08001759   Thumb Code    36  os_flag.o(i.OS_FlagUnlink)
    OS_MemClr                                0x0800199d   Thumb Code    18  os_core.o(i.OS_MemClr)
    OS_MemInit                               0x080019b1   Thumb Code    74  os_mem.o(i.OS_MemInit)
    OS_QInit                                 0x08001a09   Thumb Code    72  os_q.o(i.OS_QInit)
    OS_Sched                                 0x08001a59   Thumb Code    98  os_core.o(i.OS_Sched)
    OS_TCBInit                               0x08001b05   Thumb Code   330  os_core.o(i.OS_TCBInit)
    OS_TaskIdle                              0x08001c6d   Thumb Code    42  os_core.o(i.OS_TaskIdle)
    OS_TaskReturn                            0x08001c9d   Thumb Code    18  os_task.o(i.OS_TaskReturn)
    OS_TaskStat                              0x08001cb5   Thumb Code   218  os_core.o(i.OS_TaskStat)
    OS_TaskStatStkChk                        0x08001da5   Thumb Code    54  os_core.o(i.OS_TaskStatStkChk)
    OS_TaskStkClr                            0x08001de1   Thumb Code    26  os_task.o(i.OS_TaskStkClr)
    SystemInit                               0x08001dfd   Thumb Code   202  main.o(i.SystemInit)
    Task_LEDOff                              0x08001ed9   Thumb Code    16  main.o(i.Task_LEDOff)
    Task_LEDOn                               0x08001ee9   Thumb Code    16  main.o(i.Task_LEDOn)
    main                                     0x08001ef9   Thumb Code    46  main.o(i.main)
    _fp_init                                 0x08001f39   Thumb Code    10  fpinit.o(x$fpl$fpinit)
    __fplib_config_fpu_vfp                   0x08001f41   Thumb Code     0  fpinit.o(x$fpl$fpinit)
    __fplib_config_pureend_doubles           0x08001f41   Thumb Code     0  fpinit.o(x$fpl$fpinit)
    OSUnMapTbl                               0x08001f42   Data         256  os_core.o(.constdata)
    Region$$Table$$Base                      0x08002044   Number         0  anon$$obj.o(Region$$Table)
    Region$$Table$$Limit                     0x08002064   Number         0  anon$$obj.o(Region$$Table)
    OSCtxSwCtr                               0x20000000   Data           4  os_core.o(.data)
    OSEventFreeList                          0x20000004   Data           4  os_core.o(.data)
    OSFlagFreeList                           0x20000008   Data           4  os_core.o(.data)
    OSCPUUsage                               0x2000000c   Data           1  os_core.o(.data)
    OSIdleCtrMax                             0x20000010   Data           4  os_core.o(.data)
    OSIdleCtrRun                             0x20000014   Data           4  os_core.o(.data)
    OSStatRdy                                0x20000018   Data           1  os_core.o(.data)
    OSIntNesting                             0x20000019   Data           1  os_core.o(.data)
    OSLockNesting                            0x2000001a   Data           1  os_core.o(.data)
    OSPrioCur                                0x2000001b   Data           1  os_core.o(.data)
    OSPrioHighRdy                            0x2000001c   Data           1  os_core.o(.data)
    OSRdyGrp                                 0x2000001d   Data           1  os_core.o(.data)
    OSRdyTbl                                 0x2000001e   Data           8  os_core.o(.data)
    OSRunning                                0x20000026   Data           1  os_core.o(.data)
    OSTaskCtr                                0x20000027   Data           1  os_core.o(.data)
    OSIdleCtr                                0x20000028   Data           4  os_core.o(.data)
    OSTCBCur                                 0x2000002c   Data           4  os_core.o(.data)
    OSTCBFreeList                            0x20000030   Data           4  os_core.o(.data)
    OSTCBHighRdy                             0x20000034   Data           4  os_core.o(.data)
    OSTCBList                                0x20000038   Data           4  os_core.o(.data)
    OSTickStepState                          0x2000003c   Data           1  os_core.o(.data)
    OSMemFreeList                            0x20000040   Data           4  os_core.o(.data)
    OSQFreeList                              0x20000044   Data           4  os_core.o(.data)
    OSTaskRegNextAvailID                     0x20000048   Data           1  os_core.o(.data)
    OSTime                                   0x2000004c   Data           4  os_core.o(.data)
    OSTmrFree                                0x20000050   Data           2  os_core.o(.data)
    OSTmrUsed                                0x20000052   Data           2  os_core.o(.data)
    OSTmrTime                                0x20000054   Data           4  os_core.o(.data)
    OSTmrSem                                 0x20000058   Data           4  os_core.o(.data)
    OSTmrSemSignal                           0x2000005c   Data           4  os_core.o(.data)
    OSTmrFreeList                            0x20000060   Data           4  os_core.o(.data)
    OS_CPU_ExceptStkBase                     0x20000064   Data           4  os_cpu_c.o(.data)
    OS_KA_BASEPRI_Boundary                   0x2000006c   Data           4  os_cpu_c.o(.data)
    OSEventTbl                               0x20000070   Data         240  os_core.o(.bss)
    OSFlagTbl                                0x20000160   Data          80  os_core.o(.bss)
    OSTaskStatStk                            0x200001b0   Data         512  os_core.o(.bss)
    OSTaskIdleStk                            0x200003b0   Data         512  os_core.o(.bss)
    OSTCBPrioTbl                             0x200005b0   Data         256  os_core.o(.bss)
    OSTCBTbl                                 0x200006b0   Data        2024  os_core.o(.bss)
    OSMemTbl                                 0x20000e98   Data         120  os_core.o(.bss)
    OSQTbl                                   0x20000f10   Data          96  os_core.o(.bss)
    OSTmrTbl                                 0x20000f70   Data         640  os_core.o(.bss)
    OSTmrTaskStk                             0x200011f0   Data         512  os_core.o(.bss)
    OSTmrWheelTbl                            0x200013f0   Data          56  os_core.o(.bss)
    OS_CPU_ExceptStk                         0x20001428   Data        1024  os_cpu_c.o(.bss)
    Task1Stk                                 0x20001828   Data         512  main.o(.bss)
    Task2Stk                                 0x20001a28   Data         512  main.o(.bss)
    __libspace_start                         0x20001c28   Data          96  libspace.o(.bss)
    __temporary_stack_top$libspace           0x20001c88   Data           0  libspace.o(.bss)



==============================================================================

Memory Map of the image

  Image Entry point : 0x08000189

  Load Region LR_IROM1 (Base: 0x08000000, Size: 0x000020d4, Max: 0x00080000, ABSOLUTE)

    Execution Region ER_IROM1 (Exec base: 0x08000000, Load base: 0x08000000, Size: 0x00002064, Max: 0x00080000, ABSOLUTE)

    Exec Addr    Load Addr    Size         Type   Attr      Idx    E Section Name        Object

    0x08000000   0x08000000   0x00000188   Data   RO         1047    RESET               startup_stm32f40_41xxx.o
    0x08000188   0x08000188   0x00000008   Code   RO         1056  * !!!main             c_w.l(__main.o)
    0x08000190   0x08000190   0x00000034   Code   RO         1213    !!!scatter          c_w.l(__scatter.o)
    0x080001c4   0x080001c4   0x0000001a   Code   RO         1215    !!handler_copy      c_w.l(__scatter_copy.o)
    0x080001de   0x080001de   0x00000002   PAD
    0x080001e0   0x080001e0   0x0000001c   Code   RO         1217    !!handler_zi        c_w.l(__scatter_zi.o)
    0x080001fc   0x080001fc   0x00000002   Code   RO         1083    .ARM.Collect$$libinit$$00000000  c_w.l(libinit.o)
    0x080001fe   0x080001fe   0x00000004   Code   RO         1089    .ARM.Collect$$libinit$$00000001  c_w.l(libinit2.o)
    0x08000202   0x08000202   0x00000000   Code   RO         1092    .ARM.Collect$$libinit$$00000004  c_w.l(libinit2.o)
    0x08000202   0x08000202   0x00000000   Code   RO         1095    .ARM.Collect$$libinit$$0000000A  c_w.l(libinit2.o)
    0x08000202   0x08000202   0x00000000   Code   RO         1097    .ARM.Collect$$libinit$$0000000C  c_w.l(libinit2.o)
    0x08000202   0x08000202   0x00000000   Code   RO         1099    .ARM.Collect$$libinit$$0000000E  c_w.l(libinit2.o)
    0x08000202   0x08000202   0x00000000   Code   RO         1102    .ARM.Collect$$libinit$$00000011  c_w.l(libinit2.o)
    0x08000202   0x08000202   0x00000000   Code   RO         1104    .ARM.Collect$$libinit$$00000013  c_w.l(libinit2.o)
    0x08000202   0x08000202   0x00000000   Code   RO         1106    .ARM.Collect$$libinit$$00000015  c_w.l(libinit2.o)
    0x08000202   0x08000202   0x00000000   Code   RO         1108    .ARM.Collect$$libinit$$00000017  c_w.l(libinit2.o)
    0x08000202   0x08000202   0x00000000   Code   RO         1110    .ARM.Collect$$libinit$$00000019  c_w.l(libinit2.o)
    0x08000202   0x08000202   0x00000000   Code   RO         1112    .ARM.Collect$$libinit$$0000001B  c_w.l(libinit2.o)
    0x08000202   0x08000202   0x00000000   Code   RO         1114    .ARM.Collect$$libinit$$0000001D  c_w.l(libinit2.o)
    0x08000202   0x08000202   0x00000000   Code   RO         1116    .ARM.Collect$$libinit$$0000001F  c_w.l(libinit2.o)
    0x08000202   0x08000202   0x00000000   Code   RO         1118    .ARM.Collect$$libinit$$00000021  c_w.l(libinit2.o)
    0x08000202   0x08000202   0x00000000   Code   RO         1120    .ARM.Collect$$libinit$$00000023  c_w.l(libinit2.o)
    0x08000202   0x08000202   0x00000000   Code   RO         1122    .ARM.Collect$$libinit$$00000025  c_w.l(libinit2.o)
    0x08000202   0x08000202   0x00000000   Code   RO         1126    .ARM.Collect$$libinit$$0000002C  c_w.l(libinit2.o)
    0x08000202   0x08000202   0x00000000   Code   RO         1128    .ARM.Collect$$libinit$$0000002E  c_w.l(libinit2.o)
    0x08000202   0x08000202   0x00000000   Code   RO         1130    .ARM.Collect$$libinit$$00000030  c_w.l(libinit2.o)
    0x08000202   0x08000202   0x00000000   Code   RO         1132    .ARM.Collect$$libinit$$00000032  c_w.l(libinit2.o)
    0x08000202   0x08000202   0x00000002   Code   RO         1133    .ARM.Collect$$libinit$$00000033  c_w.l(libinit2.o)
    0x08000204   0x08000204   0x00000002   Code   RO         1153    .ARM.Collect$$libshutdown$$00000000  c_w.l(libshutdown.o)
    0x08000206   0x08000206   0x00000000   Code   RO         1166    .ARM.Collect$$libshutdown$$00000002  c_w.l(libshutdown2.o)
    0x08000206   0x08000206   0x00000000   Code   RO         1168    .ARM.Collect$$libshutdown$$00000004  c_w.l(libshutdown2.o)
    0x08000206   0x08000206   0x00000000   Code   RO         1171    .ARM.Collect$$libshutdown$$00000007  c_w.l(libshutdown2.o)
    0x08000206   0x08000206   0x00000000   Code   RO         1174    .ARM.Collect$$libshutdown$$0000000A  c_w.l(libshutdown2.o)
    0x08000206   0x08000206   0x00000000   Code   RO         1176    .ARM.Collect$$libshutdown$$0000000C  c_w.l(libshutdown2.o)
    0x08000206   0x08000206   0x00000000   Code   RO         1179    .ARM.Collect$$libshutdown$$0000000F  c_w.l(libshutdown2.o)
    0x08000206   0x08000206   0x00000002   Code   RO         1180    .ARM.Collect$$libshutdown$$00000010  c_w.l(libshutdown2.o)
    0x08000208   0x08000208   0x00000000   Code   RO         1058    .ARM.Collect$$rtentry$$00000000  c_w.l(__rtentry.o)
    0x08000208   0x08000208   0x00000000   Code   RO         1060    .ARM.Collect$$rtentry$$00000002  c_w.l(__rtentry2.o)
    0x08000208   0x08000208   0x00000006   Code   RO         1072    .ARM.Collect$$rtentry$$00000004  c_w.l(__rtentry4.o)
    0x0800020e   0x0800020e   0x00000000   Code   RO         1062    .ARM.Collect$$rtentry$$00000009  c_w.l(__rtentry2.o)
    0x0800020e   0x0800020e   0x00000004   Code   RO         1063    .ARM.Collect$$rtentry$$0000000A  c_w.l(__rtentry2.o)
    0x08000212   0x08000212   0x00000000   Code   RO         1065    .ARM.Collect$$rtentry$$0000000C  c_w.l(__rtentry2.o)
    0x08000212   0x08000212   0x00000008   Code   RO         1066    .ARM.Collect$$rtentry$$0000000D  c_w.l(__rtentry2.o)
    0x0800021a   0x0800021a   0x00000002   Code   RO         1087    .ARM.Collect$$rtexit$$00000000  c_w.l(rtexit.o)
    0x0800021c   0x0800021c   0x00000000   Code   RO         1135    .ARM.Collect$$rtexit$$00000002  c_w.l(rtexit2.o)
    0x0800021c   0x0800021c   0x00000004   Code   RO         1136    .ARM.Collect$$rtexit$$00000003  c_w.l(rtexit2.o)
    0x08000220   0x08000220   0x00000006   Code   RO         1137    .ARM.Collect$$rtexit$$00000004  c_w.l(rtexit2.o)
    0x08000226   0x08000226   0x00000002   PAD
    0x08000228   0x08000228   0x00000134   Code   RO          933    .text               os_cpu_a.o
    0x0800035c   0x0800035c   0x00000040   Code   RO         1048    .text               startup_stm32f40_41xxx.o
    0x0800039c   0x0800039c   0x00000006   Code   RO         1054    .text               c_w.l(heapauxi.o)
    0x080003a2   0x080003a2   0x0000004a   Code   RO         1074    .text               c_w.l(sys_stackheap_outer.o)
    0x080003ec   0x080003ec   0x00000012   Code   RO         1076    .text               c_w.l(exit.o)
    0x080003fe   0x080003fe   0x00000002   PAD
    0x08000400   0x08000400   0x00000008   Code   RO         1084    .text               c_w.l(libspace.o)
    0x08000408   0x08000408   0x0000000c   Code   RO         1145    .text               c_w.l(sys_exit.o)
    0x08000414   0x08000414   0x00000002   Code   RO         1156    .text               c_w.l(use_no_semi.o)
    0x08000416   0x08000416   0x00000000   Code   RO         1158    .text               c_w.l(indicate_semi.o)
    0x08000416   0x08000416   0x00000002   Code   RO          937    i.App_TCBInitHook   app_hooks.o
    0x08000418   0x08000418   0x00000002   Code   RO          938    i.App_TaskCreateHook  app_hooks.o
    0x0800041a   0x0800041a   0x00000002   Code   RO          939    i.App_TaskDelHook   app_hooks.o
    0x0800041c   0x0800041c   0x00000002   Code   RO          940    i.App_TaskIdleHook  app_hooks.o
    0x0800041e   0x0800041e   0x00000002   Code   RO          941    i.App_TaskReturnHook  app_hooks.o
    0x08000420   0x08000420   0x00000002   Code   RO          942    i.App_TaskStatHook  app_hooks.o
    0x08000422   0x08000422   0x00000002   Code   RO          943    i.App_TaskSwHook    app_hooks.o
    0x08000424   0x08000424   0x00000002   Code   RO          944    i.App_TimeTickHook  app_hooks.o
    0x08000426   0x08000426   0x00000002   PAD
    0x08000428   0x08000428   0x0000002c   Code   RO          994    i.LED_Init          main.o
    0x08000454   0x08000454   0x00000014   Code   RO          995    i.LED_Off           main.o
    0x08000468   0x08000468   0x00000014   Code   RO          996    i.LED_On            main.o
    0x0800047c   0x0800047c   0x00000074   Code   RO            2    i.OSEventNameSet    os_core.o
    0x080004f0   0x080004f0   0x00000034   Code   RO            4    i.OSInit            os_core.o
    0x08000524   0x08000524   0x0000005c   Code   RO          832    i.OSInitHookBegin   os_cpu_c.o
    0x08000580   0x08000580   0x00000002   Code   RO          833    i.OSInitHookEnd     os_cpu_c.o
    0x08000582   0x08000582   0x00000002   PAD
    0x08000584   0x08000584   0x00000024   Code   RO            5    i.OSIntEnter        os_core.o
    0x080005a8   0x080005a8   0x0000009c   Code   RO            6    i.OSIntExit         os_core.o
    0x08000644   0x08000644   0x00000048   Code   RO            7    i.OSSchedLock       os_core.o
    0x0800068c   0x0800068c   0x00000070   Code   RO            8    i.OSSchedUnlock     os_core.o
    0x080006fc   0x080006fc   0x00000060   Code   RO          551    i.OSSemCreate       os_sem.o
    0x0800075c   0x0800075c   0x00000118   Code   RO          553    i.OSSemPend         os_sem.o
    0x08000874   0x08000874   0x00000070   Code   RO          555    i.OSSemPost         os_sem.o
    0x080008e4   0x080008e4   0x00000048   Code   RO            9    i.OSStart           os_core.o
    0x0800092c   0x0800092c   0x0000000c   Code   RO          834    i.OSTCBInitHook     os_cpu_c.o
    0x08000938   0x08000938   0x000000c8   Code   RO          605    i.OSTaskCreate      os_task.o
    0x08000a00   0x08000a00   0x000000dc   Code   RO          606    i.OSTaskCreateExt   os_task.o
    0x08000adc   0x08000adc   0x0000000c   Code   RO          835    i.OSTaskCreateHook  os_cpu_c.o
    0x08000ae8   0x08000ae8   0x00000188   Code   RO          607    i.OSTaskDel         os_task.o
    0x08000c70   0x08000c70   0x0000000c   Code   RO          836    i.OSTaskDelHook     os_cpu_c.o
    0x08000c7c   0x08000c7c   0x00000008   Code   RO          837    i.OSTaskIdleHook    os_cpu_c.o
    0x08000c84   0x08000c84   0x00000098   Code   RO          610    i.OSTaskNameSet     os_task.o
    0x08000d1c   0x08000d1c   0x0000000c   Code   RO          838    i.OSTaskReturnHook  os_cpu_c.o
    0x08000d28   0x08000d28   0x00000008   Code   RO          839    i.OSTaskStatHook    os_cpu_c.o
    0x08000d30   0x08000d30   0x000000b0   Code   RO          616    i.OSTaskStkChk      os_task.o
    0x08000de0   0x08000de0   0x0000022c   Code   RO          840    i.OSTaskStkInit     os_cpu_c.o
    0x0800100c   0x0800100c   0x000000d0   Code   RO          617    i.OSTaskSuspend     os_task.o
    0x080010dc   0x080010dc   0x00000024   Code   RO          841    i.OSTaskSwHook      os_cpu_c.o
    0x08001100   0x08001100   0x00000084   Code   RO          706    i.OSTimeDly         os_time.o
    0x08001184   0x08001184   0x00000100   Code   RO           11    i.OSTimeTick        os_core.o
    0x08001284   0x08001284   0x00000028   Code   RO          842    i.OSTimeTickHook    os_cpu_c.o
    0x080012ac   0x080012ac   0x00000014   Code   RO          746    i.OSTmrSignal       os_tmr.o
    0x080012c0   0x080012c0   0x000000f4   Code   RO          752    i.OSTmr_Init        os_tmr.o
    0x080013b4   0x080013b4   0x00000050   Code   RO          753    i.OSTmr_InitTask    os_tmr.o
    0x08001404   0x08001404   0x00000074   Code   RO          754    i.OSTmr_Link        os_tmr.o
    0x08001478   0x08001478   0x00000084   Code   RO          755    i.OSTmr_Task        os_tmr.o
    0x080014fc   0x080014fc   0x00000048   Code   RO          756    i.OSTmr_Unlink      os_tmr.o
    0x08001544   0x08001544   0x00000026   Code   RO          843    i.OS_CPU_SysTickHandler  os_cpu_c.o
    0x0800156a   0x0800156a   0x00000002   Code   RO           13    i.OS_Dummy          os_core.o
    0x0800156c   0x0800156c   0x00000094   Code   RO           14    i.OS_EventTaskRdy   os_core.o
    0x08001600   0x08001600   0x0000002e   Code   RO           15    i.OS_EventTaskRemove  os_core.o
    0x0800162e   0x0800162e   0x0000003a   Code   RO           16    i.OS_EventTaskRemoveMulti  os_core.o
    0x08001668   0x08001668   0x0000007c   Code   RO           17    i.OS_EventTaskWait  os_core.o
    0x080016e4   0x080016e4   0x0000001c   Code   RO           19    i.OS_EventWaitListInit  os_core.o
    0x08001700   0x08001700   0x00000058   Code   RO          257    i.OS_FlagInit       os_flag.o
    0x08001758   0x08001758   0x00000024   Code   RO          259    i.OS_FlagUnlink     os_flag.o
    0x0800177c   0x0800177c   0x00000060   Code   RO           20    i.OS_InitEventList  os_core.o
    0x080017dc   0x080017dc   0x0000005c   Code   RO           21    i.OS_InitMisc       os_core.o
    0x08001838   0x08001838   0x00000044   Code   RO           22    i.OS_InitRdyList    os_core.o
    0x0800187c   0x0800187c   0x00000080   Code   RO           23    i.OS_InitTCBList    os_core.o
    0x080018fc   0x080018fc   0x00000050   Code   RO           24    i.OS_InitTaskIdle   os_core.o
    0x0800194c   0x0800194c   0x00000050   Code   RO           25    i.OS_InitTaskStat   os_core.o
    0x0800199c   0x0800199c   0x00000012   Code   RO           26    i.OS_MemClr         os_core.o
    0x080019ae   0x080019ae   0x00000002   PAD
    0x080019b0   0x080019b0   0x00000058   Code   RO          389    i.OS_MemInit        os_mem.o
    0x08001a08   0x08001a08   0x00000050   Code   RO          488    i.OS_QInit          os_q.o
    0x08001a58   0x08001a58   0x00000080   Code   RO           28    i.OS_Sched          os_core.o
    0x08001ad8   0x08001ad8   0x0000002c   Code   RO           29    i.OS_SchedNew       os_core.o
    0x08001b04   0x08001b04   0x00000168   Code   RO           31    i.OS_TCBInit        os_core.o
    0x08001c6c   0x08001c6c   0x00000030   Code   RO           32    i.OS_TaskIdle       os_core.o
    0x08001c9c   0x08001c9c   0x00000018   Code   RO          618    i.OS_TaskReturn     os_task.o
    0x08001cb4   0x08001cb4   0x000000f0   Code   RO           33    i.OS_TaskStat       os_core.o
    0x08001da4   0x08001da4   0x0000003c   Code   RO           34    i.OS_TaskStatStkChk  os_core.o
    0x08001de0   0x08001de0   0x0000001a   Code   RO          619    i.OS_TaskStkClr     os_task.o
    0x08001dfa   0x08001dfa   0x00000002   PAD
    0x08001dfc   0x08001dfc   0x000000dc   Code   RO          997    i.SystemInit        main.o
    0x08001ed8   0x08001ed8   0x00000010   Code   RO          998    i.Task_LEDOff       main.o
    0x08001ee8   0x08001ee8   0x00000010   Code   RO          999    i.Task_LEDOn        main.o
    0x08001ef8   0x08001ef8   0x00000040   Code   RO         1000    i.main              main.o
    0x08001f38   0x08001f38   0x0000000a   Code   RO         1143    x$fpl$fpinit        fz_wm.l(fpinit.o)
    0x08001f42   0x08001f42   0x00000100   Data   RO           36    .constdata          os_core.o
    0x08002042   0x08002042   0x00000002   PAD
    0x08002044   0x08002044   0x00000020   Data   RO         1211    Region$$Table       anon$$obj.o


    Execution Region RW_IRAM1 (Exec base: 0x20000000, Load base: 0x08002064, Size: 0x00002288, Max: 0x00018000, ABSOLUTE)

    Exec Addr    Load Addr    Size         Type   Attr      Idx    E Section Name        Object

    0x20000000   0x08002064   0x00000064   Data   RW           37    .data               os_core.o
    0x20000064   0x080020c8   0x0000000c   Data   RW          847    .data               os_cpu_c.o
    0x20000070        -       0x000013b8   Zero   RW           35    .bss                os_core.o
    0x20001428        -       0x00000400   Zero   RW          846    .bss                os_cpu_c.o
    0x20001828        -       0x00000400   Zero   RW         1001    .bss                main.o
    0x20001c28        -       0x00000060   Zero   RW         1085    .bss                c_w.l(libspace.o)
    0x20001c88        -       0x00000200   Zero   RW         1046    HEAP                startup_stm32f40_41xxx.o
    0x20001e88        -       0x00000400   Zero   RW         1045    STACK               startup_stm32f40_41xxx.o


==============================================================================

Image component sizes


      Code (inc. data)   RO Data    RW Data    ZI Data      Debug   Object Name

        16          0          0          0          0       3980   app_hooks.o
       400         56          0          0       1024       4801   main.o
      2720        426        256        100       5048      28766   os_core.o
       308         34          0          0          0        396   os_cpu_a.o
       828        148          0         12       1024      17041   os_cpu_c.o
         0          0          0          0          0       8948   os_dbg_r.o
       124         14          0          0          0       1282   os_flag.o
        88         14          0          0          0        581   os_mem.o
        80          8          0          0          0        603   os_q.o
       488         28          0          0          0       2622   os_sem.o
      1398        120          0          0          0       7292   os_task.o
       132         22          0          0          0        672   os_time.o
       664        136          0          0          0       4143   os_tmr.o
        64         26        392          0       1536        880   startup_stm32f40_41xxx.o

    ----------------------------------------------------------------------
      7318       1032        682        112       8632      82007   Object Totals
         0          0         32          0          0          0   (incl. Generated)
         8          0          2          0          0          0   (incl. Padding)

    ----------------------------------------------------------------------

      Code (inc. data)   RO Data    RW Data    ZI Data      Debug   Library Member Name

         8          0          0          0          0         68   __main.o
         0          0          0          0          0          0   __rtentry.o
        12          0          0          0          0          0   __rtentry2.o
         6          0          0          0          0          0   __rtentry4.o
        52          8          0          0          0          0   __scatter.o
        26          0          0          0          0          0   __scatter_copy.o
        28          0          0          0          0          0   __scatter_zi.o
        18          0          0          0          0         80   exit.o
         6          0          0          0          0        152   heapauxi.o
         0          0          0          0          0          0   indicate_semi.o
         2          0          0          0          0          0   libinit.o
         6          0          0          0          0          0   libinit2.o
         2          0          0          0          0          0   libshutdown.o
         2          0          0          0          0          0   libshutdown2.o
         8          4          0          0         96         68   libspace.o
         2          0          0          0          0          0   rtexit.o
        10          0          0          0          0          0   rtexit2.o
        12          4          0          0          0         68   sys_exit.o
        74          0          0          0          0         80   sys_stackheap_outer.o
         2          0          0          0          0         68   use_no_semi.o
        10          0          0          0          0        116   fpinit.o

    ----------------------------------------------------------------------
       292         16          0          0         96        700   Library Totals
         6          0          0          0          0          0   (incl. Padding)

    ----------------------------------------------------------------------

      Code (inc. data)   RO Data    RW Data    ZI Data      Debug   Library Name

       276         16          0          0         96        584   c_w.l
        10          0          0          0          0        116   fz_wm.l

    ----------------------------------------------------------------------
       292         16          0          0         96        700   Library Totals

    ----------------------------------------------------------------------

==============================================================================


      Code (inc. data)   RO Data    RW Data    ZI Data      Debug   

      7610       1048        682        112       8728      75551   Grand Totals
      7610       1048        682        112       8728      75551   ELF Image Totals
      7610       1048        682        112          0          0   ROM Totals

==============================================================================

    Total RO  Size (Code + RO Data)                 8292 (   8.10kB)
    Total RW  Size (RW Data + ZI Data)              8840 (   8.63kB)
    Total ROM Size (Code + RO Data + RW Data)       8404 (   8.21kB)

==============================================================================

