Component: ARM Compiler 5.06 update 5 (build 528) Tool: armlink [4d35e2]

==============================================================================

Section Cross References

    os_core.o(i.OSEventNameGet) refers to os_cpu_a.o(.text) for OS_CPU_SR_Save
    os_core.o(i.OSEventNameGet) refers to os_core.o(i.OS_StrLen) for OS_StrLen
    os_core.o(i.OSEventNameGet) refers to os_core.o(.data) for OSIntNesting
    os_core.o(i.OSEventNameSet) refers to os_cpu_a.o(.text) for OS_CPU_SR_Save
    os_core.o(i.OSEventNameSet) refers to segger_sysview_ucosii.o(i.SYSVIEW_UpdateResource) for SYSVIEW_UpdateResource
    os_core.o(i.OSEventNameSet) refers to os_core.o(.data) for OSIntNesting
    os_core.o(i.OSEventPendMulti) refers to os_cpu_a.o(.text) for OS_CPU_SR_Save
    os_core.o(i.OSEventPendMulti) refers to os_core.o(i.OS_EventTaskWaitMulti) for OS_EventTaskWaitMulti
    os_core.o(i.OSEventPendMulti) refers to os_core.o(i.OS_Sched) for OS_Sched
    os_core.o(i.OSEventPendMulti) refers to os_core.o(i.OS_EventTaskRemoveMulti) for OS_EventTaskRemoveMulti
    os_core.o(i.OSEventPendMulti) refers to os_core.o(.data) for OSIntNesting
    os_core.o(i.OSInit) refers to os_cpu_c.o(i.OSInitHookBegin) for OSInitHookBegin
    os_core.o(i.OSInit) refers to os_core.o(i.OS_InitMisc) for OS_InitMisc
    os_core.o(i.OSInit) refers to os_core.o(i.OS_InitRdyList) for OS_InitRdyList
    os_core.o(i.OSInit) refers to os_core.o(i.OS_InitTCBList) for OS_InitTCBList
    os_core.o(i.OSInit) refers to os_core.o(i.OS_InitEventList) for OS_InitEventList
    os_core.o(i.OSInit) refers to os_flag.o(i.OS_FlagInit) for OS_FlagInit
    os_core.o(i.OSInit) refers to os_mem.o(i.OS_MemInit) for OS_MemInit
    os_core.o(i.OSInit) refers to os_q.o(i.OS_QInit) for OS_QInit
    os_core.o(i.OSInit) refers to os_core.o(i.OS_InitTaskIdle) for OS_InitTaskIdle
    os_core.o(i.OSInit) refers to os_core.o(i.OS_InitTaskStat) for OS_InitTaskStat
    os_core.o(i.OSInit) refers to os_tmr.o(i.OSTmr_Init) for OSTmr_Init
    os_core.o(i.OSInit) refers to os_cpu_c.o(i.OSInitHookEnd) for OSInitHookEnd
    os_core.o(i.OSIntEnter) refers to segger_sysview.o(i.SEGGER_SYSVIEW_RecordEnterISR) for SEGGER_SYSVIEW_RecordEnterISR
    os_core.o(i.OSIntEnter) refers to os_core.o(.data) for OSRunning
    os_core.o(i.OSIntExit) refers to os_cpu_a.o(.text) for OS_CPU_SR_Save
    os_core.o(i.OSIntExit) refers to os_core.o(i.OS_SchedNew) for OS_SchedNew
    os_core.o(i.OSIntExit) refers to segger_sysview.o(i.SEGGER_SYSVIEW_RecordExitISRToScheduler) for SEGGER_SYSVIEW_RecordExitISRToScheduler
    os_core.o(i.OSIntExit) refers to segger_sysview.o(i.SEGGER_SYSVIEW_RecordExitISR) for SEGGER_SYSVIEW_RecordExitISR
    os_core.o(i.OSIntExit) refers to os_core.o(.data) for OSRunning
    os_core.o(i.OSIntExit) refers to os_core.o(.bss) for OSTCBPrioTbl
    os_core.o(i.OSSchedLock) refers to os_cpu_a.o(.text) for OS_CPU_SR_Save
    os_core.o(i.OSSchedLock) refers to os_core.o(.data) for OSRunning
    os_core.o(i.OSSchedUnlock) refers to os_cpu_a.o(.text) for OS_CPU_SR_Save
    os_core.o(i.OSSchedUnlock) refers to os_core.o(i.OS_Sched) for OS_Sched
    os_core.o(i.OSSchedUnlock) refers to os_core.o(.data) for OSRunning
    os_core.o(i.OSStart) refers to os_core.o(i.OS_SchedNew) for OS_SchedNew
    os_core.o(i.OSStart) refers to os_cpu_a.o(.text) for OSStartHighRdy
    os_core.o(i.OSStart) refers to os_core.o(.data) for OSRunning
    os_core.o(i.OSStart) refers to os_core.o(.bss) for OSTCBPrioTbl
    os_core.o(i.OSStatInit) refers to os_time.o(i.OSTimeDly) for OSTimeDly
    os_core.o(i.OSStatInit) refers to os_cpu_a.o(.text) for OS_CPU_SR_Save
    os_core.o(i.OSStatInit) refers to os_core.o(.data) for OSIdleCtr
    os_core.o(i.OSTimeTick) refers to os_cpu_c.o(i.OSTimeTickHook) for OSTimeTickHook
    os_core.o(i.OSTimeTick) refers to os_cpu_a.o(.text) for OS_CPU_SR_Save
    os_core.o(i.OSTimeTick) refers to segger_sysview.o(i.SEGGER_SYSVIEW_RecordU32) for SEGGER_SYSVIEW_RecordU32
    os_core.o(i.OSTimeTick) refers to segger_sysview_ucosii.o(i.SYSVIEW_TaskReady) for SYSVIEW_TaskReady
    os_core.o(i.OSTimeTick) refers to os_core.o(.data) for OSTime
    os_core.o(i.OS_EventTaskRdy) refers to segger_sysview_ucosii.o(i.SYSVIEW_TaskReady) for SYSVIEW_TaskReady
    os_core.o(i.OS_EventTaskRdy) refers to os_core.o(i.OS_EventTaskRemove) for OS_EventTaskRemove
    os_core.o(i.OS_EventTaskRdy) refers to os_core.o(i.OS_EventTaskRemoveMulti) for OS_EventTaskRemoveMulti
    os_core.o(i.OS_EventTaskRdy) refers to os_core.o(.constdata) for OSUnMapTbl
    os_core.o(i.OS_EventTaskRdy) refers to os_core.o(.bss) for OSTCBPrioTbl
    os_core.o(i.OS_EventTaskRdy) refers to os_core.o(.data) for OSRdyGrp
    os_core.o(i.OS_EventTaskWait) refers to segger_sysview_ucosii.o(i.SYSVIEW_TaskSuspend) for SYSVIEW_TaskSuspend
    os_core.o(i.OS_EventTaskWait) refers to os_core.o(.data) for OSTCBCur
    os_core.o(i.OS_EventTaskWaitMulti) refers to segger_sysview_ucosii.o(i.SYSVIEW_TaskSuspend) for SYSVIEW_TaskSuspend
[...]
    NMI_Handler                              0x08000497   Thumb Code     2  startup_stm32f401xx.o(.text)
    HardFault_Handler                        0x08000499   Thumb Code     2  startup_stm32f401xx.o(.text)
    MemManage_Handler                        0x0800049b   Thumb Code     2  startup_stm32f401xx.o(.text)
    BusFault_Handler                         0x0800049d   Thumb Code     2  startup_stm32f401xx.o(.text)
    UsageFault_Handler                       0x0800049f   Thumb Code     2  startup_stm32f401xx.o(.text)
    SVC_Handler                              0x080004a1   Thumb Code     2  startup_stm32f401xx.o(.text)
    DebugMon_Handler                         0x080004a3   Thumb Code     2  startup_stm32f401xx.o(.text)
    ADC_IRQHandler                           0x080004a9   Thumb Code     0  startup_stm32f401xx.o(.text)
    DMA1_Stream0_IRQHandler                  0x080004a9   Thumb Code     0  startup_stm32f401xx.o(.text)
    DMA1_Stream1_IRQHandler                  0x080004a9   Thumb Code     0  startup_stm32f401xx.o(.text)
    DMA1_Stream2_IRQHandler                  0x080004a9   Thumb Code     0  startup_stm32f401xx.o(.text)
    DMA1_Stream3_IRQHandler                  0x080004a9   Thumb Code     0  startup_stm32f401xx.o(.text)
    DMA1_Stream4_IRQHandler                  0x080004a9   Thumb Code     0  startup_stm32f401xx.o(.text)
    DMA1_Stream5_IRQHandler                  0x080004a9   Thumb Code     0  startup_stm32f401xx.o(.text)
    DMA1_Stream6_IRQHandler                  0x080004a9   Thumb Code     0  startup_stm32f401xx.o(.text)
    DMA1_Stream7_IRQHandler                  0x080004a9   Thumb Code     0  startup_stm32f401xx.o(.text)
    DMA2_Stream0_IRQHandler                  0x080004a9   Thumb Code     0  startup_stm32f401xx.o(.text)
    DMA2_Stream1_IRQHandler                  0x080004a9   Thumb Code     0  startup_stm32f401xx.o(.text)
    DMA2_Stream2_IRQHandler                  0x080004a9   Thumb Code     0  startup_stm32f401xx.o(.text)
    DMA2_Stream3_IRQHandler                  0x080004a9   Thumb Code     0  startup_stm32f401xx.o(.text)
    DMA2_Stream4_IRQHandler                  0x080004a9   Thumb Code     0  startup_stm32f401xx.o(.text)
    DMA2_Stream5_IRQHandler                  0x080004a9   Thumb Code     0  startup_stm32f401xx.o(.text)
    DMA2_Stream6_IRQHandler                  0x080004a9   Thumb Code     0  startup_stm32f401xx.o(.text)
    DMA2_Stream7_IRQHandler                  0x080004a9   Thumb Code     0  startup_stm32f401xx.o(.text)
    EXTI0_IRQHandler                         0x080004a9   Thumb Code     0  startup_stm32f401xx.o(.text)
    EXTI15_10_IRQHandler                     0x080004a9   Thumb Code     0  startup_stm32f401xx.o(.text)
    EXTI1_IRQHandler                         0x080004a9   Thumb Code     0  startup_stm32f401xx.o(.text)
    EXTI2_IRQHandler                         0x080004a9   Thumb Code     0  startup_stm32f401xx.o(.text)
    EXTI3_IRQHandler                         0x080004a9   Thumb Code     0  startup_stm32f401xx.o(.text)
    EXTI4_IRQHandler                         0x080004a9   Thumb Code     0  startup_stm32f401xx.o(.text)
    EXTI9_5_IRQHandler                       0x080004a9   Thumb Code     0  startup_stm32f401xx.o(.text)
    FLASH_IRQHandler                         0x080004a9   Thumb Code     0  startup_stm32f401xx.o(.text)
    FPU_IRQHandler                           0x080004a9   Thumb Code     0  startup_stm32f401xx.o(.text)
    I2C1_ER_IRQHandler                       0x080004a9   Thumb Code     0  startup_stm32f401xx.o(.text)
    I2C1_EV_IRQHandler                       0x080004a9   Thumb Code     0  startup_stm32f401xx.o(.text)
    I2C2_ER_IRQHandler                       0x080004a9   Thumb Code     0  startup_stm32f401xx.o(.text)
    I2C2_EV_IRQHandler                       0x080004a9   Thumb Code     0  startup_stm32f401xx.o(.text)
    I2C3_ER_IRQHandler                       0x080004a9   Thumb Code     0  startup_stm32f401xx.o(.text)
    I2C3_EV_IRQHandler                       0x080004a9   Thumb Code     0  startup_stm32f401xx.o(.text)
    OTG_FS_IRQHandler                        0x080004a9   Thumb Code     0  startup_stm32f401xx.o(.text)
    OTG_FS_WKUP_IRQHandler                   0x080004a9   Thumb Code     0  startup_stm32f401xx.o(.text)
    PVD_IRQHandler                           0x080004a9   Thumb Code     0  startup_stm32f401xx.o(.text)
    RCC_IRQHandler                           0x080004a9   Thumb Code     0  startup_stm32f401xx.o(.text)
    RTC_Alarm_IRQHandler                     0x080004a9   Thumb Code     0  startup_stm32f401xx.o(.text)
    RTC_WKUP_IRQHandler                      0x080004a9   Thumb Code     0  startup_stm32f401xx.o(.text)
    SDIO_IRQHandler                          0x080004a9   Thumb Code     0  startup_stm32f401xx.o(.text)
    SPI1_IRQHandler                          0x080004a9   Thumb Code     0  startup_stm32f401xx.o(.text)
    SPI2_IRQHandler                          0x080004a9   Thumb Code     0  startup_stm32f401xx.o(.text)
    SPI3_IRQHandler                          0x080004a9   Thumb Code     0  startup_stm32f401xx.o(.text)
    SPI4_IRQHandler                          0x080004a9   Thumb Code     0  startup_stm32f401xx.o(.text)
    TAMP_STAMP_IRQHandler                    0x080004a9   Thumb Code     0  startup_stm32f401xx.o(.text)
    TIM1_BRK_TIM9_IRQHandler                 0x080004a9   Thumb Code     0  startup_stm32f401xx.o(.text)
    TIM1_CC_IRQHandler                       0x080004a9   Thumb Code     0  startup_stm32f401xx.o(.text)
    TIM1_TRG_COM_TIM11_IRQHandler            0x080004a9   Thumb Code     0  startup_stm32f401xx.o(.text)
    TIM1_UP_TIM10_IRQHandler                 0x080004a9   Thumb Code     0  startup_stm32f401xx.o(.text)
    TIM3_IRQHandler                          0x080004a9   Thumb Code     0  startup_stm32f401xx.o(.text)
    TIM4_IRQHandler                          0x080004a9   Thumb Code     0  startup_stm32f401xx.o(.text)
    TIM5_IRQHandler                          0x080004a9   Thumb Code     0  startup_stm32f401xx.o(.text)
    USART1_IRQHandler                        0x080004a9   Thumb Code     0  startup_stm32f401xx.o(.text)
    USART2_IRQHandler                        0x080004a9   Thumb Code     0  startup_stm32f401xx.o(.text)
    USART6_IRQHandler                        0x080004a9   Thumb Code     0  startup_stm32f401xx.o(.text)
    WWDG_IRQHandler                          0x080004a9   Thumb Code     0  startup_stm32f401xx.o(.text)
    __user_initial_stackheap                 0x080004ad   Thumb Code     0  startup_stm32f401xx.o(.text)
    myScatterLoad                            0x080004d1   Thumb Code    36  myscratterload.o(.text)
    vsprintf                                 0x08000509   Thumb Code    32  vsprintf.o(.text)
    __aeabi_memcpy                           0x0800052d   Thumb Code     0  rt_memcpy_v6.o(.text)
    __rt_memcpy                              0x0800052d   Thumb Code   138  rt_memcpy_v6.o(.text)
    _memcpy_lastbytes                        0x08000593   Thumb Code     0  rt_memcpy_v6.o(.text)
    __aeabi_memclr4                          0x080005b7   Thumb Code     0  rt_memclr_w.o(.text)
    __aeabi_memclr8                          0x080005b7   Thumb Code     0  rt_memclr_w.o(.text)
    __rt_memclr_w                            0x080005b7   Thumb Code    78  rt_memclr_w.o(.text)
    _memset_w                                0x080005bb   Thumb Code     0  rt_memclr_w.o(.text)
    __use_two_region_memory                  0x08000605   Thumb Code     2  heapauxi.o(.text)
    __rt_heap_escrow$2region                 0x08000607   Thumb Code     2  heapauxi.o(.text)
    __rt_heap_expand$2region                 0x08000609   Thumb Code     2  heapauxi.o(.text)
    _printf_pre_padding                      0x0800060b   Thumb Code    44  _printf_pad.o(.text)
    _printf_post_padding                     0x08000637   Thumb Code    34  _printf_pad.o(.text)
    _printf_truncate_signed                  0x08000659   Thumb Code    18  _printf_truncate.o(.text)
    _printf_truncate_unsigned                0x0800066b   Thumb Code    18  _printf_truncate.o(.text)
    _printf_str                              0x0800067d   Thumb Code    82  _printf_str.o(.text)
    _printf_int_dec                          0x080006d1   Thumb Code   104  _printf_dec.o(.text)
    _printf_charcount                        0x08000749   Thumb Code    40  _printf_charcount.o(.text)
    _printf_char_common                      0x0800077b   Thumb Code    32  _printf_char_common.o(.text)
    _sputc                                   0x080007a1   Thumb Code    10  _sputc.o(.text)
    _printf_wctomb                           0x080007ad   Thumb Code   182  _printf_wctomb.o(.text)
    _printf_longlong_dec                     0x08000869   Thumb Code   108  _printf_longlong_dec.o(.text)
    _printf_longlong_oct                     0x080008e5   Thumb Code    66  _printf_oct_int_ll.o(.text)
    _printf_int_oct                          0x08000927   Thumb Code    24  _printf_oct_int_ll.o(.text)
    _printf_ll_oct                           0x0800093f   Thumb Code    12  _printf_oct_int_ll.o(.text)
    _printf_longlong_hex                     0x08000955   Thumb Code    86  _printf_hex_int_ll_ptr.o(.text)
    _printf_int_hex                          0x080009ab   Thumb Code    28  _printf_hex_int_ll_ptr.o(.text)
    _printf_ll_hex                           0x080009c7   Thumb Code    12  _printf_hex_int_ll_ptr.o(.text)
    _printf_hex_ptr                          0x080009d3   Thumb Code    18  _printf_hex_int_ll_ptr.o(.text)
    __printf                                 0x080009e9   Thumb Code   388  __printf_flags_ss_wp.o(.text)
    __aeabi_memcpy4                          0x08000b71   Thumb Code     0  rt_memcpy_w.o(.text)
    __aeabi_memcpy8                          0x08000b71   Thumb Code     0  rt_memcpy_w.o(.text)
    __rt_memcpy_w                            0x08000b71   Thumb Code   100  rt_memcpy_w.o(.text)
    _memcpy_lastbytes_aligned                0x08000bb9   Thumb Code     0  rt_memcpy_w.o(.text)
    _ll_udiv10                               0x08000bd5   Thumb Code   138  lludiv10.o(.text)
    _printf_int_common                       0x08000c5f   Thumb Code   178  _printf_intcommon.o(.text)
    __lib_sel_fp_printf                      0x08000d11   Thumb Code     2  _printf_fp_dec.o(.text)
    _printf_fp_dec_real                      0x08000ec3   Thumb Code   620  _printf_fp_dec.o(.text)
    _printf_fp_hex_real                      0x08001131   Thumb Code   756  _printf_fp_hex.o(.text)
    _printf_cs_common                        0x0800142d   Thumb Code    20  _printf_char.o(.text)
    _printf_char                             0x08001441   Thumb Code    16  _printf_char.o(.text)
    _printf_string                           0x08001451   Thumb Code     8  _printf_char.o(.text)
    _printf_lcs_common                       0x08001459   Thumb Code    20  _printf_wchar.o(.text)
    _printf_wchar                            0x0800146d   Thumb Code    16  _printf_wchar.o(.text)
    _printf_wstring                          0x0800147d   Thumb Code     8  _printf_wchar.o(.text)
    _wcrtomb                                 0x08001485   Thumb Code    64  _wcrtomb.o(.text)
    __user_setup_stackheap                   0x080014c5   Thumb Code    74  sys_stackheap_outer.o(.text)
    __rt_ctype_table                         0x08001511   Thumb Code    16  rt_ctype_table.o(.text)
    __rt_locale                              0x08001521   Thumb Code     8  rt_locale_intlibspace.o(.text)
    _printf_fp_infnan                        0x08001529   Thumb Code   112  _printf_fp_infnan.o(.text)
    _btod_etento                             0x080015a9   Thumb Code   224  bigflt0.o(.text)
    exit                                     0x0800168d   Thumb Code    18  exit.o(.text)
    __user_libspace                          0x080016a1   Thumb Code     8  libspace.o(.text)
    __user_perproc_libspace                  0x080016a1   Thumb Code     0  libspace.o(.text)
    __user_perthread_libspace                0x080016a1   Thumb Code     0  libspace.o(.text)
    strcmp                                   0x080016a9   Thumb Code   128  strcmpv7m.o(.text)
    _sys_exit                                0x08001729   Thumb Code     8  sys_exit.o(.text)
    __I$use$semihosting                      0x08001735   Thumb Code     0  use_no_semi.o(.text)
    __use_no_semihosting_swi                 0x08001735   Thumb Code     2  use_no_semi.o(.text)
    __semihosting_library_function           0x08001737   Thumb Code     0  indicate_semi.o(.text)
    _btod_d2e                                0x08001737   Thumb Code    62  btod.o(CL$$btod_d2e)
    _d2e_denorm_low                          0x08001775   Thumb Code    70  btod.o(CL$$btod_d2e_denorm_low)
    _d2e_norm_op1                            0x080017bb   Thumb Code    96  btod.o(CL$$btod_d2e_norm_op1)
    __btod_div_common                        0x0800181b   Thumb Code   696  btod.o(CL$$btod_div_common)
    _e2e                                     0x08001b53   Thumb Code   220  btod.o(CL$$btod_e2e)
    _btod_ediv                               0x08001c2f   Thumb Code    42  btod.o(CL$$btod_ediv)
    _btod_emul                               0x08001c59   Thumb Code    42  btod.o(CL$$btod_emul)
    __btod_mult_common                       0x08001c83   Thumb Code   580  btod.o(CL$$btod_mult_common)
    App_TCBInitHook                          0x08001ec7   Thumb Code     2  myhook.o(i.App_TCBInitHook)
    App_TaskCreateHook                       0x08001ec9   Thumb Code     2  myhook.o(i.App_TaskCreateHook)
    App_TaskDelHook                          0x08001ecb   Thumb Code     2  myhook.o(i.App_TaskDelHook)
    App_TaskIdleHook                         0x08001ecd   Thumb Code     2  myhook.o(i.App_TaskIdleHook)
    App_TaskReturnHook                       0x08001ecf   Thumb Code     2  myhook.o(i.App_TaskReturnHook)
    App_TaskStatHook                         0x08001ed1   Thumb Code     2  myhook.o(i.App_TaskStatHook)
    App_TaskSwHook                           0x08001ed3   Thumb Code     2  myhook.o(i.App_TaskSwHook)
    App_TimeTickHook                         0x08001ed5   Thumb Code     2  myhook.o(i.App_TimeTickHook)
    BLE_Init                                 0x08001ed9   Thumb Code   170  atkble01.o(i.BLE_Init)
    BLE_Printf                               0x08001f91   Thumb Code    36  atkble01.o(i.BLE_Printf)
    BLE_SendString                           0x08001fb5   Thumb Code    26  atkble01.o(i.BLE_SendString)
    Delay_ms                                 0x08001fcf   Thumb Code    26  delay.o(i.Delay_ms)
    Delay_s                                  0x08001fe9   Thumb Code    26  delay.o(i.Delay_s)
    Delay_us                                 0x08002005   Thumb Code    68  delay.o(i.Delay_us)
    GPIO_Init                                0x08002051   Thumb Code   144  stm32f4xx_gpio.o(i.GPIO_Init)
    GPIO_PinAFConfig                         0x080020e1   Thumb Code    70  stm32f4xx_gpio.o(i.GPIO_PinAFConfig)
    GPIO_ReadInputDataBit                    0x08002127   Thumb Code    18  stm32f4xx_gpio.o(i.GPIO_ReadInputDataBit)
    GPIO_SetBits                             0x08002139   Thumb Code     4  stm32f4xx_gpio.o(i.GPIO_SetBits)
    GPIO_WriteBit                            0x0800213d   Thumb Code    12  stm32f4xx_gpio.o(i.GPIO_WriteBit)
    GY86_GetData                             0x08002149   Thumb Code   280  gy86.o(i.GY86_GetData)
    GY86_Init                                0x08002261   Thumb Code    16  gy86.o(i.GY86_Init)
    GY86_ReadRegister                        0x08002271   Thumb Code    66  gy86.o(i.GY86_ReadRegister)
    GY86_WriteRegister                       0x080022b3   Thumb Code    48  gy86.o(i.GY86_WriteRegister)
    HMC5883L_Init                            0x080022e3   Thumb Code    54  gy86.o(i.HMC5883L_Init)
    MPU6050_Init                             0x08002319   Thumb Code    68  gy86.o(i.MPU6050_Init)
    MyIIC_Init                               0x0800235d   Thumb Code    52  myiic.o(i.MyIIC_Init)
    MyIIC_R_SDA                              0x08002395   Thumb Code    22  myiic.o(i.MyIIC_R_SDA)
    MyIIC_ReceiveACK                         0x080023b1   Thumb Code    30  myiic.o(i.MyIIC_ReceiveACK)
    MyIIC_ReceiveByte                        0x080023cf   Thumb Code    52  myiic.o(i.MyIIC_ReceiveByte)
    MyIIC_SendACK                            0x08002403   Thumb Code    24  myiic.o(i.MyIIC_SendACK)
    MyIIC_SendByte                           0x0800241b   Thumb Code    42  myiic.o(i.MyIIC_SendByte)
    MyIIC_Start                              0x08002445   Thumb Code    28  myiic.o(i.MyIIC_Start)
    MyIIC_Stop                               0x08002461   Thumb Code    22  myiic.o(i.MyIIC_Stop)
    MyIIC_W_SCL                              0x08002479   Thumb Code    24  myiic.o(i.MyIIC_W_SCL)
    MyIIC_W_SDA                              0x08002495   Thumb Code    22  myiic.o(i.MyIIC_W_SDA)
    NVIC_Init                                0x080024b1   Thumb Code   106  misc.o(i.NVIC_Init)
    OLED_Clear                               0x08002529   Thumb Code    42  oled.o(i.OLED_Clear)
    OLED_I2C_Init                            0x08002555   Thumb Code    66  oled.o(i.OLED_I2C_Init)
    OLED_I2C_SendByte                        0x0800259d   Thumb Code    60  oled.o(i.OLED_I2C_SendByte)
    OLED_I2C_Start                           0x080025d9   Thumb Code    34  oled.o(i.OLED_I2C_Start)
    OLED_I2C_Stop                            0x080025fb   Thumb Code    28  oled.o(i.OLED_I2C_Stop)
    OLED_Init                                0x08002617   Thumb Code   174  oled.o(i.OLED_Init)
    OLED_SetCursor                           0x080026c5   Thumb Code    34  oled.o(i.OLED_SetCursor)
    OLED_W_SCL                               0x080026e9   Thumb Code    18  oled.o(i.OLED_W_SCL)
    OLED_W_SDA                               0x08002701   Thumb Code    18  oled.o(i.OLED_W_SDA)
    OLED_WriteCommand                        0x08002719   Thumb Code    32  oled.o(i.OLED_WriteCommand)
    OLED_WriteData                           0x08002739   Thumb Code    32  oled.o(i.OLED_WriteData)
    OSEventNameSet                           0x08002759   Thumb Code   122  os_core.o(i.OSEventNameSet)
    OSInit                                   0x080027d9   Thumb Code    52  os_core.o(i.OSInit)
    OSInitHookBegin                          0x0800280d   Thumb Code    48  os_cpu_c.o(i.OSInitHookBegin)
    OSInitHookEnd                            0x08002851   Thumb Code     2  os_cpu_c.o(i.OSInitHookEnd)
    OSIntEnter                               0x08002855   Thumb Code    34  os_core.o(i.OSIntEnter)
    OSIntExit                                0x08002881   Thumb Code   144  os_core.o(i.OSIntExit)
    OSSchedLock                              0x08002931   Thumb Code    60  os_core.o(i.OSSchedLock)
    OSSchedUnlock                            0x08002979   Thumb Code   100  os_core.o(i.OSSchedUnlock)
    OSSemCreate                              0x080029e9   Thumb Code    92  os_sem.o(i.OSSemCreate)
    OSSemPend                                0x08002a51   Thumb Code   324  os_sem.o(i.OSSemPend)
    OSSemPost                                0x08002ba1   Thumb Code   160  os_sem.o(i.OSSemPost)
    OSStart                                  0x08002c41   Thumb Code    48  os_core.o(i.OSStart)
    OSTCBInitHook                            0x08002c89   Thumb Code    12  os_cpu_c.o(i.OSTCBInitHook)
    OSTaskCreate                             0x08002c95   Thumb Code   262  os_task.o(i.OSTaskCreate)
    OSTaskCreateExt                          0x08002da9   Thumb Code   282  os_task.o(i.OSTaskCreateExt)
    OSTaskCreateHook                         0x08002ed1   Thumb Code    12  os_cpu_c.o(i.OSTaskCreateHook)
    OSTaskDel                                0x08002edd   Thumb Code   354  os_task.o(i.OSTaskDel)
    OSTaskDelHook                            0x0800306d   Thumb Code    12  os_cpu_c.o(i.OSTaskDelHook)
    OSTaskIdleHook                           0x08003079   Thumb Code     8  os_cpu_c.o(i.OSTaskIdleHook)
    OSTaskNameGet                            0x08003081   Thumb Code   158  os_task.o(i.OSTaskNameGet)
    OSTaskNameSet                            0x0800312d   Thumb Code   158  os_task.o(i.OSTaskNameSet)
    OSTaskReturnHook                         0x080031d9   Thumb Code    12  os_cpu_c.o(i.OSTaskReturnHook)
    OSTaskStatHook                           0x080031e5   Thumb Code     8  os_cpu_c.o(i.OSTaskStatHook)
    OSTaskStkChk                             0x080031ed   Thumb Code   168  os_task.o(i.OSTaskStkChk)
    OSTaskStkInit                            0x0800329d   Thumb Code   170  os_cpu_c.o(i.OSTaskStkInit)
    OSTaskSuspend                            0x0800334d   Thumb Code   196  os_task.o(i.OSTaskSuspend)
    OSTaskSwHook                             0x08003421   Thumb Code    16  os_cpu_c.o(i.OSTaskSwHook)
    OSTimeDly                                0x08003435   Thumb Code   118  os_time.o(i.OSTimeDly)
    OSTimeGet                                0x080034c1   Thumb Code    34  os_time.o(i.OSTimeGet)
    OSTimeTick                               0x080034e9   Thumb Code   246  os_core.o(i.OSTimeTick)
    OSTimeTickHook                           0x080035f9   Thumb Code    34  os_cpu_c.o(i.OSTimeTickHook)
    OSTmrSignal                              0x08003621   Thumb Code    16  os_tmr.o(i.OSTmrSignal)
    OSTmr_Init                               0x08003635   Thumb Code   168  os_tmr.o(i.OSTmr_Init)
    OS_Dummy                                 0x080038c9   Thumb Code     2  os_core.o(i.OS_Dummy)
    OS_EventTaskRdy                          0x080038cd   Thumb Code   138  os_core.o(i.OS_EventTaskRdy)
    OS_EventTaskRemove                       0x08003969   Thumb Code    46  os_core.o(i.OS_EventTaskRemove)
    OS_EventTaskRemoveMulti                  0x08003997   Thumb Code    58  os_core.o(i.OS_EventTaskRemoveMulti)
    OS_EventTaskWait                         0x080039d1   Thumb Code   122  os_core.o(i.OS_EventTaskWait)
    OS_EventWaitListInit                     0x08003a59   Thumb Code    28  os_core.o(i.OS_EventWaitListInit)
    OS_FlagInit                              0x08003a75   Thumb Code    74  os_flag.o(i.OS_FlagInit)
    OS_FlagUnlink                            0x08003acd   Thumb Code    36  os_flag.o(i.OS_FlagUnlink)
    OS_MemClr                                0x08003d11   Thumb Code    18  os_core.o(i.OS_MemClr)
    OS_MemInit                               0x08003d25   Thumb Code    74  os_mem.o(i.OS_MemInit)
    OS_QInit                                 0x08003d7d   Thumb Code    72  os_q.o(i.OS_QInit)
    OS_Sched                                 0x08003dcd   Thumb Code    98  os_core.o(i.OS_Sched)
    OS_StrLen                                0x08003e79   Thumb Code    28  os_core.o(i.OS_StrLen)
    OS_TCBInit                               0x08003e95   Thumb Code   336  os_core.o(i.OS_TCBInit)
    OS_TaskIdle                              0x08004001   Thumb Code    42  os_core.o(i.OS_TaskIdle)
    OS_TaskReturn                            0x08004031   Thumb Code    18  os_task.o(i.OS_TaskReturn)
    OS_TaskStat                              0x08004049   Thumb Code   218  os_core.o(i.OS_TaskStat)
    OS_TaskStatStkChk                        0x08004139   Thumb Code    54  os_core.o(i.OS_TaskStatStkChk)
    OS_TaskStkClr                            0x08004175   Thumb Code    26  os_task.o(i.OS_TaskStkClr)
    PPM_Init                                 0x08004191   Thumb Code   198  ppm.o(i.PPM_Init)
    PWM_Init                                 0x0800425d   Thumb Code   274  pwm.o(i.PWM_Init)
    PWM_SetCompareAll                        0x0800437d   Thumb Code    38  pwm.o(i.PWM_SetCompareAll)
    RCC_AHB1PeriphClockCmd                   0x080043a9   Thumb Code    26  stm32f4xx_rcc.o(i.RCC_AHB1PeriphClockCmd)
    RCC_APB1PeriphClockCmd                   0x080043c9   Thumb Code    26  stm32f4xx_rcc.o(i.RCC_APB1PeriphClockCmd)
    RCC_APB2PeriphClockCmd                   0x080043e9   Thumb Code    26  stm32f4xx_rcc.o(i.RCC_APB2PeriphClockCmd)
    RCC_GetClocksFreq                        0x08004409   Thumb Code   214  stm32f4xx_rcc.o(i.RCC_GetClocksFreq)
    SEGGER_RTT_AllocUpBuffer                 0x080044f1   Thumb Code   194  segger_rtt.o(i.SEGGER_RTT_AllocUpBuffer)
    SEGGER_RTT_ConfigDownBuffer              0x080045b9   Thumb Code   114  segger_rtt.o(i.SEGGER_RTT_ConfigDownBuffer)
    SEGGER_RTT_ReadNoLock                    0x08004631   Thumb Code   166  segger_rtt.o(i.SEGGER_RTT_ReadNoLock)
    SEGGER_RTT_WriteSkipNoLock               0x080046dd   Thumb Code   154  segger_rtt.o(i.SEGGER_RTT_WriteSkipNoLock)
    SEGGER_SYSVIEW_Conf                      0x0800477d   Thumb Code    24  segger_sysview_config_ucosii.o(i.SEGGER_SYSVIEW_Conf)
    SEGGER_SYSVIEW_GetSysDesc                0x080047a1   Thumb Code   180  segger_sysview.o(i.SEGGER_SYSVIEW_GetSysDesc)
    SEGGER_SYSVIEW_Init                      0x0800485d   Thumb Code    80  segger_sysview.o(i.SEGGER_SYSVIEW_Init)
    SEGGER_SYSVIEW_NameResource              0x080048c5   Thumb Code   104  segger_sysview.o(i.SEGGER_SYSVIEW_NameResource)
    SEGGER_SYSVIEW_OnIdle                    0x08004935   Thumb Code    48  segger_sysview.o(i.SEGGER_SYSVIEW_OnIdle)
    SEGGER_SYSVIEW_OnTaskCreate              0x08004969   Thumb Code    90  segger_sysview.o(i.SEGGER_SYSVIEW_OnTaskCreate)
    SEGGER_SYSVIEW_OnTaskStartExec           0x080049cd   Thumb Code    90  segger_sysview.o(i.SEGGER_SYSVIEW_OnTaskStartExec)
    SEGGER_SYSVIEW_OnTaskStartReady          0x08004a31   Thumb Code    90  segger_sysview.o(i.SEGGER_SYSVIEW_OnTaskStartReady)
    SEGGER_SYSVIEW_OnTaskStopReady           0x08004a95   Thumb Code   122  segger_sysview.o(i.SEGGER_SYSVIEW_OnTaskStopReady)
    SEGGER_SYSVIEW_RecordEndCallU32          0x08004b19   Thumb Code   116  segger_sysview.o(i.SEGGER_SYSVIEW_RecordEndCallU32)
    SEGGER_SYSVIEW_RecordEnterISR            0x08004b91   Thumb Code    90  segger_sysview.o(i.SEGGER_SYSVIEW_RecordEnterISR)
    SEGGER_SYSVIEW_RecordExitISR             0x08004bf5   Thumb Code    48  segger_sysview.o(i.SEGGER_SYSVIEW_RecordExitISR)
    SEGGER_SYSVIEW_RecordExitISRToScheduler  0x08004c29   Thumb Code    48  segger_sysview.o(i.SEGGER_SYSVIEW_RecordExitISRToScheduler)
    SEGGER_SYSVIEW_RecordSystime             0x08004c5d   Thumb Code    52  segger_sysview.o(i.SEGGER_SYSVIEW_RecordSystime)
    SEGGER_SYSVIEW_RecordU32                 0x08004c99   Thumb Code    88  segger_sysview.o(i.SEGGER_SYSVIEW_RecordU32)
    SEGGER_SYSVIEW_RecordU32x2               0x08004cf5   Thumb Code   118  segger_sysview.o(i.SEGGER_SYSVIEW_RecordU32x2)
    SEGGER_SYSVIEW_RecordVoid                0x08004d71   Thumb Code    50  segger_sysview.o(i.SEGGER_SYSVIEW_RecordVoid)
    SEGGER_SYSVIEW_SendModule                0x08004da9   Thumb Code   172  segger_sysview.o(i.SEGGER_SYSVIEW_SendModule)
    SEGGER_SYSVIEW_SendModuleDescription     0x08004e5d   Thumb Code    30  segger_sysview.o(i.SEGGER_SYSVIEW_SendModuleDescription)
    SEGGER_SYSVIEW_SendNumModules            0x08004e81   Thumb Code    80  segger_sysview.o(i.SEGGER_SYSVIEW_SendNumModules)
    SEGGER_SYSVIEW_SendSysDesc               0x08004ed9   Thumb Code    66  segger_sysview.o(i.SEGGER_SYSVIEW_SendSysDesc)
    SEGGER_SYSVIEW_SendTaskInfo              0x08004f21   Thumb Code   260  segger_sysview.o(i.SEGGER_SYSVIEW_SendTaskInfo)
    SEGGER_SYSVIEW_SendTaskList              0x0800502d   Thumb Code    26  segger_sysview.o(i.SEGGER_SYSVIEW_SendTaskList)
    SEGGER_SYSVIEW_SetRAMBase                0x0800504d   Thumb Code     6  segger_sysview.o(i.SEGGER_SYSVIEW_SetRAMBase)
    SEGGER_SYSVIEW_ShrinkId                  0x08005059   Thumb Code    10  segger_sysview.o(i.SEGGER_SYSVIEW_ShrinkId)
    SEGGER_SYSVIEW_Start                     0x08005069   Thumb Code   240  segger_sysview.o(i.SEGGER_SYSVIEW_Start)
    SEGGER_SYSVIEW_Stop                      0x08005165   Thumb Code    60  segger_sysview.o(i.SEGGER_SYSVIEW_Stop)
    SEGGER_SYSVIEW_Warn                      0x080051a9   Thumb Code   122  segger_sysview.o(i.SEGGER_SYSVIEW_Warn)
    SYSVIEW_AddTask                          0x08005229   Thumb Code   146  segger_sysview_ucosii.o(i.SYSVIEW_AddTask)
    SYSVIEW_RecordU32Register                0x080052cd   Thumb Code   112  segger_sysview_ucosii.o(i.SYSVIEW_RecordU32Register)
    SYSVIEW_SendResourceList                 0x08005349   Thumb Code    70  segger_sysview_ucosii.o(i.SYSVIEW_SendResourceList)
    SYSVIEW_SendTaskInfo                     0x08005399   Thumb Code    50  segger_sysview_ucosii.o(i.SYSVIEW_SendTaskInfo)
    SYSVIEW_TaskReady                        0x080053cd   Thumb Code    22  segger_sysview_ucosii.o(i.SYSVIEW_TaskReady)
    SYSVIEW_TaskSuspend                      0x080053e9   Thumb Code    24  segger_sysview_ucosii.o(i.SYSVIEW_TaskSuspend)
    SYSVIEW_TaskSwitchedIn                   0x08005405   Thumb Code    28  segger_sysview_ucosii.o(i.SYSVIEW_TaskSwitchedIn)
    SYSVIEW_UpdateResource                   0x08005425   Thumb Code    84  segger_sysview_ucosii.o(i.SYSVIEW_UpdateResource)
    SYSVIEW_UpdateTask                       0x08005481   Thumb Code   144  segger_sysview_ucosii.o(i.SYSVIEW_UpdateTask)
    SysTick_Handler                          0x0800551d   Thumb Code    38  os_cpu_c.o(i.SysTick_Handler)
    TASK_ChangeMotor                         0x08005545   Thumb Code    46  task.o(i.TASK_ChangeMotor)
    TASK_ShowGY86Data                        0x0800557d   Thumb Code   110  task.o(i.TASK_ShowGY86Data)
    TIM2_IRQHandler                          0x08005765   Thumb Code   132  task.o(i.TIM2_IRQHandler)
    TIM_ARRPreloadConfig                     0x080057f5   Thumb Code    24  stm32f4xx_tim.o(i.TIM_ARRPreloadConfig)
    TIM_ClearITPendingBit                    0x0800580d   Thumb Code     6  stm32f4xx_tim.o(i.TIM_ClearITPendingBit)
    TIM_Cmd                                  0x08005813   Thumb Code    24  stm32f4xx_tim.o(i.TIM_Cmd)
    TIM_GetCapture1                          0x0800582b   Thumb Code     6  stm32f4xx_tim.o(i.TIM_GetCapture1)
    TIM_GetITStatus                          0x08005831   Thumb Code    34  stm32f4xx_tim.o(i.TIM_GetITStatus)
    TIM_ICInit                               0x08005853   Thumb Code   110  stm32f4xx_tim.o(i.TIM_ICInit)
    TIM_ITConfig                             0x080058c1   Thumb Code    18  stm32f4xx_tim.o(i.TIM_ITConfig)
    TIM_OC1Init                              0x080058d5   Thumb Code   114  stm32f4xx_tim.o(i.TIM_OC1Init)
    TIM_OC1PreloadConfig                     0x08005951   Thumb Code    18  stm32f4xx_tim.o(i.TIM_OC1PreloadConfig)
    TIM_OC2Init                              0x08005965   Thumb Code   154  stm32f4xx_tim.o(i.TIM_OC2Init)
    TIM_OC2PreloadConfig                     0x08005a09   Thumb Code    26  stm32f4xx_tim.o(i.TIM_OC2PreloadConfig)
    TIM_OC3Init                              0x08005a25   Thumb Code   150  stm32f4xx_tim.o(i.TIM_OC3Init)
    TIM_OC3PreloadConfig                     0x08005ac5   Thumb Code    18  stm32f4xx_tim.o(i.TIM_OC3PreloadConfig)
    TIM_OC4Init                              0x08005ad9   Thumb Code   112  stm32f4xx_tim.o(i.TIM_OC4Init)
    TIM_OC4PreloadConfig                     0x08005b51   Thumb Code    26  stm32f4xx_tim.o(i.TIM_OC4PreloadConfig)
    TIM_SelectInputTrigger                   0x08005b6b   Thumb Code    18  stm32f4xx_tim.o(i.TIM_SelectInputTrigger)
    TIM_SelectSlaveMode                      0x08005b7d   Thumb Code    18  stm32f4xx_tim.o(i.TIM_SelectSlaveMode)
    TIM_SetCompare1                          0x08005b8f   Thumb Code     4  stm32f4xx_tim.o(i.TIM_SetCompare1)
    TIM_SetCompare2                          0x08005b93   Thumb Code     4  stm32f4xx_tim.o(i.TIM_SetCompare2)
    TIM_SetCompare3                          0x08005b97   Thumb Code     4  stm32f4xx_tim.o(i.TIM_SetCompare3)
    TIM_SetCompare4                          0x08005b9b   Thumb Code     4  stm32f4xx_tim.o(i.TIM_SetCompare4)
    TIM_SetIC1Prescaler                      0x08005b9f   Thumb Code    18  stm32f4xx_tim.o(i.TIM_SetIC1Prescaler)
    TIM_SetIC2Prescaler                      0x08005bb1   Thumb Code    26  stm32f4xx_tim.o(i.TIM_SetIC2Prescaler)
    TIM_SetIC3Prescaler                      0x08005bcb   Thumb Code    18  stm32f4xx_tim.o(i.TIM_SetIC3Prescaler)
    TIM_SetIC4Prescaler                      0x08005bdd   Thumb Code    26  stm32f4xx_tim.o(i.TIM_SetIC4Prescaler)
    TIM_TimeBaseInit                         0x08005bf9   Thumb Code   104  stm32f4xx_tim.o(i.TIM_TimeBaseInit)
    USART6_SendByte                          0x08005c7d   Thumb Code    28  atkble01.o(i.USART6_SendByte)
    USART_Cmd                                0x08005c9d   Thumb Code    24  stm32f4xx_usart.o(i.USART_Cmd)
    USART_GetFlagStatus                      0x08005cb5   Thumb Code    26  stm32f4xx_usart.o(i.USART_GetFlagStatus)
    USART_Init                               0x08005cd1   Thumb Code   204  stm32f4xx_usart.o(i.USART_Init)
    USART_SendData                           0x08005da5   Thumb Code     8  stm32f4xx_usart.o(i.USART_SendData)
    __ARM_fpclassify                         0x08006179   Thumb Code    48  fpclassify.o(i.__ARM_fpclassify)
    _is_digit                                0x0800627d   Thumb Code    14  __printf_wp.o(i._is_digit)
    main                                     0x0800628d   Thumb Code   144  main.o(i.main)
    _get_lc_numeric                          0x08006351   Thumb Code    44  lc_numeric_c.o(locale$$code)
    _get_lc_ctype                            0x0800637d   Thumb Code    44  lc_ctype_c.o(locale$$code)
    _fp_init                                 0x080063a9   Thumb Code    10  fpinit.o(x$fpl$fpinit)
    __fplib_config_fpu_vfp                   0x080063b1   Thumb Code     0  fpinit.o(x$fpl$fpinit)
    __fplib_config_pureend_doubles           0x080063b1   Thumb Code     0  fpinit.o(x$fpl$fpinit)
    _printf_fp_dec                           0x080063b3   Thumb Code     4  printf1.o(x$fpl$printf1)
    _printf_fp_hex                           0x080063b7   Thumb Code     4  printf2.o(x$fpl$printf2)
    OSUnMapTbl                               0x080063ba   Data         256  os_core.o(.constdata)
    __I$use$fp                               0x080063ba   Number         0  usenofp.o(x$fpl$usenofp)
    SYSVIEW_X_OS_TraceAPI                    0x080064bc   Data           8  segger_sysview_ucosii.o(.constdata)
    Region$$Table$$Base                      0x080066a0   Number         0  anon$$obj.o(Region$$Table)
    Region$$Table$$Limit                     0x080066c0   Number         0  anon$$obj.o(Region$$Table)
    __ctype                                  0x080066e9   Data           0  lc_ctype_c.o(locale$$data)
    Load$$RW_IRAM1$$Base                     0x080067ec   Number         0  anon$$obj.o ABSOLUTE
    Image$$RW_IRAM1$$Base                    0x20000000   Number         0  anon$$obj.o ABSOLUTE
    OSCtxSwCtr                               0x20000000   Data           4  os_core.o(.data)
    OSEventFreeList                          0x20000004   Data           4  os_core.o(.data)
    OSFlagFreeList                           0x20000008   Data           4  os_core.o(.data)
    OSCPUUsage                               0x2000000c   Data           1  os_core.o(.data)
    OSIdleCtrMax                             0x20000010   Data           4  os_core.o(.data)
    OSIdleCtrRun                             0x20000014   Data           4  os_core.o(.data)
    OSStatRdy                                0x20000018   Data           1  os_core.o(.data)
    OSIntNesting                             0x20000019   Data           1  os_core.o(.data)
    OSLockNesting                            0x2000001a   Data           1  os_core.o(.data)
    OSPrioCur                                0x2000001b   Data           1  os_core.o(.data)
    OSPrioHighRdy                            0x2000001c   Data           1  os_core.o(.data)
    OSRdyGrp                                 0x2000001d   Data           1  os_core.o(.data)
    OSRdyTbl                                 0x2000001e   Data           8  os_core.o(.data)
    OSRunning                                0x20000026   Data           1  os_core.o(.data)
    OSTaskCtr                                0x20000027   Data           1  os_core.o(.data)
    OSIdleCtr                                0x20000028   Data           4  os_core.o(.data)
    OSTCBCur                                 0x2000002c   Data           4  os_core.o(.data)
    OSTCBFreeList                            0x20000030   Data           4  os_core.o(.data)
    OSTCBHighRdy                             0x20000034   Data           4  os_core.o(.data)
    OSTCBList                                0x20000038   Data           4  os_core.o(.data)
    OSTickStepState                          0x2000003c   Data           1  os_core.o(.data)
    OSMemFreeList                            0x20000040   Data           4  os_core.o(.data)
    OSQFreeList                              0x20000044   Data           4  os_core.o(.data)
    OSTaskRegNextAvailID                     0x20000048   Data           1  os_core.o(.data)
    OSTime                                   0x2000004c   Data           4  os_core.o(.data)
    OSTmrFree                                0x20000050   Data           2  os_core.o(.data)
    OSTmrUsed                                0x20000052   Data           2  os_core.o(.data)
    OSTmrTime                                0x20000054   Data           4  os_core.o(.data)
    OSTmrSem                                 0x20000058   Data           4  os_core.o(.data)
    OSTmrSemSignal                           0x2000005c   Data           4  os_core.o(.data)
    OSTmrFreeList                            0x20000060   Data           4  os_core.o(.data)
    OS_CPU_ExceptStkBase                     0x20000064   Data           4  os_cpu_c.o(.data)
    OS_KA_BASEPRI_Boundary                   0x2000006c   Data           4  os_cpu_c.o(.data)
    x                                        0x20000070   Data           2  task.o(.data)
    y                                        0x20000072   Data           2  task.o(.data)
    z                                        0x20000074   Data           2  task.o(.data)
    AX                                       0x20000076   Data           2  task.o(.data)
    AY                                       0x20000078   Data           2  task.o(.data)
    AZ                                       0x2000007a   Data           2  task.o(.data)
    GX                                       0x2000007c   Data           2  task.o(.data)
    GY                                       0x2000007e   Data           2  task.o(.data)
    GZ                                       0x20000080   Data           2  task.o(.data)
    Cal                                      0x20000082   Data           1  task.o(.data)
    pname                                    0x20000084   Data           4  main.o(.data)
    err                                      0x20000088   Data           1  main.o(.data)
    PPM_Sem                                  0x2000008c   Data           4  main.o(.data)
    SEGGER_SYSVIEW_TickCnt                   0x200000a8   Data           4  segger_sysview.o(.data)
    SEGGER_SYSVIEW_InterruptId               0x200000ac   Data           4  segger_sysview.o(.data)
    Image$$RW_IRAM1$$ZI$$Base                0x200000c0   Number         0  anon$$obj.o ABSOLUTE
    OSEventTbl                               0x200000c0   Data         240  os_core.o(.bss)
    OSFlagTbl                                0x200001b0   Data          80  os_core.o(.bss)
    OSTaskStatStk                            0x20000200   Data         512  os_core.o(.bss)
    OSTaskIdleStk                            0x20000400   Data         512  os_core.o(.bss)
    OSTCBPrioTbl                             0x20000600   Data         256  os_core.o(.bss)
    OSTCBTbl                                 0x20000700   Data        2024  os_core.o(.bss)
    OSMemTbl                                 0x20000ee8   Data         120  os_core.o(.bss)
    OSQTbl                                   0x20000f60   Data          96  os_core.o(.bss)
    OSTmrTbl                                 0x20000fc0   Data         640  os_core.o(.bss)
    OSTmrTaskStk                             0x20001240   Data         512  os_core.o(.bss)
    OSTmrWheelTbl                            0x20001440   Data          56  os_core.o(.bss)
    OS_CPU_ExceptStk                         0x20001478   Data        1024  os_cpu_c.o(.bss)
    Rc_Data                                  0x20001878   Data          16  task.o(.bss)
    TASK_ShowGY86Datastk                     0x20001888   Data         512  main.o(.bss)
    TASK_ChangeMotorstk                      0x20001a88   Data         512  main.o(.bss)
    Clocks                                   0x20001c88   Data          16  delay.o(.bss)
    _SEGGER_RTT                              0x20002518   Data         168  segger_rtt.o(.bss)
    __libspace_start                         0x200046dc   Data          96  libspace.o(.bss)
    __temporary_stack_top$libspace           0x2000473c   Data           0  libspace.o(.bss)



==============================================================================

Memory Map of the image

  Image Entry point : 0x08000195

  Load Region LR_IROM1 (Base: 0x08000000, Size: 0x000068ac, Max: 0x00080000, ABSOLUTE)

    Execution Region ER_IROM1 (Exec base: 0x08000000, Load base: 0x08000000, Size: 0x000067ec, Max: 0x00080000, ABSOLUTE)

    Exec Addr    Load Addr    Size         Type   Attr      Idx    E Section Name        Object

    0x08000000   0x08000000   0x00000194   Data   RO         1009    RESET               startup_stm32f401xx.o
    0x08000194   0x08000194   0x00000008   Code   RO         4081  * !!!main             c_w.l(__main.o)
    0x0800019c   0x0800019c   0x00000034   Code   RO         4404    !!!scatter          c_w.l(__scatter.o)
    0x080001d0   0x080001d0   0x0000001a   Code   RO         4406    !!handler_copy      c_w.l(__scatter_copy.o)
    0x080001ea   0x080001ea   0x00000002   PAD
    0x080001ec   0x080001ec   0x0000001c   Code   RO         4408    !!handler_zi        c_w.l(__scatter_zi.o)
    0x08000208   0x08000208   0x00000000   Code   RO         4165    .ARM.Collect$$_printf_percent$$00000000  c_w.l(_printf_percent.o)
    0x08000208   0x08000208   0x00000006   Code   RO         4154    .ARM.Collect$$_printf_percent$$00000001  c_w.l(_printf_n.o)
    0x0800020e   0x0800020e   0x00000006   Code   RO         4156    .ARM.Collect$$_printf_percent$$00000002  c_w.l(_printf_p.o)
    0x08000214   0x08000214   0x00000006   Code   RO         4161    .ARM.Collect$$_printf_percent$$00000003  c_w.l(_printf_f.o)
    0x0800021a   0x0800021a   0x00000006   Code   RO         4162    .ARM.Collect$$_printf_percent$$00000004  c_w.l(_printf_e.o)
    0x08000220   0x08000220   0x00000006   Code   RO         4163    .ARM.Collect$$_printf_percent$$00000005  c_w.l(_printf_g.o)
    0x08000226   0x08000226   0x00000006   Code   RO         4164    .ARM.Collect$$_printf_percent$$00000006  c_w.l(_printf_a.o)
    0x0800022c   0x0800022c   0x0000000a   Code   RO         4169    .ARM.Collect$$_printf_percent$$00000007  c_w.l(_printf_ll.o)
    0x08000236   0x08000236   0x00000006   Code   RO         4158    .ARM.Collect$$_printf_percent$$00000008  c_w.l(_printf_i.o)
    0x0800023c   0x0800023c   0x00000006   Code   RO         4159    .ARM.Collect$$_printf_percent$$00000009  c_w.l(_printf_d.o)
    0x08000242   0x08000242   0x00000006   Code   RO         4160    .ARM.Collect$$_printf_percent$$0000000A  c_w.l(_printf_u.o)
    0x08000248   0x08000248   0x00000006   Code   RO         4157    .ARM.Collect$$_printf_percent$$0000000B  c_w.l(_printf_o.o)
    0x0800024e   0x0800024e   0x00000006   Code   RO         4155    .ARM.Collect$$_printf_percent$$0000000C  c_w.l(_printf_x.o)
    0x08000254   0x08000254   0x00000006   Code   RO         4166    .ARM.Collect$$_printf_percent$$0000000D  c_w.l(_printf_lli.o)
    0x0800025a   0x0800025a   0x00000006   Code   RO         4167    .ARM.Collect$$_printf_percent$$0000000E  c_w.l(_printf_lld.o)
    0x08000260   0x08000260   0x00000006   Code   RO         4168    .ARM.Collect$$_printf_percent$$0000000F  c_w.l(_printf_llu.o)
    0x08000266   0x08000266   0x00000006   Code   RO         4173    .ARM.Collect$$_printf_percent$$00000010  c_w.l(_printf_llo.o)
    0x0800026c   0x0800026c   0x00000006   Code   RO         4174    .ARM.Collect$$_printf_percent$$00000011  c_w.l(_printf_llx.o)
    0x08000272   0x08000272   0x0000000a   Code   RO         4170    .ARM.Collect$$_printf_percent$$00000012  c_w.l(_printf_l.o)
    0x0800027c   0x0800027c   0x00000006   Code   RO         4152    .ARM.Collect$$_printf_percent$$00000013  c_w.l(_printf_c.o)
    0x08000282   0x08000282   0x00000006   Code   RO         4153    .ARM.Collect$$_printf_percent$$00000014  c_w.l(_printf_s.o)
    0x08000288   0x08000288   0x00000006   Code   RO         4171    .ARM.Collect$$_printf_percent$$00000015  c_w.l(_printf_lc.o)
    0x0800028e   0x0800028e   0x00000006   Code   RO         4172    .ARM.Collect$$_printf_percent$$00000016  c_w.l(_printf_ls.o)
    0x08000294   0x08000294   0x00000004   Code   RO         4215    .ARM.Collect$$_printf_percent$$00000017  c_w.l(_printf_percent_end.o)
    0x08000298   0x08000298   0x00000002   Code   RO         4264    .ARM.Collect$$libinit$$00000000  c_w.l(libinit.o)
    0x0800029a   0x0800029a   0x00000004   Code   RO         4280    .ARM.Collect$$libinit$$00000001  c_w.l(libinit2.o)
    0x0800029e   0x0800029e   0x00000000   Code   RO         4283    .ARM.Collect$$libinit$$00000004  c_w.l(libinit2.o)
    0x0800029e   0x0800029e   0x00000000   Code   RO         4286    .ARM.Collect$$libinit$$0000000A  c_w.l(libinit2.o)
    0x0800029e   0x0800029e   0x00000000   Code   RO         4288    .ARM.Collect$$libinit$$0000000C  c_w.l(libinit2.o)
    0x0800029e   0x0800029e   0x00000000   Code   RO         4290    .ARM.Collect$$libinit$$0000000E  c_w.l(libinit2.o)
    0x0800029e   0x0800029e   0x00000006   Code   RO         4291    .ARM.Collect$$libinit$$0000000F  c_w.l(libinit2.o)
    0x080002a4   0x080002a4   0x00000000   Code   RO         4293    .ARM.Collect$$libinit$$00000011  c_w.l(libinit2.o)
    0x080002a4   0x080002a4   0x0000000c   Code   RO         4294    .ARM.Collect$$libinit$$00000012  c_w.l(libinit2.o)
    0x080002b0   0x080002b0   0x00000000   Code   RO         4295    .ARM.Collect$$libinit$$00000013  c_w.l(libinit2.o)
    0x080002b0   0x080002b0   0x00000000   Code   RO         4297    .ARM.Collect$$libinit$$00000015  c_w.l(libinit2.o)
    0x080002b0   0x080002b0   0x0000000a   Code   RO         4298    .ARM.Collect$$libinit$$00000016  c_w.l(libinit2.o)
    0x080002ba   0x080002ba   0x00000000   Code   RO         4299    .ARM.Collect$$libinit$$00000017  c_w.l(libinit2.o)
    0x080002ba   0x080002ba   0x00000000   Code   RO         4301    .ARM.Collect$$libinit$$00000019  c_w.l(libinit2.o)
    0x080002ba   0x080002ba   0x00000000   Code   RO         4303    .ARM.Collect$$libinit$$0000001B  c_w.l(libinit2.o)
    0x080002ba   0x080002ba   0x00000000   Code   RO         4305    .ARM.Collect$$libinit$$0000001D  c_w.l(libinit2.o)
    0x080002ba   0x080002ba   0x00000000   Code   RO         4307    .ARM.Collect$$libinit$$0000001F  c_w.l(libinit2.o)
    0x080002ba   0x080002ba   0x00000000   Code   RO         4309    .ARM.Collect$$libinit$$00000021  c_w.l(libinit2.o)
    0x080002ba   0x080002ba   0x00000000   Code   RO         4311    .ARM.Collect$$libinit$$00000023  c_w.l(libinit2.o)
    0x080002ba   0x080002ba   0x00000000   Code   RO         4313    .ARM.Collect$$libinit$$00000025  c_w.l(libinit2.o)
    0x080002ba   0x080002ba   0x00000000   Code   RO         4317    .ARM.Collect$$libinit$$0000002C  c_w.l(libinit2.o)
    0x080002ba   0x080002ba   0x00000000   Code   RO         4319    .ARM.Collect$$libinit$$0000002E  c_w.l(libinit2.o)
    0x080002ba   0x080002ba   0x00000000   Code   RO         4321    .ARM.Collect$$libinit$$00000030  c_w.l(libinit2.o)
    0x080002ba   0x080002ba   0x00000000   Code   RO         4323    .ARM.Collect$$libinit$$00000032  c_w.l(libinit2.o)
    0x080002ba   0x080002ba   0x00000002   Code   RO         4324    .ARM.Collect$$libinit$$00000033  c_w.l(libinit2.o)
    0x080002bc   0x080002bc   0x00000002   Code   RO         4344    .ARM.Collect$$libshutdown$$00000000  c_w.l(libshutdown.o)
    0x080002be   0x080002be   0x00000000   Code   RO         4357    .ARM.Collect$$libshutdown$$00000002  c_w.l(libshutdown2.o)
    0x080002be   0x080002be   0x00000000   Code   RO         4359    .ARM.Collect$$libshutdown$$00000004  c_w.l(libshutdown2.o)
    0x080002be   0x080002be   0x00000000   Code   RO         4362    .ARM.Collect$$libshutdown$$00000007  c_w.l(libshutdown2.o)
    0x080002be   0x080002be   0x00000000   Code   RO         4365    .ARM.Collect$$libshutdown$$0000000A  c_w.l(libshutdown2.o)
    0x080002be   0x080002be   0x00000000   Code   RO         4367    .ARM.Collect$$libshutdown$$0000000C  c_w.l(libshutdown2.o)
    0x080002be   0x080002be   0x00000000   Code   RO         4370    .ARM.Collect$$libshutdown$$0000000F  c_w.l(libshutdown2.o)
    0x080002be   0x080002be   0x00000002   Code   RO         4371    .ARM.Collect$$libshutdown$$00000010  c_w.l(libshutdown2.o)
    0x080002c0   0x080002c0   0x00000000   Code   RO         4083    .ARM.Collect$$rtentry$$00000000  c_w.l(__rtentry.o)
    0x080002c0   0x080002c0   0x00000000   Code   RO         4186    .ARM.Collect$$rtentry$$00000002  c_w.l(__rtentry2.o)
    0x080002c0   0x080002c0   0x00000006   Code   RO         4198    .ARM.Collect$$rtentry$$00000004  c_w.l(__rtentry4.o)
    0x080002c6   0x080002c6   0x00000000   Code   RO         4188    .ARM.Collect$$rtentry$$00000009  c_w.l(__rtentry2.o)
    0x080002c6   0x080002c6   0x00000004   Code   RO         4189    .ARM.Collect$$rtentry$$0000000A  c_w.l(__rtentry2.o)
    0x080002ca   0x080002ca   0x00000000   Code   RO         4191    .ARM.Collect$$rtentry$$0000000C  c_w.l(__rtentry2.o)
    0x080002ca   0x080002ca   0x00000008   Code   RO         4192    .ARM.Collect$$rtentry$$0000000D  c_w.l(__rtentry2.o)
    0x080002d2   0x080002d2   0x00000002   Code   RO         4273    .ARM.Collect$$rtexit$$00000000  c_w.l(rtexit.o)
    0x080002d4   0x080002d4   0x00000000   Code   RO         4326    .ARM.Collect$$rtexit$$00000002  c_w.l(rtexit2.o)
    0x080002d4   0x080002d4   0x00000004   Code   RO         4327    .ARM.Collect$$rtexit$$00000003  c_w.l(rtexit2.o)
    0x080002d8   0x080002d8   0x00000006   Code   RO         4328    .ARM.Collect$$rtexit$$00000004  c_w.l(rtexit2.o)
    0x080002de   0x080002de   0x00000002   PAD
    0x080002e0   0x080002e0   0x000001a8   Code   RO          946    .text               os_cpu_a.o
    0x08000488   0x08000488   0x00000048   Code   RO         1010    .text               startup_stm32f401xx.o
    0x080004d0   0x080004d0   0x00000038   Code   RO         1233    .text               myscratterload.o
    0x08000508   0x08000508   0x00000024   Code   RO         4071    .text               c_w.l(vsprintf.o)
    0x0800052c   0x0800052c   0x0000008a   Code   RO         4075    .text               c_w.l(rt_memcpy_v6.o)
    0x080005b6   0x080005b6   0x0000004e   Code   RO         4077    .text               c_w.l(rt_memclr_w.o)
    0x08000604   0x08000604   0x00000006   Code   RO         4079    .text               c_w.l(heapauxi.o)
    0x0800060a   0x0800060a   0x0000004e   Code   RO         4086    .text               c_w.l(_printf_pad.o)
    0x08000658   0x08000658   0x00000024   Code   RO         4088    .text               c_w.l(_printf_truncate.o)
    0x0800067c   0x0800067c   0x00000052   Code   RO         4090    .text               c_w.l(_printf_str.o)
    0x080006ce   0x080006ce   0x00000002   PAD
    0x080006d0   0x080006d0   0x00000078   Code   RO         4092    .text               c_w.l(_printf_dec.o)
    0x08000748   0x08000748   0x00000028   Code   RO         4094    .text               c_w.l(_printf_charcount.o)
    0x08000770   0x08000770   0x00000030   Code   RO         4096    .text               c_w.l(_printf_char_common.o)
    0x080007a0   0x080007a0   0x0000000a   Code   RO         4098    .text               c_w.l(_sputc.o)
    0x080007aa   0x080007aa   0x00000002   PAD
    0x080007ac   0x080007ac   0x000000bc   Code   RO         4100    .text               c_w.l(_printf_wctomb.o)
    0x08000868   0x08000868   0x0000007c   Code   RO         4103    .text               c_w.l(_printf_longlong_dec.o)
    0x080008e4   0x080008e4   0x00000070   Code   RO         4109    .text               c_w.l(_printf_oct_int_ll.o)
    0x08000954   0x08000954   0x00000094   Code   RO         4129    .text               c_w.l(_printf_hex_int_ll_ptr.o)
    0x080009e8   0x080009e8   0x00000188   Code   RO         4149    .text               c_w.l(__printf_flags_ss_wp.o)
    0x08000b70   0x08000b70   0x00000064   Code   RO         4175    .text               c_w.l(rt_memcpy_w.o)
    0x08000bd4   0x08000bd4   0x0000008a   Code   RO         4200    .text               c_w.l(lludiv10.o)
    0x08000c5e   0x08000c5e   0x000000b2   Code   RO         4202    .text               c_w.l(_printf_intcommon.o)
    0x08000d10   0x08000d10   0x0000041e   Code   RO         4204    .text               c_w.l(_printf_fp_dec.o)
    0x0800112e   0x0800112e   0x00000002   PAD
    0x08001130   0x08001130   0x000002fc   Code   RO         4206    .text               c_w.l(_printf_fp_hex.o)
    0x0800142c   0x0800142c   0x0000002c   Code   RO         4211    .text               c_w.l(_printf_char.o)
    0x08001458   0x08001458   0x0000002c   Code   RO         4213    .text               c_w.l(_printf_wchar.o)
    0x08001484   0x08001484   0x00000040   Code   RO         4216    .text               c_w.l(_wcrtomb.o)
    0x080014c4   0x080014c4   0x0000004a   Code   RO         4218    .text               c_w.l(sys_stackheap_outer.o)
    0x0800150e   0x0800150e   0x00000002   PAD
    0x08001510   0x08001510   0x00000010   Code   RO         4220    .text               c_w.l(rt_ctype_table.o)
    0x08001520   0x08001520   0x00000008   Code   RO         4225    .text               c_w.l(rt_locale_intlibspace.o)
    0x08001528   0x08001528   0x00000080   Code   RO         4227    .text               c_w.l(_printf_fp_infnan.o)
    0x080015a8   0x080015a8   0x000000e4   Code   RO         4229    .text               c_w.l(bigflt0.o)
    0x0800168c   0x0800168c   0x00000012   Code   RO         4257    .text               c_w.l(exit.o)
    0x0800169e   0x0800169e   0x00000002   PAD
    0x080016a0   0x080016a0   0x00000008   Code   RO         4270    .text               c_w.l(libspace.o)
    0x080016a8   0x080016a8   0x00000080   Code   RO         4278    .text               c_w.l(strcmpv7m.o)
    0x08001728   0x08001728   0x0000000c   Code   RO         4336    .text               c_w.l(sys_exit.o)
    0x08001734   0x08001734   0x00000002   Code   RO         4347    .text               c_w.l(use_no_semi.o)
    0x08001736   0x08001736   0x00000000   Code   RO         4349    .text               c_w.l(indicate_semi.o)
    0x08001736   0x08001736   0x0000003e   Code   RO         4232    CL$$btod_d2e        c_w.l(btod.o)
    0x08001774   0x08001774   0x00000046   Code   RO         4234    CL$$btod_d2e_denorm_low  c_w.l(btod.o)
    0x080017ba   0x080017ba   0x00000060   Code   RO         4233    CL$$btod_d2e_norm_op1  c_w.l(btod.o)
    0x0800181a   0x0800181a   0x00000338   Code   RO         4242    CL$$btod_div_common  c_w.l(btod.o)
    0x08001b52   0x08001b52   0x000000dc   Code   RO         4239    CL$$btod_e2e        c_w.l(btod.o)
    0x08001c2e   0x08001c2e   0x0000002a   Code   RO         4236    CL$$btod_ediv       c_w.l(btod.o)
    0x08001c58   0x08001c58   0x0000002a   Code   RO         4235    CL$$btod_emul       c_w.l(btod.o)
    0x08001c82   0x08001c82   0x00000244   Code   RO         4241    CL$$btod_mult_common  c_w.l(btod.o)
    0x08001ec6   0x08001ec6   0x00000002   Code   RO          950    i.App_TCBInitHook   myhook.o
    0x08001ec8   0x08001ec8   0x00000002   Code   RO          951    i.App_TaskCreateHook  myhook.o
    0x08001eca   0x08001eca   0x00000002   Code   RO          952    i.App_TaskDelHook   myhook.o
    0x08001ecc   0x08001ecc   0x00000002   Code   RO          953    i.App_TaskIdleHook  myhook.o
    0x08001ece   0x08001ece   0x00000002   Code   RO          954    i.App_TaskReturnHook  myhook.o
    0x08001ed0   0x08001ed0   0x00000002   Code   RO          955    i.App_TaskStatHook  myhook.o
    0x08001ed2   0x08001ed2   0x00000002   Code   RO          956    i.App_TaskSwHook    myhook.o
    0x08001ed4   0x08001ed4   0x00000002   Code   RO          957    i.App_TimeTickHook  myhook.o
    0x08001ed6   0x08001ed6   0x00000002   PAD
    0x08001ed8   0x08001ed8   0x000000b8   Code   RO         1301    i.BLE_Init          atkble01.o
    0x08001f90   0x08001f90   0x00000024   Code   RO         1303    i.BLE_Printf        atkble01.o
    0x08001fb4   0x08001fb4   0x0000001a   Code   RO         1306    i.BLE_SendString    atkble01.o
    0x08001fce   0x08001fce   0x0000001a   Code   RO         1197    i.Delay_ms          delay.o
    0x08001fe8   0x08001fe8   0x0000001a   Code   RO         1198    i.Delay_s           delay.o
    0x08002002   0x08002002   0x00000002   PAD
    0x08002004   0x08002004   0x0000004c   Code   RO         1199    i.Delay_us          delay.o
    0x08002050   0x08002050   0x00000090   Code   RO         1941    i.GPIO_Init         stm32f4xx_gpio.o
    0x080020e0   0x080020e0   0x00000046   Code   RO         1942    i.GPIO_PinAFConfig  stm32f4xx_gpio.o
    0x08002126   0x08002126   0x00000012   Code   RO         1945    i.GPIO_ReadInputDataBit  stm32f4xx_gpio.o
    0x08002138   0x08002138   0x00000004   Code   RO         1949    i.GPIO_SetBits      stm32f4xx_gpio.o
    0x0800213c   0x0800213c   0x0000000c   Code   RO         1953    i.GPIO_WriteBit     stm32f4xx_gpio.o
    0x08002148   0x08002148   0x00000118   Code   RO         1370    i.GY86_GetData      gy86.o
    0x08002260   0x08002260   0x00000010   Code   RO         1371    i.GY86_Init         gy86.o
    0x08002270   0x08002270   0x00000042   Code   RO         1372    i.GY86_ReadRegister  gy86.o
    0x080022b2   0x080022b2   0x00000030   Code   RO         1373    i.GY86_WriteRegister  gy86.o
    0x080022e2   0x080022e2   0x00000036   Code   RO         1374    i.HMC5883L_Init     gy86.o
    0x08002318   0x08002318   0x00000044   Code   RO         1375    i.MPU6050_Init      gy86.o
    0x0800235c   0x0800235c   0x00000038   Code   RO         1427    i.MyIIC_Init        myiic.o
    0x08002394   0x08002394   0x0000001c   Code   RO         1429    i.MyIIC_R_SDA       myiic.o
    0x080023b0   0x080023b0   0x0000001e   Code   RO         1430    i.MyIIC_ReceiveACK  myiic.o
    0x080023ce   0x080023ce   0x00000034   Code   RO         1431    i.MyIIC_ReceiveByte  myiic.o
    0x08002402   0x08002402   0x00000018   Code   RO         1432    i.MyIIC_SendACK     myiic.o
    0x0800241a   0x0800241a   0x0000002a   Code   RO         1433    i.MyIIC_SendByte    myiic.o
    0x08002444   0x08002444   0x0000001c   Code   RO         1434    i.MyIIC_Start       myiic.o
    0x08002460   0x08002460   0x00000016   Code   RO         1435    i.MyIIC_Stop        myiic.o
    0x08002476   0x08002476   0x00000002   PAD
    0x08002478   0x08002478   0x0000001c   Code   RO         1436    i.MyIIC_W_SCL       myiic.o
    0x08002494   0x08002494   0x0000001c   Code   RO         1437    i.MyIIC_W_SDA       myiic.o
    0x080024b0   0x080024b0   0x00000078   Code   RO         1700    i.NVIC_Init         misc.o
    0x08002528   0x08002528   0x0000002a   Code   RO         1514    i.OLED_Clear        oled.o
    0x08002552   0x08002552   0x00000002   PAD
    0x08002554   0x08002554   0x00000048   Code   RO         1515    i.OLED_I2C_Init     oled.o
    0x0800259c   0x0800259c   0x0000003c   Code   RO         1516    i.OLED_I2C_SendByte  oled.o
    0x080025d8   0x080025d8   0x00000022   Code   RO         1517    i.OLED_I2C_Start    oled.o
    0x080025fa   0x080025fa   0x0000001c   Code   RO         1518    i.OLED_I2C_Stop     oled.o
    0x08002616   0x08002616   0x000000ae   Code   RO         1519    i.OLED_Init         oled.o
    0x080026c4   0x080026c4   0x00000022   Code   RO         1521    i.OLED_SetCursor    oled.o
    0x080026e6   0x080026e6   0x00000002   PAD
    0x080026e8   0x080026e8   0x00000018   Code   RO         1528    i.OLED_W_SCL        oled.o
    0x08002700   0x08002700   0x00000018   Code   RO         1529    i.OLED_W_SDA        oled.o
    0x08002718   0x08002718   0x00000020   Code   RO         1530    i.OLED_WriteCommand  oled.o
    0x08002738   0x08002738   0x00000020   Code   RO         1531    i.OLED_WriteData    oled.o
    0x08002758   0x08002758   0x00000080   Code   RO            2    i.OSEventNameSet    os_core.o
    0x080027d8   0x080027d8   0x00000034   Code   RO            4    i.OSInit            os_core.o
    0x0800280c   0x0800280c   0x00000044   Code   RO          857    i.OSInitHookBegin   os_cpu_c.o
    0x08002850   0x08002850   0x00000002   Code   RO          858    i.OSInitHookEnd     os_cpu_c.o
    0x08002852   0x08002852   0x00000002   PAD
    0x08002854   0x08002854   0x0000002c   Code   RO            5    i.OSIntEnter        os_core.o
    0x08002880   0x08002880   0x000000b0   Code   RO            6    i.OSIntExit         os_core.o
    0x08002930   0x08002930   0x00000048   Code   RO            7    i.OSSchedLock       os_core.o
    0x08002978   0x08002978   0x00000070   Code   RO            8    i.OSSchedUnlock     os_core.o
    0x080029e8   0x080029e8   0x00000068   Code   RO          576    i.OSSemCreate       os_sem.o
    0x08002a50   0x08002a50   0x00000150   Code   RO          578    i.OSSemPend         os_sem.o
    0x08002ba0   0x08002ba0   0x000000a0   Code   RO          580    i.OSSemPost         os_sem.o
    0x08002c40   0x08002c40   0x00000048   Code   RO            9    i.OSStart           os_core.o
    0x08002c88   0x08002c88   0x0000000c   Code   RO          859    i.OSTCBInitHook     os_cpu_c.o
    0x08002c94   0x08002c94   0x00000114   Code   RO          630    i.OSTaskCreate      os_task.o
    0x08002da8   0x08002da8   0x00000128   Code   RO          631    i.OSTaskCreateExt   os_task.o
    0x08002ed0   0x08002ed0   0x0000000c   Code   RO          860    i.OSTaskCreateHook  os_cpu_c.o
    0x08002edc   0x08002edc   0x00000190   Code   RO          632    i.OSTaskDel         os_task.o
    0x0800306c   0x0800306c   0x0000000c   Code   RO          861    i.OSTaskDelHook     os_cpu_c.o
    0x08003078   0x08003078   0x00000008   Code   RO          862    i.OSTaskIdleHook    os_cpu_c.o
    0x08003080   0x08003080   0x000000ac   Code   RO          634    i.OSTaskNameGet     os_task.o
    0x0800312c   0x0800312c   0x000000ac   Code   RO          635    i.OSTaskNameSet     os_task.o
    0x080031d8   0x080031d8   0x0000000c   Code   RO          863    i.OSTaskReturnHook  os_cpu_c.o
    0x080031e4   0x080031e4   0x00000008   Code   RO          864    i.OSTaskStatHook    os_cpu_c.o
    0x080031ec   0x080031ec   0x000000b0   Code   RO          641    i.OSTaskStkChk      os_task.o
    0x0800329c   0x0800329c   0x000000b0   Code   RO          865    i.OSTaskStkInit     os_cpu_c.o
    0x0800334c   0x0800334c   0x000000d4   Code   RO          642    i.OSTaskSuspend     os_task.o
    0x08003420   0x08003420   0x00000014   Code   RO          866    i.OSTaskSwHook      os_cpu_c.o
    0x08003434   0x08003434   0x0000008c   Code   RO          731    i.OSTimeDly         os_time.o
    0x080034c0   0x080034c0   0x00000028   Code   RO          734    i.OSTimeGet         os_time.o
    0x080034e8   0x080034e8   0x00000110   Code   RO           11    i.OSTimeTick        os_core.o
    0x080035f8   0x080035f8   0x00000028   Code   RO          867    i.OSTimeTickHook    os_cpu_c.o
    0x08003620   0x08003620   0x00000014   Code   RO          771    i.OSTmrSignal       os_tmr.o
    0x08003634   0x08003634   0x000000f4   Code   RO          777    i.OSTmr_Init        os_tmr.o
    0x08003728   0x08003728   0x00000050   Code   RO          778    i.OSTmr_InitTask    os_tmr.o
    0x08003778   0x08003778   0x00000074   Code   RO          779    i.OSTmr_Link        os_tmr.o
    0x080037ec   0x080037ec   0x00000094   Code   RO          780    i.OSTmr_Task        os_tmr.o
    0x08003880   0x08003880   0x00000048   Code   RO          781    i.OSTmr_Unlink      os_tmr.o
    0x080038c8   0x080038c8   0x00000002   Code   RO           13    i.OS_Dummy          os_core.o
    0x080038ca   0x080038ca   0x00000002   PAD
    0x080038cc   0x080038cc   0x0000009c   Code   RO           14    i.OS_EventTaskRdy   os_core.o
    0x08003968   0x08003968   0x0000002e   Code   RO           15    i.OS_EventTaskRemove  os_core.o
    0x08003996   0x08003996   0x0000003a   Code   RO           16    i.OS_EventTaskRemoveMulti  os_core.o
    0x080039d0   0x080039d0   0x00000088   Code   RO           17    i.OS_EventTaskWait  os_core.o
    0x08003a58   0x08003a58   0x0000001c   Code   RO           19    i.OS_EventWaitListInit  os_core.o
    0x08003a74   0x08003a74   0x00000058   Code   RO          282    i.OS_FlagInit       os_flag.o
    0x08003acc   0x08003acc   0x00000024   Code   RO          284    i.OS_FlagUnlink     os_flag.o
    0x08003af0   0x08003af0   0x00000060   Code   RO           20    i.OS_InitEventList  os_core.o
    0x08003b50   0x08003b50   0x0000005c   Code   RO           21    i.OS_InitMisc       os_core.o
    0x08003bac   0x08003bac   0x00000044   Code   RO           22    i.OS_InitRdyList    os_core.o
    0x08003bf0   0x08003bf0   0x00000080   Code   RO           23    i.OS_InitTCBList    os_core.o
    0x08003c70   0x08003c70   0x00000050   Code   RO           24    i.OS_InitTaskIdle   os_core.o
    0x08003cc0   0x08003cc0   0x00000050   Code   RO           25    i.OS_InitTaskStat   os_core.o
    0x08003d10   0x08003d10   0x00000012   Code   RO           26    i.OS_MemClr         os_core.o
    0x08003d22   0x08003d22   0x00000002   PAD
    0x08003d24   0x08003d24   0x00000058   Code   RO          414    i.OS_MemInit        os_mem.o
    0x08003d7c   0x08003d7c   0x00000050   Code   RO          513    i.OS_QInit          os_q.o
    0x08003dcc   0x08003dcc   0x00000080   Code   RO           28    i.OS_Sched          os_core.o
    0x08003e4c   0x08003e4c   0x0000002c   Code   RO           29    i.OS_SchedNew       os_core.o
    0x08003e78   0x08003e78   0x0000001c   Code   RO           30    i.OS_StrLen         os_core.o
    0x08003e94   0x08003e94   0x0000016c   Code   RO           31    i.OS_TCBInit        os_core.o
    0x08004000   0x08004000   0x00000030   Code   RO           32    i.OS_TaskIdle       os_core.o
    0x08004030   0x08004030   0x00000018   Code   RO          643    i.OS_TaskReturn     os_task.o
    0x08004048   0x08004048   0x000000f0   Code   RO           33    i.OS_TaskStat       os_core.o
    0x08004138   0x08004138   0x0000003c   Code   RO           34    i.OS_TaskStatStkChk  os_core.o
    0x08004174   0x08004174   0x0000001a   Code   RO          644    i.OS_TaskStkClr     os_task.o
    0x0800418e   0x0800418e   0x00000002   PAD
    0x08004190   0x08004190   0x000000cc   Code   RO         1646    i.PPM_Init          ppm.o
    0x0800425c   0x0800425c   0x00000120   Code   RO         1670    i.PWM_Init          pwm.o
    0x0800437c   0x0800437c   0x0000002c   Code   RO         1671    i.PWM_SetCompareAll  pwm.o
    0x080043a8   0x080043a8   0x00000020   Code   RO         2042    i.RCC_AHB1PeriphClockCmd  stm32f4xx_rcc.o
    0x080043c8   0x080043c8   0x00000020   Code   RO         2048    i.RCC_APB1PeriphClockCmd  stm32f4xx_rcc.o
    0x080043e8   0x080043e8   0x00000020   Code   RO         2051    i.RCC_APB2PeriphClockCmd  stm32f4xx_rcc.o
    0x08004408   0x08004408   0x000000e8   Code   RO         2060    i.RCC_GetClocksFreq  stm32f4xx_rcc.o
    0x080044f0   0x080044f0   0x000000c8   Code   RO         3254    i.SEGGER_RTT_AllocUpBuffer  segger_rtt.o
    0x080045b8   0x080045b8   0x00000078   Code   RO         3255    i.SEGGER_RTT_ConfigDownBuffer  segger_rtt.o
    0x08004630   0x08004630   0x000000ac   Code   RO         3268    i.SEGGER_RTT_ReadNoLock  segger_rtt.o
    0x080046dc   0x080046dc   0x000000a0   Code   RO         3282    i.SEGGER_RTT_WriteSkipNoLock  segger_rtt.o
    0x0800477c   0x0800477c   0x00000024   Code   RO         3141    i.SEGGER_SYSVIEW_Conf  segger_sysview_config_ucosii.o
    0x080047a0   0x080047a0   0x000000bc   Code   RO         3500    i.SEGGER_SYSVIEW_GetSysDesc  segger_sysview.o
    0x0800485c   0x0800485c   0x00000068   Code   RO         3505    i.SEGGER_SYSVIEW_Init  segger_sysview.o
    0x080048c4   0x080048c4   0x00000070   Code   RO         3511    i.SEGGER_SYSVIEW_NameResource  segger_sysview.o
    0x08004934   0x08004934   0x00000034   Code   RO         3512    i.SEGGER_SYSVIEW_OnIdle  segger_sysview.o
    0x08004968   0x08004968   0x00000064   Code   RO         3513    i.SEGGER_SYSVIEW_OnTaskCreate  segger_sysview.o
    0x080049cc   0x080049cc   0x00000064   Code   RO         3514    i.SEGGER_SYSVIEW_OnTaskStartExec  segger_sysview.o
    0x08004a30   0x08004a30   0x00000064   Code   RO         3515    i.SEGGER_SYSVIEW_OnTaskStartReady  segger_sysview.o
    0x08004a94   0x08004a94   0x00000084   Code   RO         3517    i.SEGGER_SYSVIEW_OnTaskStopReady  segger_sysview.o
    0x08004b18   0x08004b18   0x00000078   Code   RO         3525    i.SEGGER_SYSVIEW_RecordEndCallU32  segger_sysview.o
    0x08004b90   0x08004b90   0x00000064   Code   RO         3526    i.SEGGER_SYSVIEW_RecordEnterISR  segger_sysview.o
    0x08004bf4   0x08004bf4   0x00000034   Code   RO         3528    i.SEGGER_SYSVIEW_RecordExitISR  segger_sysview.o
    0x08004c28   0x08004c28   0x00000034   Code   RO         3529    i.SEGGER_SYSVIEW_RecordExitISRToScheduler  segger_sysview.o
    0x08004c5c   0x08004c5c   0x0000003c   Code   RO         3533    i.SEGGER_SYSVIEW_RecordSystime  segger_sysview.o
    0x08004c98   0x08004c98   0x0000005c   Code   RO         3534    i.SEGGER_SYSVIEW_RecordU32  segger_sysview.o
    0x08004cf4   0x08004cf4   0x0000007c   Code   RO         3536    i.SEGGER_SYSVIEW_RecordU32x2  segger_sysview.o
    0x08004d70   0x08004d70   0x00000038   Code   RO         3544    i.SEGGER_SYSVIEW_RecordVoid  segger_sysview.o
    0x08004da8   0x08004da8   0x000000b4   Code   RO         3548    i.SEGGER_SYSVIEW_SendModule  segger_sysview.o
    0x08004e5c   0x08004e5c   0x00000024   Code   RO         3549    i.SEGGER_SYSVIEW_SendModuleDescription  segger_sysview.o
    0x08004e80   0x08004e80   0x00000058   Code   RO         3550    i.SEGGER_SYSVIEW_SendNumModules  segger_sysview.o
    0x08004ed8   0x08004ed8   0x00000048   Code   RO         3553    i.SEGGER_SYSVIEW_SendSysDesc  segger_sysview.o
    0x08004f20   0x08004f20   0x0000010c   Code   RO         3554    i.SEGGER_SYSVIEW_SendTaskInfo  segger_sysview.o
    0x0800502c   0x0800502c   0x00000020   Code   RO         3555    i.SEGGER_SYSVIEW_SendTaskList  segger_sysview.o
    0x0800504c   0x0800504c   0x0000000c   Code   RO         3556    i.SEGGER_SYSVIEW_SetRAMBase  segger_sysview.o
    0x08005058   0x08005058   0x00000010   Code   RO         3557    i.SEGGER_SYSVIEW_ShrinkId  segger_sysview.o
    0x08005068   0x08005068   0x000000fc   Code   RO         3558    i.SEGGER_SYSVIEW_Start  segger_sysview.o
    0x08005164   0x08005164   0x00000044   Code   RO         3559    i.SEGGER_SYSVIEW_Stop  segger_sysview.o
    0x080051a8   0x080051a8   0x00000080   Code   RO         3568    i.SEGGER_SYSVIEW_Warn  segger_sysview.o
    0x08005228   0x08005228   0x000000a4   Code   RO         3159    i.SYSVIEW_AddTask   segger_sysview_ucosii.o
    0x080052cc   0x080052cc   0x0000007c   Code   RO         3160    i.SYSVIEW_RecordU32Register  segger_sysview_ucosii.o
    0x08005348   0x08005348   0x00000050   Code   RO         3163    i.SYSVIEW_SendResourceList  segger_sysview_ucosii.o
    0x08005398   0x08005398   0x00000032   Code   RO         3164    i.SYSVIEW_SendTaskInfo  segger_sysview_ucosii.o
    0x080053ca   0x080053ca   0x00000002   PAD
    0x080053cc   0x080053cc   0x0000001c   Code   RO         3165    i.SYSVIEW_TaskReady  segger_sysview_ucosii.o
    0x080053e8   0x080053e8   0x0000001c   Code   RO         3166    i.SYSVIEW_TaskSuspend  segger_sysview_ucosii.o
    0x08005404   0x08005404   0x00000020   Code   RO         3167    i.SYSVIEW_TaskSwitchedIn  segger_sysview_ucosii.o
    0x08005424   0x08005424   0x0000005c   Code   RO         3168    i.SYSVIEW_UpdateResource  segger_sysview_ucosii.o
    0x08005480   0x08005480   0x0000009c   Code   RO         3169    i.SYSVIEW_UpdateTask  segger_sysview_ucosii.o
    0x0800551c   0x0800551c   0x00000026   Code   RO          868    i.SysTick_Handler   os_cpu_c.o
    0x08005542   0x08005542   0x00000002   PAD
    0x08005544   0x08005544   0x00000038   Code   RO         1017    i.TASK_ChangeMotor  task.o
    0x0800557c   0x0800557c   0x000000c4   Code   RO         1018    i.TASK_ShowGY86Data  task.o
    0x08005640   0x08005640   0x0000003a   Code   RO         2578    i.TI1_Config        stm32f4xx_tim.o
    0x0800567a   0x0800567a   0x00000050   Code   RO         2579    i.TI2_Config        stm32f4xx_tim.o
    0x080056ca   0x080056ca   0x00000048   Code   RO         2580    i.TI3_Config        stm32f4xx_tim.o
    0x08005712   0x08005712   0x00000050   Code   RO         2581    i.TI4_Config        stm32f4xx_tim.o
    0x08005762   0x08005762   0x00000002   PAD
    0x08005764   0x08005764   0x00000090   Code   RO         1019    i.TIM2_IRQHandler   task.o
    0x080057f4   0x080057f4   0x00000018   Code   RO         2582    i.TIM_ARRPreloadConfig  stm32f4xx_tim.o
    0x0800580c   0x0800580c   0x00000006   Code   RO         2589    i.TIM_ClearITPendingBit  stm32f4xx_tim.o
    0x08005812   0x08005812   0x00000018   Code   RO         2594    i.TIM_Cmd           stm32f4xx_tim.o
    0x0800582a   0x0800582a   0x00000006   Code   RO         2609    i.TIM_GetCapture1   stm32f4xx_tim.o
    0x08005830   0x08005830   0x00000022   Code   RO         2615    i.TIM_GetITStatus   stm32f4xx_tim.o
    0x08005852   0x08005852   0x0000006e   Code   RO         2617    i.TIM_ICInit        stm32f4xx_tim.o
    0x080058c0   0x080058c0   0x00000012   Code   RO         2619    i.TIM_ITConfig      stm32f4xx_tim.o
    0x080058d2   0x080058d2   0x00000002   PAD
    0x080058d4   0x080058d4   0x0000007c   Code   RO         2623    i.TIM_OC1Init       stm32f4xx_tim.o
    0x08005950   0x08005950   0x00000012   Code   RO         2626    i.TIM_OC1PreloadConfig  stm32f4xx_tim.o
    0x08005962   0x08005962   0x00000002   PAD
    0x08005964   0x08005964   0x000000a4   Code   RO         2628    i.TIM_OC2Init       stm32f4xx_tim.o
    0x08005a08   0x08005a08   0x0000001a   Code   RO         2631    i.TIM_OC2PreloadConfig  stm32f4xx_tim.o
    0x08005a22   0x08005a22   0x00000002   PAD
    0x08005a24   0x08005a24   0x000000a0   Code   RO         2633    i.TIM_OC3Init       stm32f4xx_tim.o
    0x08005ac4   0x08005ac4   0x00000012   Code   RO         2636    i.TIM_OC3PreloadConfig  stm32f4xx_tim.o
    0x08005ad6   0x08005ad6   0x00000002   PAD
    0x08005ad8   0x08005ad8   0x00000078   Code   RO         2638    i.TIM_OC4Init       stm32f4xx_tim.o
    0x08005b50   0x08005b50   0x0000001a   Code   RO         2640    i.TIM_OC4PreloadConfig  stm32f4xx_tim.o
    0x08005b6a   0x08005b6a   0x00000012   Code   RO         2648    i.TIM_SelectInputTrigger  stm32f4xx_tim.o
    0x08005b7c   0x08005b7c   0x00000012   Code   RO         2653    i.TIM_SelectSlaveMode  stm32f4xx_tim.o
    0x08005b8e   0x08005b8e   0x00000004   Code   RO         2656    i.TIM_SetCompare1   stm32f4xx_tim.o
    0x08005b92   0x08005b92   0x00000004   Code   RO         2657    i.TIM_SetCompare2   stm32f4xx_tim.o
    0x08005b96   0x08005b96   0x00000004   Code   RO         2658    i.TIM_SetCompare3   stm32f4xx_tim.o
    0x08005b9a   0x08005b9a   0x00000004   Code   RO         2659    i.TIM_SetCompare4   stm32f4xx_tim.o
    0x08005b9e   0x08005b9e   0x00000012   Code   RO         2661    i.TIM_SetIC1Prescaler  stm32f4xx_tim.o
    0x08005bb0   0x08005bb0   0x0000001a   Code   RO         2662    i.TIM_SetIC2Prescaler  stm32f4xx_tim.o
    0x08005bca   0x08005bca   0x00000012   Code   RO         2663    i.TIM_SetIC3Prescaler  stm32f4xx_tim.o
    0x08005bdc   0x08005bdc   0x0000001a   Code   RO         2664    i.TIM_SetIC4Prescaler  stm32f4xx_tim.o
    0x08005bf6   0x08005bf6   0x00000002   PAD
    0x08005bf8   0x08005bf8   0x00000084   Code   RO         2666    i.TIM_TimeBaseInit  stm32f4xx_tim.o
    0x08005c7c   0x08005c7c   0x00000020   Code   RO         1307    i.USART6_SendByte   atkble01.o
    0x08005c9c   0x08005c9c   0x00000018   Code   RO         1752    i.USART_Cmd         stm32f4xx_usart.o
    0x08005cb4   0x08005cb4   0x0000001a   Code   RO         1755    i.USART_GetFlagStatus  stm32f4xx_usart.o
    0x08005cce   0x08005cce   0x00000002   PAD
    0x08005cd0   0x08005cd0   0x000000d4   Code   RO         1759    i.USART_Init        stm32f4xx_usart.o
    0x08005da4   0x08005da4   0x00000008   Code   RO         1769    i.USART_SendData    stm32f4xx_usart.o
    0x08005dac   0x08005dac   0x00000070   Code   RO         3285    i._DoInit           segger_rtt.o
    0x08005e1c   0x08005e1c   0x00000036   Code   RO         3573    i._EncodeStr        segger_sysview.o
    0x08005e52   0x08005e52   0x00000002   PAD
    0x08005e54   0x08005e54   0x000000a8   Code   RO         3574    i._HandleIncomingPacket  segger_sysview.o
    0x08005efc   0x08005efc   0x00000006   Code   RO         3575    i._PreparePacket    segger_sysview.o
    0x08005f02   0x08005f02   0x00000002   PAD
    0x08005f04   0x08005f04   0x000001e8   Code   RO         3578    i._SendPacket       segger_sysview.o
    0x080060ec   0x080060ec   0x0000008c   Code   RO         3580    i._TrySendOverflowPacket  segger_sysview.o
    0x08006178   0x08006178   0x00000030   Code   RO         4268    i.__ARM_fpclassify  m_wm.l(fpclassify.o)
    0x080061a8   0x080061a8   0x00000014   Code   RO         3170    i._cbGetTime        segger_sysview_ucosii.o
    0x080061bc   0x080061bc   0x0000006c   Code   RO         3142    i._cbSendSystemDesc  segger_sysview_config_ucosii.o
    0x08006228   0x08006228   0x00000054   Code   RO         3171    i._cbSendTaskList   segger_sysview_ucosii.o
    0x0800627c   0x0800627c   0x0000000e   Code   RO         4142    i._is_digit         c_w.l(__printf_wp.o)
    0x0800628a   0x0800628a   0x00000002   PAD
    0x0800628c   0x0800628c   0x000000c4   Code   RO         1156    i.main              main.o
    0x08006350   0x08006350   0x0000002c   Code   RO         4255    locale$$code        c_w.l(lc_numeric_c.o)
    0x0800637c   0x0800637c   0x0000002c   Code   RO         4276    locale$$code        c_w.l(lc_ctype_c.o)
    0x080063a8   0x080063a8   0x0000000a   Code   RO         4334    x$fpl$fpinit        fz_wm.l(fpinit.o)
    0x080063b2   0x080063b2   0x00000004   Code   RO         4177    x$fpl$printf1       fz_wm.l(printf1.o)
    0x080063b6   0x080063b6   0x00000004   Code   RO         4179    x$fpl$printf2       fz_wm.l(printf2.o)
    0x080063ba   0x080063ba   0x00000000   Code   RO         4267    x$fpl$usenofp       fz_wm.l(usenofp.o)
    0x080063ba   0x080063ba   0x00000100   Data   RO           36    .constdata          os_core.o
    0x080064ba   0x080064ba   0x00000002   PAD
    0x080064bc   0x080064bc   0x00000008   Data   RO         3173    .constdata          segger_sysview_ucosii.o
    0x080064c4   0x080064c4   0x00000021   Data   RO         3291    .constdata          segger_rtt.o
    0x080064e5   0x080064e5   0x0000001a   Data   RO         3584    .constdata          segger_sysview.o
    0x080064ff   0x080064ff   0x00000001   PAD
    0x08006500   0x08006500   0x00000008   Data   RO         4101    .constdata          c_w.l(_printf_wctomb.o)
    0x08006508   0x08006508   0x00000028   Data   RO         4130    .constdata          c_w.l(_printf_hex_int_ll_ptr.o)
    0x08006530   0x08006530   0x00000011   Data   RO         4150    .constdata          c_w.l(__printf_flags_ss_wp.o)
    0x08006541   0x08006541   0x00000026   Data   RO         4207    .constdata          c_w.l(_printf_fp_hex.o)
    0x08006567   0x08006567   0x00000001   PAD
    0x08006568   0x08006568   0x00000094   Data   RO         4230    .constdata          c_w.l(bigflt0.o)
    0x080065fc   0x080065fc   0x000000a4   Data   RO         3174    .conststring        segger_sysview_ucosii.o
    0x080066a0   0x080066a0   0x00000020   Data   RO         4402    Region$$Table       anon$$obj.o
    0x080066c0   0x080066c0   0x0000001c   Data   RO         4254    locale$$data        c_w.l(lc_numeric_c.o)
    0x080066dc   0x080066dc   0x00000110   Data   RO         4275    locale$$data        c_w.l(lc_ctype_c.o)


    Execution Region RW_IRAM1 (Exec base: 0x20000000, Load base: 0x080067ec, Size: 0x00004d40, Max: 0x00018000, ABSOLUTE)

    Exec Addr    Load Addr    Size         Type   Attr      Idx    E Section Name        Object

    0x20000000   0x080067ec   0x00000064   Data   RW           37    .data               os_core.o
    0x20000064   0x08006850   0x0000000c   Data   RW          870    .data               os_cpu_c.o
    0x20000070   0x0800685c   0x00000013   Data   RW         1021    .data               task.o
    0x20000083   0x0800686f   0x00000001   PAD
    0x20000084   0x08006870   0x0000000c   Data   RW         1158    .data               main.o
    0x20000090   0x0800687c   0x00000010   Data   RW         2090    .data               stm32f4xx_rcc.o
    0x200000a0   0x0800688c   0x00000008   Data   RW         3175    .data               segger_sysview_ucosii.o
    0x200000a8   0x08006894   0x00000015   Data   RW         3585    .data               segger_sysview.o
    0x200000bd   0x080068a9   0x00000003   PAD
    0x200000c0        -       0x000013b8   Zero   RW           35    .bss                os_core.o
    0x20001478        -       0x00000400   Zero   RW          869    .bss                os_cpu_c.o
    0x20001878        -       0x00000010   Zero   RW         1020    .bss                task.o
    0x20001888        -       0x00000400   Zero   RW         1157    .bss                main.o
    0x20001c88        -       0x00000010   Zero   RW         1200    .bss                delay.o
    0x20001c98        -       0x00000880   Zero   RW         3172    .bss                segger_sysview_ucosii.o
    0x20002518        -       0x000010b8   Zero   RW         3290    .bss                segger_rtt.o
    0x200035d0        -       0x0000110b   Zero   RW         3583    .bss                segger_sysview.o
    0x200046db   0x080068a9   0x00000001   PAD
    0x200046dc        -       0x00000060   Zero   RW         4271    .bss                c_w.l(libspace.o)
    0x2000473c   0x080068a9   0x00000004   PAD
    0x20004740        -       0x00000200   Zero   RW         1008    HEAP                startup_stm32f401xx.o
    0x20004940        -       0x00000400   Zero   RW         1007    STACK               startup_stm32f401xx.o


==============================================================================

Image component sizes


      Code (inc. data)   RO Data    RW Data    ZI Data      Debug   Object Name

       278         18          0          0          0       2463   atkble01.o
       128          8          0          0         16       1849   delay.o
       532          0          0          0          0       5195   gy86.o
       196         52          0         12       1024       1608   main.o
       120         14          0          0          0       1036   misc.o
        16          0          0          0          0       3900   myhook.o
       338         20          0          0          0       5554   myiic.o
        56         20          0          0          0        400   myscratterload.o
       556         18          0          0          0       6202   oled.o
      2828        428        256        100       5048      35306   os_core.o
       424         62          0          0          0        424   os_cpu_a.o
       408         36          0         12       1024      16719   os_cpu_c.o
         0          0          0          0          0       8936   os_dbg_r.o
       124         14          0          0          0       1262   os_flag.o
        88         14          0          0          0        569   os_mem.o
        80          8          0          0          0        595   os_q.o
       600         24          0          0          0       2634   os_sem.o
      1754        132          0          0          0       8176   os_task.o
       180         28          0          0          0       1228   os_time.o
       680        136          0          0          0       4087   os_tmr.o
       204          6          0          0          0        751   ppm.o
       332         20          0          0          0       1311   pwm.o
       764         54         33          0       4280       9956   segger_rtt.o
      3552        238         26         21       4363      37265   segger_sysview.o
       144         94          0          0          0       1142   segger_sysview_config_ucosii.o
       858         82        172          8       2176       9025   segger_sysview_ucosii.o
        72         28        404          0       1536        860   startup_stm32f401xx.o
       248          0          0          0          0       3662   stm32f4xx_gpio.o
       328         36          0         16          0       4751   stm32f4xx_rcc.o
      1440         66          0          0          0      19979   stm32f4xx_tim.o
       270          8          0          0          0       3340   stm32f4xx_usart.o
       396        108          0         19         16     261975   task.o

    ----------------------------------------------------------------------
     18034       1772        926        192      19484     462160   Object Totals
         0          0         32          0          0          0   (incl. Generated)
        40          0          3          4          1          0   (incl. Padding)

    ----------------------------------------------------------------------

      Code (inc. data)   RO Data    RW Data    ZI Data      Debug   Library Member Name

         8          0          0          0          0         68   __main.o
       392          4         17          0          0         92   __printf_flags_ss_wp.o
        14          0          0          0          0         68   __printf_wp.o
         0          0          0          0          0          0   __rtentry.o
        12          0          0          0          0          0   __rtentry2.o
         6          0          0          0          0          0   __rtentry4.o
        52          8          0          0          0          0   __scatter.o
        26          0          0          0          0          0   __scatter_copy.o
        28          0          0          0          0          0   __scatter_zi.o
         6          0          0          0          0          0   _printf_a.o
         6          0          0          0          0          0   _printf_c.o
        44          0          0          0          0        108   _printf_char.o
        48          6          0          0          0         96   _printf_char_common.o
        40          0          0          0          0         68   _printf_charcount.o
         6          0          0          0          0          0   _printf_d.o
       120         16          0          0          0         92   _printf_dec.o
         6          0          0          0          0          0   _printf_e.o
         6          0          0          0          0          0   _printf_f.o
      1054          0          0          0          0        216   _printf_fp_dec.o
       764          8         38          0          0        100   _printf_fp_hex.o
       128         16          0          0          0         84   _printf_fp_infnan.o
         6          0          0          0          0          0   _printf_g.o
       148          4         40          0          0        160   _printf_hex_int_ll_ptr.o
         6          0          0          0          0          0   _printf_i.o
       178          0          0          0          0         88   _printf_intcommon.o
        10          0          0          0          0          0   _printf_l.o
         6          0          0          0          0          0   _printf_lc.o
        10          0          0          0          0          0   _printf_ll.o
         6          0          0          0          0          0   _printf_lld.o
         6          0          0          0          0          0   _printf_lli.o
         6          0          0          0          0          0   _printf_llo.o
         6          0          0          0          0          0   _printf_llu.o
         6          0          0          0          0          0   _printf_llx.o
       124         16          0          0          0         92   _printf_longlong_dec.o
         6          0          0          0          0          0   _printf_ls.o
         6          0          0          0          0          0   _printf_n.o
         6          0          0          0          0          0   _printf_o.o
       112         10          0          0          0        124   _printf_oct_int_ll.o
         6          0          0          0          0          0   _printf_p.o
        78          0          0          0          0        108   _printf_pad.o
         0          0          0          0          0          0   _printf_percent.o
         4          0          0          0          0          0   _printf_percent_end.o
         6          0          0          0          0          0   _printf_s.o
        82          0          0          0          0         80   _printf_str.o
        36          0          0          0          0         84   _printf_truncate.o
         6          0          0          0          0          0   _printf_u.o
        44          0          0          0          0        108   _printf_wchar.o
       188          6          8          0          0         92   _printf_wctomb.o
         6          0          0          0          0          0   _printf_x.o
        10          0          0          0          0         68   _sputc.o
        64          0          0          0          0         92   _wcrtomb.o
       228          4        148          0          0         96   bigflt0.o
      1936        128          0          0          0        672   btod.o
        18          0          0          0          0         80   exit.o
         6          0          0          0          0        152   heapauxi.o
         0          0          0          0          0          0   indicate_semi.o
        44         10        272          0          0         76   lc_ctype_c.o
        44         10         28          0          0         76   lc_numeric_c.o
         2          0          0          0          0          0   libinit.o
        34          0          0          0          0          0   libinit2.o
         2          0          0          0          0          0   libshutdown.o
         2          0          0          0          0          0   libshutdown2.o
         8          4          0          0         96         68   libspace.o
       138          0          0          0          0         80   lludiv10.o
        16          4          0          0          0         76   rt_ctype_table.o
         8          4          0          0          0         68   rt_locale_intlibspace.o
        78          0          0          0          0         80   rt_memclr_w.o
       138          0          0          0          0         68   rt_memcpy_v6.o
       100          0          0          0          0         80   rt_memcpy_w.o
         2          0          0          0          0          0   rtexit.o
        10          0          0          0          0          0   rtexit2.o
       128          0          0          0          0         68   strcmpv7m.o
        12          4          0          0          0         68   sys_exit.o
        74          0          0          0          0         80   sys_stackheap_outer.o
         2          0          0          0          0         68   use_no_semi.o
        36          4          0          0          0         76   vsprintf.o
        10          0          0          0          0        116   fpinit.o
         4          0          0          0          0        116   printf1.o
         4          0          0          0          0        116   printf2.o
         0          0          0          0          0          0   usenofp.o
        48          0          0          0          0        124   fpclassify.o

    ----------------------------------------------------------------------
      7092        266        552          0        100       4592   Library Totals
        16          0          1          0          4          0   (incl. Padding)

    ----------------------------------------------------------------------

      Code (inc. data)   RO Data    RW Data    ZI Data      Debug   Library Name

      7010        266        551          0         96       4120   c_w.l
        18          0          0          0          0        348   fz_wm.l
        48          0          0          0          0        124   m_wm.l

    ----------------------------------------------------------------------
      7092        266        552          0        100       4592   Library Totals

    ----------------------------------------------------------------------

==============================================================================


      Code (inc. data)   RO Data    RW Data    ZI Data      Debug   

     25126       2038       1478        192      19584     444016   Grand Totals
     25126       2038       1478        192      19584     444016   ELF Image Totals
     25126       2038       1478        192          0          0   ROM Totals

==============================================================================

    Total RO  Size (Code + RO Data)                26604 (  25.98kB)
    Total RW  Size (RW Data + ZI Data)             19776 (  19.31kB)
    Total ROM Size (Code + RO Data + RW Data)      26796 (  26.17kB)

==============================================================================

