Component: ARM Compiler 5.06 update 5 (build 528) Tool: armlink [4d35e2]

==============================================================================

Section Cross References

    os_core.o(i.OSEventNameGet) refers to os_core.o(i.OS_StrLen) for OS_StrLen
    os_core.o(i.OSEventNameGet) refers to os_core.o(.data) for OSIntNesting
    os_core.o(i.OSEventNameSet) refers to os_core.o(.data) for OSIntNesting
    os_core.o(i.OSEventPendMulti) refers to os_core.o(i.OS_EventTaskWaitMulti) for OS_EventTaskWaitMulti
    os_core.o(i.OSEventPendMulti) refers to os_core.o(i.OS_Sched) for OS_Sched
    os_core.o(i.OSEventPendMulti) refers to os_core.o(i.OS_EventTaskRemoveMulti) for OS_EventTaskRemoveMulti
    os_core.o(i.OSEventPendMulti) refers to os_core.o(.data) for OSIntNesting
    os_core.o(i.OSInit) refers to os_cpu_c.o(i.OSInitHookBegin) for OSInitHookBegin
    os_core.o(i.OSInit) refers to os_core.o(i.OS_InitMisc) for OS_InitMisc
    os_core.o(i.OSInit) refers to os_core.o(i.OS_InitRdyList) for OS_InitRdyList
    os_core.o(i.OSInit) refers to os_core.o(i.OS_InitTCBList) for OS_InitTCBList
    os_core.o(i.OSInit) refers to os_core.o(i.OS_InitEventList) for OS_InitEventList
    os_core.o(i.OSInit) refers to os_flag.o(i.OS_FlagInit) for OS_FlagInit
    os_core.o(i.OSInit) refers to os_mem.o(i.OS_MemInit) for OS_MemInit
    os_core.o(i.OSInit) refers to os_q.o(i.OS_QInit) for OS_QInit
    os_core.o(i.OSInit) refers to os_core.o(i.OS_InitTaskIdle) for OS_InitTaskIdle
    os_core.o(i.OSInit) refers to os_core.o(i.OS_InitTaskStat) for OS_InitTaskStat
    os_core.o(i.OSInit) refers to os_cpu_c.o(i.OSInitHookEnd) for OSInitHookEnd
    os_core.o(i.OSIntEnter) refers to os_core.o(.data) for OSRunning
    os_core.o(i.OSIntExit) refers to os_core.o(i.OS_SchedNew) for OS_SchedNew
    os_core.o(i.OSIntExit) refers to os_cpu_a.o(.text) for OSIntCtxSw
    os_core.o(i.OSIntExit) refers to os_core.o(.data) for OSRunning
    os_core.o(i.OSIntExit) refers to os_core.o(.bss) for OSTCBPrioTbl
    os_core.o(i.OSSchedLock) refers to os_core.o(.data) for OSRunning
    os_core.o(i.OSSchedUnlock) refers to os_core.o(i.OS_Sched) for OS_Sched
    os_core.o(i.OSSchedUnlock) refers to os_core.o(.data) for OSRunning
    os_core.o(i.OSStart) refers to os_core.o(i.OS_SchedNew) for OS_SchedNew
    os_core.o(i.OSStart) refers to os_cpu_a.o(.text) for OSStartHighRdy
    os_core.o(i.OSStart) refers to os_core.o(.data) for OSRunning
    os_core.o(i.OSStart) refers to os_core.o(.bss) for OSTCBPrioTbl
    os_core.o(i.OSStatInit) refers to os_time.o(i.OSTimeDly) for OSTimeDly
    os_core.o(i.OSStatInit) refers to os_core.o(.data) for OSIdleCtr
    os_core.o(i.OSTimeTick) refers to os_core.o(.data) for OSTime
    os_core.o(i.OS_EventTaskRdy) refers to os_core.o(i.OS_EventTaskRemove) for OS_EventTaskRemove
    os_core.o(i.OS_EventTaskRdy) refers to os_core.o(i.OS_EventTaskRemoveMulti) for OS_EventTaskRemoveMulti
    os_core.o(i.OS_EventTaskRdy) refers to os_core.o(.constdata) for OSUnMapTbl
    os_core.o(i.OS_EventTaskRdy) refers to os_core.o(.bss) for OSTCBPrioTbl
    os_core.o(i.OS_EventTaskRdy) refers to os_core.o(.data) for OSRdyGrp
    os_core.o(i.OS_EventTaskWait) refers to os_core.o(.data) for OSTCBCur
    os_core.o(i.OS_EventTaskWaitMulti) refers to os_core.o(.data) for OSTCBCur
    os_core.o(i.OS_InitEventList) refers to os_core.o(i.OS_MemClr) for OS_MemClr
    os_core.o(i.OS_InitEventList) refers to os_core.o(.bss) for OSEventTbl
    os_core.o(i.OS_InitEventList) refers to os_core.o(.data) for OSEventFreeList
    os_core.o(i.OS_InitMisc) refers to os_core.o(.data) for OSTime
    os_core.o(i.OS_InitRdyList) refers to os_core.o(.data) for OSRdyGrp
    os_core.o(i.OS_InitTCBList) refers to os_core.o(i.OS_MemClr) for OS_MemClr
    os_core.o(i.OS_InitTCBList) refers to os_core.o(.bss) for OSTCBTbl
    os_core.o(i.OS_InitTCBList) refers to os_core.o(.data) for OSTCBList
    os_core.o(i.OS_InitTaskIdle) refers to os_task.o(i.OSTaskCreateExt) for OSTaskCreateExt
    os_core.o(i.OS_InitTaskIdle) refers to os_task.o(i.OSTaskNameSet) for OSTaskNameSet
    os_core.o(i.OS_InitTaskIdle) refers to os_core.o(.bss) for OSTaskIdleStk
    os_core.o(i.OS_InitTaskIdle) refers to os_core.o(i.OS_TaskIdle) for OS_TaskIdle
    os_core.o(i.OS_InitTaskStat) refers to os_task.o(i.OSTaskCreateExt) for OSTaskCreateExt
    os_core.o(i.OS_InitTaskStat) refers to os_task.o(i.OSTaskNameSet) for OSTaskNameSet
    os_core.o(i.OS_InitTaskStat) refers to os_core.o(.bss) for OSTaskStatStk
    os_core.o(i.OS_InitTaskStat) refers to os_core.o(i.OS_TaskStat) for OS_TaskStat
    os_core.o(i.OS_Sched) refers to os_core.o(i.OS_SchedNew) for OS_SchedNew
    os_core.o(i.OS_Sched) refers to os_core.o(.data) for OSIntNesting
    os_core.o(i.OS_Sched) refers to os_core.o(.bss) for OSTCBPrioTbl
    os_core.o(i.OS_SchedNew) refers to os_core.o(.constdata) for OSUnMapTbl
    os_core.o(i.OS_SchedNew) refers to os_core.o(.data) for OSRdyGrp
    os_core.o(i.OS_TCBInit) refers to os_cpu_c.o(i.OSTCBInitHook) for OSTCBInitHook
    os_core.o(i.OS_TCBInit) refers to os_cpu_c.o(i.OSTaskCreateHook) for OSTaskCreateHook
    os_core.o(i.OS_TCBInit) refers to os_core.o(.data) for OSTCBFreeList
    os_core.o(i.OS_TCBInit) refers to os_core.o(.bss) for OSTCBPrioTbl
    os_core.o(i.OS_TaskIdle) refers to os_cpu_c.o(i.OSTaskIdleHook) for OSTaskIdleHook
    os_core.o(i.OS_TaskIdle) refers to os_core.o(.data) for OSIdleCtr
    os_core.o(i.OS_TaskStat) refers to os_time.o(i.OSTimeDly) for OSTimeDly
    os_core.o(i.OS_TaskStat) refers to os_task.o(i.OSTaskSuspend) for OSTaskSuspend
    os_core.o(i.OS_TaskStat) refers to os_core.o(i.OS_TaskStatStkChk) for OS_TaskStatStkChk
    os_core.o(i.OS_TaskStat) refers to os_core.o(.data) for OSStatRdy
    os_core.o(i.OS_TaskStatStkChk) refers to os_task.o(i.OSTaskStkChk) for OSTaskStkChk
    os_core.o(i.OS_TaskStatStkChk) refers to os_core.o(.bss) for OSTCBPrioTbl
    os_flag.o(i.OSFlagCreate) refers to os_core.o(.data) for OSIntNesting
    os_flag.o(i.OSFlagDel) refers to os_flag.o(i.OS_FlagTaskRdy) for OS_FlagTaskRdy
    os_flag.o(i.OSFlagDel) refers to os_core.o(i.OS_Sched) for OS_Sched
    os_flag.o(i.OSFlagDel) refers to os_core.o(.data) for OSIntNesting
    os_flag.o(i.OSFlagNameGet) refers to os_core.o(i.OS_StrLen) for OS_StrLen
    os_flag.o(i.OSFlagNameGet) refers to os_core.o(.data) for OSIntNesting
    os_flag.o(i.OSFlagNameSet) refers to os_core.o(.data) for OSIntNesting
    os_flag.o(i.OSFlagPend) refers to os_flag.o(i.OS_FlagBlock) for OS_FlagBlock
    os_flag.o(i.OSFlagPend) refers to os_core.o(i.OS_Sched) for OS_Sched
    os_flag.o(i.OSFlagPend) refers to os_flag.o(i.OS_FlagUnlink) for OS_FlagUnlink
    os_flag.o(i.OSFlagPend) refers to os_core.o(.data) for OSIntNesting
    os_flag.o(i.OSFlagPendGetFlagsRdy) refers to os_core.o(.data) for OSTCBCur
    os_flag.o(i.OSFlagPost) refers to os_flag.o(i.OS_FlagTaskRdy) for OS_FlagTaskRdy
    os_flag.o(i.OSFlagPost) refers to os_core.o(i.OS_Sched) for OS_Sched
    os_flag.o(i.OS_FlagBlock) refers to os_core.o(.data) for OSTCBCur
    os_flag.o(i.OS_FlagInit) refers to os_core.o(i.OS_MemClr) for OS_MemClr
    os_flag.o(i.OS_FlagInit) refers to os_core.o(.bss) for OSFlagTbl
    os_flag.o(i.OS_FlagInit) refers to os_core.o(.data) for OSFlagFreeList
    os_flag.o(i.OS_FlagTaskRdy) refers to os_flag.o(i.OS_FlagUnlink) for OS_FlagUnlink
    os_flag.o(i.OS_FlagTaskRdy) refers to os_core.o(.data) for OSRdyGrp
    os_mbox.o(i.OSMboxCreate) refers to os_core.o(i.OS_EventWaitListInit) for OS_EventWaitListInit
    os_mbox.o(i.OSMboxCreate) refers to os_core.o(.data) for OSIntNesting
    os_mbox.o(i.OSMboxDel) refers to os_core.o(i.OS_EventTaskRdy) for OS_EventTaskRdy
    os_mbox.o(i.OSMboxDel) refers to os_core.o(i.OS_Sched) for OS_Sched
    os_mbox.o(i.OSMboxDel) refers to os_core.o(.data) for OSIntNesting
    os_mbox.o(i.OSMboxPend) refers to os_core.o(i.OS_EventTaskWait) for OS_EventTaskWait
    os_mbox.o(i.OSMboxPend) refers to os_core.o(i.OS_Sched) for OS_Sched
    os_mbox.o(i.OSMboxPend) refers to os_core.o(i.OS_EventTaskRemove) for OS_EventTaskRemove
    os_mbox.o(i.OSMboxPend) refers to os_core.o(.data) for OSIntNesting
    os_mbox.o(i.OSMboxPendAbort) refers to os_core.o(i.OS_EventTaskRdy) for OS_EventTaskRdy
    os_mbox.o(i.OSMboxPendAbort) refers to os_core.o(i.OS_Sched) for OS_Sched
    os_mbox.o(i.OSMboxPost) refers to os_core.o(i.OS_EventTaskRdy) for OS_EventTaskRdy
    os_mbox.o(i.OSMboxPost) refers to os_core.o(i.OS_Sched) for OS_Sched
    os_mbox.o(i.OSMboxPostOpt) refers to os_core.o(i.OS_EventTaskRdy) for OS_EventTaskRdy
    os_mbox.o(i.OSMboxPostOpt) refers to os_core.o(i.OS_Sched) for OS_Sched
    os_mem.o(i.OSMemCreate) refers to os_core.o(.data) for OSMemFreeList
    os_mem.o(i.OSMemNameGet) refers to os_core.o(i.OS_StrLen) for OS_StrLen
    os_mem.o(i.OSMemNameGet) refers to os_core.o(.data) for OSIntNesting
    os_mem.o(i.OSMemNameSet) refers to os_core.o(.data) for OSIntNesting
    os_mem.o(i.OS_MemInit) refers to os_core.o(i.OS_MemClr) for OS_MemClr
    os_mem.o(i.OS_MemInit) refers to os_core.o(.bss) for OSMemTbl
    os_mem.o(i.OS_MemInit) refers to os_core.o(.data) for OSMemFreeList
    os_mutex.o(i.OSMutexAccept) refers to os_core.o(.data) for OSIntNesting
    os_mutex.o(i.OSMutexCreate) refers to os_core.o(i.OS_EventWaitListInit) for OS_EventWaitListInit
    os_mutex.o(i.OSMutexCreate) refers to os_core.o(.data) for OSIntNesting
    os_mutex.o(i.OSMutexCreate) refers to os_core.o(.bss) for OSTCBPrioTbl
    os_mutex.o(i.OSMutexDel) refers to os_mutex.o(i.OSMutex_RdyAtPrio) for OSMutex_RdyAtPrio
    os_mutex.o(i.OSMutexDel) refers to os_core.o(i.OS_EventTaskRdy) for OS_EventTaskRdy
    os_mutex.o(i.OSMutexDel) refers to os_core.o(i.OS_Sched) for OS_Sched
    os_mutex.o(i.OSMutexDel) refers to os_core.o(.data) for OSIntNesting
    os_mutex.o(i.OSMutexDel) refers to os_core.o(.bss) for OSTCBPrioTbl
    os_mutex.o(i.OSMutexPend) refers to os_core.o(i.OS_EventTaskWait) for OS_EventTaskWait
    os_mutex.o(i.OSMutexPend) refers to os_core.o(i.OS_Sched) for OS_Sched
    os_mutex.o(i.OSMutexPend) refers to os_core.o(i.OS_EventTaskRemove) for OS_EventTaskRemove
    os_mutex.o(i.OSMutexPend) refers to os_core.o(.data) for OSIntNesting
    os_mutex.o(i.OSMutexPend) refers to os_core.o(.bss) for OSTCBPrioTbl
    os_mutex.o(i.OSMutexPost) refers to os_mutex.o(i.OSMutex_RdyAtPrio) for OSMutex_RdyAtPrio
    os_mutex.o(i.OSMutexPost) refers to os_core.o(i.OS_EventTaskRdy) for OS_EventTaskRdy
    os_mutex.o(i.OSMutexPost) refers to os_core.o(i.OS_Sched) for OS_Sched
    os_mutex.o(i.OSMutexPost) refers to os_core.o(.data) for OSIntNesting
    os_mutex.o(i.OSMutexPost) refers to os_core.o(.bss) for OSTCBPrioTbl
    os_mutex.o(i.OSMutexQuery) refers to os_core.o(.data) for OSIntNesting
    os_mutex.o(i.OSMutex_RdyAtPrio) refers to os_core.o(.data) for OSRdyTbl
    os_mutex.o(i.OSMutex_RdyAtPrio) refers to os_core.o(.bss) for OSTCBPrioTbl
    os_q.o(i.OSQCreate) refers to os_core.o(i.OS_EventWaitListInit) for OS_EventWaitListInit
    os_q.o(i.OSQCreate) refers to os_core.o(.data) for OSIntNesting
    os_q.o(i.OSQDel) refers to os_core.o(i.OS_EventTaskRdy) for OS_EventTaskRdy
    os_q.o(i.OSQDel) refers to os_core.o(i.OS_Sched) for OS_Sched
    os_q.o(i.OSQDel) refers to os_core.o(.data) for OSIntNesting
    os_q.o(i.OSQPend) refers to os_core.o(i.OS_EventTaskWait) for OS_EventTaskWait
    os_q.o(i.OSQPend) refers to os_core.o(i.OS_Sched) for OS_Sched
    os_q.o(i.OSQPend) refers to os_core.o(i.OS_EventTaskRemove) for OS_EventTaskRemove
    os_q.o(i.OSQPend) refers to os_core.o(.data) for OSIntNesting
    os_q.o(i.OSQPendAbort) refers to os_core.o(i.OS_EventTaskRdy) for OS_EventTaskRdy
    os_q.o(i.OSQPendAbort) refers to os_core.o(i.OS_Sched) for OS_Sched
    os_q.o(i.OSQPost) refers to os_core.o(i.OS_EventTaskRdy) for OS_EventTaskRdy
    os_q.o(i.OSQPost) refers to os_core.o(i.OS_Sched) for OS_Sched
    os_q.o(i.OSQPostFront) refers to os_core.o(i.OS_EventTaskRdy) for OS_EventTaskRdy
    os_q.o(i.OSQPostFront) refers to os_core.o(i.OS_Sched) for OS_Sched
    os_q.o(i.OSQPostOpt) refers to os_core.o(i.OS_EventTaskRdy) for OS_EventTaskRdy
    os_q.o(i.OSQPostOpt) refers to os_core.o(i.OS_Sched) for OS_Sched
    os_q.o(i.OS_QInit) refers to os_core.o(i.OS_MemClr) for OS_MemClr
    os_q.o(i.OS_QInit) refers to os_core.o(.bss) for OSQTbl
    os_q.o(i.OS_QInit) refers to os_core.o(.data) for OSQFreeList
    os_sem.o(i.OSSemCreate) refers to os_core.o(i.OS_EventWaitListInit) for OS_EventWaitListInit
    os_sem.o(i.OSSemCreate) refers to os_core.o(.data) for OSIntNesting
    os_sem.o(i.OSSemDel) refers to os_core.o(i.OS_EventTaskRdy) for OS_EventTaskRdy
    os_sem.o(i.OSSemDel) refers to os_core.o(i.OS_Sched) for OS_Sched
    os_sem.o(i.OSSemDel) refers to os_core.o(.data) for OSIntNesting
    os_sem.o(i.OSSemPend) refers to os_core.o(i.OS_EventTaskWait) for OS_EventTaskWait
    os_sem.o(i.OSSemPend) refers to os_core.o(i.OS_Sched) for OS_Sched
    os_sem.o(i.OSSemPend) refers to os_core.o(i.OS_EventTaskRemove) for OS_EventTaskRemove
    os_sem.o(i.OSSemPend) refers to os_core.o(.data) for OSIntNesting
    os_sem.o(i.OSSemPendAbort) refers to os_core.o(i.OS_EventTaskRdy) for OS_EventTaskRdy
    os_sem.o(i.OSSemPendAbort) refers to os_core.o(i.OS_Sched) for OS_Sched
    os_sem.o(i.OSSemPost) refers to os_core.o(i.OS_EventTaskRdy) for OS_EventTaskRdy
    os_sem.o(i.OSSemPost) refers to os_core.o(i.OS_Sched) for OS_Sched
    os_task.o(i.OSTaskChangePrio) refers to os_core.o(i.OS_Sched) for OS_Sched
    os_task.o(i.OSTaskChangePrio) refers to os_core.o(.bss) for OSTCBPrioTbl
    os_task.o(i.OSTaskChangePrio) refers to os_core.o(.data) for OSTCBCur
    os_task.o(i.OSTaskCreate) refers to os_cpu_c.o(i.OSTaskStkInit) for OSTaskStkInit
    os_task.o(i.OSTaskCreate) refers to os_core.o(i.OS_TCBInit) for OS_TCBInit
    os_task.o(i.OSTaskCreate) refers to os_core.o(i.OS_Sched) for OS_Sched
    os_task.o(i.OSTaskCreate) refers to os_core.o(.data) for OSIntNesting
    os_task.o(i.OSTaskCreate) refers to os_core.o(.bss) for OSTCBPrioTbl
    os_task.o(i.OSTaskCreateExt) refers to os_task.o(i.OS_TaskStkClr) for OS_TaskStkClr
    os_task.o(i.OSTaskCreateExt) refers to os_cpu_c.o(i.OSTaskStkInit) for OSTaskStkInit
    os_task.o(i.OSTaskCreateExt) refers to os_core.o(i.OS_TCBInit) for OS_TCBInit
    os_task.o(i.OSTaskCreateExt) refers to os_core.o(i.OS_Sched) for OS_Sched
    os_task.o(i.OSTaskCreateExt) refers to os_core.o(.data) for OSIntNesting
    os_task.o(i.OSTaskCreateExt) refers to os_core.o(.bss) for OSTCBPrioTbl
    os_task.o(i.OSTaskDel) refers to os_core.o(i.OS_EventTaskRemove) for OS_EventTaskRemove
    os_task.o(i.OSTaskDel) refers to os_core.o(i.OS_EventTaskRemoveMulti) for OS_EventTaskRemoveMulti
    os_task.o(i.OSTaskDel) refers to os_flag.o(i.OS_FlagUnlink) for OS_FlagUnlink
    os_task.o(i.OSTaskDel) refers to os_core.o(i.OS_Dummy) for OS_Dummy
    os_task.o(i.OSTaskDel) refers to os_core.o(i.OS_Sched) for OS_Sched
    os_task.o(i.OSTaskDel) refers to os_core.o(.data) for OSIntNesting
    os_task.o(i.OSTaskDel) refers to os_core.o(.bss) for OSTCBPrioTbl
    os_task.o(i.OSTaskDelReq) refers to os_core.o(.data) for OSTCBCur
    os_task.o(i.OSTaskDelReq) refers to os_core.o(.bss) for OSTCBPrioTbl
    os_task.o(i.OSTaskNameGet) refers to os_core.o(i.OS_StrLen) for OS_StrLen
    os_task.o(i.OSTaskNameGet) refers to os_core.o(.data) for OSIntNesting
    os_task.o(i.OSTaskNameGet) refers to os_core.o(.bss) for OSTCBPrioTbl
    os_task.o(i.OSTaskNameSet) refers to os_core.o(.data) for OSIntNesting
    os_task.o(i.OSTaskNameSet) refers to os_core.o(.bss) for OSTCBPrioTbl
    os_task.o(i.OSTaskQuery) refers to os_core.o(i.OS_MemCopy) for OS_MemCopy
    os_task.o(i.OSTaskQuery) refers to os_core.o(.data) for OSTCBCur
    os_task.o(i.OSTaskQuery) refers to os_core.o(.bss) for OSTCBPrioTbl
    os_task.o(i.OSTaskRegGet) refers to os_core.o(.data) for OSTCBCur
    os_task.o(i.OSTaskRegGet) refers to os_core.o(.bss) for OSTCBPrioTbl
    os_task.o(i.OSTaskRegGetID) refers to os_core.o(.data) for OSTaskRegNextAvailID
    os_task.o(i.OSTaskRegSet) refers to os_core.o(.data) for OSTCBCur
    os_task.o(i.OSTaskRegSet) refers to os_core.o(.bss) for OSTCBPrioTbl
    os_task.o(i.OSTaskResume) refers to os_core.o(i.OS_Sched) for OS_Sched
    os_task.o(i.OSTaskResume) refers to os_core.o(.bss) for OSTCBPrioTbl
    os_task.o(i.OSTaskResume) refers to os_core.o(.data) for OSRdyGrp
    os_task.o(i.OSTaskStkChk) refers to os_core.o(.data) for OSTCBCur
    os_task.o(i.OSTaskStkChk) refers to os_core.o(.bss) for OSTCBPrioTbl
    os_task.o(i.OSTaskSuspend) refers to os_core.o(i.OS_Sched) for OS_Sched
    os_task.o(i.OSTaskSuspend) refers to os_core.o(.data) for OSTCBCur
    os_task.o(i.OSTaskSuspend) refers to os_core.o(.bss) for OSTCBPrioTbl
    os_task.o(i.OS_TaskReturn) refers to os_cpu_c.o(i.OSTaskReturnHook) for OSTaskReturnHook
    os_task.o(i.OS_TaskReturn) refers to os_task.o(i.OSTaskDel) for OSTaskDel
    os_task.o(i.OS_TaskReturn) refers to os_core.o(.data) for OSTCBCur
    os_time.o(i.OSTimeDly) refers to os_core.o(i.OS_Sched) for OS_Sched
    os_time.o(i.OSTimeDly) refers to os_core.o(.data) for OSIntNesting
    os_time.o(i.OSTimeDlyHMSM) refers to os_time.o(i.OSTimeDly) for OSTimeDly
    os_time.o(i.OSTimeDlyHMSM) refers to os_core.o(.data) for OSIntNesting
    os_time.o(i.OSTimeDlyResume) refers to os_core.o(i.OS_Sched) for OS_Sched
    os_time.o(i.OSTimeDlyResume) refers to os_core.o(.bss) for OSTCBPrioTbl
    os_time.o(i.OSTimeDlyResume) refers to os_core.o(.data) for OSRdyGrp
    os_time.o(i.OSTimeGet) refers to os_core.o(.data) for OSTime
    os_time.o(i.OSTimeSet) refers to os_core.o(.data) for OSTime
    startup_stm32f40_41xxx.o(STACK) refers (Special) to heapauxi.o(.text) for __use_two_region_memory
    startup_stm32f40_41xxx.o(HEAP) refers (Special) to heapauxi.o(.text) for __use_two_region_memory
    startup_stm32f40_41xxx.o(RESET) refers (Special) to heapauxi.o(.text) for __use_two_region_memory
    startup_stm32f40_41xxx.o(RESET) refers to startup_stm32f40_41xxx.o(STACK) for __initial_sp
    startup_stm32f40_41xxx.o(RESET) refers to startup_stm32f40_41xxx.o(.text) for Reset_Handler
    startup_stm32f40_41xxx.o(.text) refers (Special) to heapauxi.o(.text) for __use_two_region_memory
    startup_stm32f40_41xxx.o(.text) refers to os_cpu_c.o(i.SystemInit) for SystemInit
    startup_stm32f40_41xxx.o(.text) refers to __main.o(!!!main) for __main
    startup_stm32f40_41xxx.o(.text) refers to startup_stm32f40_41xxx.o(HEAP) for Heap_Mem
    startup_stm32f40_41xxx.o(.text) refers to startup_stm32f40_41xxx.o(STACK) for Stack_Mem
    __main.o(!!!main) refers to __rtentry.o(.ARM.Collect$$rtentry$$00000000) for __rt_entry
    __rtentry.o(.ARM.Collect$$rtentry$$00000000) refers (Special) to __rtentry2.o(.ARM.Collect$$rtentry$$0000000A) for __rt_entry_li
    __rtentry.o(.ARM.Collect$$rtentry$$00000000) refers (Special) to __rtentry2.o(.ARM.Collect$$rtentry$$0000000D) for __rt_entry_main
    __rtentry.o(.ARM.Collect$$rtentry$$00000000) refers (Special) to __rtentry2.o(.ARM.Collect$$rtentry$$0000000C) for __rt_entry_postli_1
    __rtentry.o(.ARM.Collect$$rtentry$$00000000) refers (Special) to __rtentry2.o(.ARM.Collect$$rtentry$$00000009) for __rt_entry_postsh_1
    __rtentry.o(.ARM.Collect$$rtentry$$00000000) refers (Special) to __rtentry2.o(.ARM.Collect$$rtentry$$00000002) for __rt_entry_presh_1
    __rtentry.o(.ARM.Collect$$rtentry$$00000000) refers (Special) to __rtentry4.o(.ARM.Collect$$rtentry$$00000004) for __rt_entry_sh
    __rtentry2.o(.ARM.Collect$$rtentry$$00000008) refers to boardinit2.o(.text) for _platform_post_stackheap_init
    __rtentry2.o(.ARM.Collect$$rtentry$$0000000A) refers to libinit.o(.ARM.Collect$$libinit$$00000000) for __rt_lib_init
    __rtentry2.o(.ARM.Collect$$rtentry$$0000000B) refers to boardinit3.o(.text) for _platform_post_lib_init
    __rtentry2.o(.ARM.Collect$$rtentry$$0000000D) refers to main.o(i.main) for main
    __rtentry2.o(.ARM.Collect$$rtentry$$0000000D) refers to exit.o(.text) for exit
    __rtentry2.o(.ARM.exidx) refers to __rtentry2.o(.ARM.Collect$$rtentry$$00000001) for .ARM.Collect$$rtentry$$00000001
    __rtentry2.o(.ARM.exidx) refers to __rtentry2.o(.ARM.Collect$$rtentry$$00000008) for .ARM.Collect$$rtentry$$00000008
    __rtentry2.o(.ARM.exidx) refers to __rtentry2.o(.ARM.Collect$$rtentry$$0000000A) for .ARM.Collect$$rtentry$$0000000A
    __rtentry2.o(.ARM.exidx) refers to __rtentry2.o(.ARM.Collect$$rtentry$$0000000B) for .ARM.Collect$$rtentry$$0000000B
    __rtentry2.o(.ARM.exidx) refers to __rtentry2.o(.ARM.Collect$$rtentry$$0000000D) for .ARM.Collect$$rtentry$$0000000D
    __rtentry4.o(.ARM.Collect$$rtentry$$00000004) refers to sys_stackheap_outer.o(.text) for __user_setup_stackheap
    __rtentry4.o(.ARM.exidx) refers to __rtentry4.o(.ARM.Collect$$rtentry$$00000004) for .ARM.Collect$$rtentry$$00000004
    sys_stackheap_outer.o(.text) refers to libspace.o(.text) for __user_perproc_libspace
    sys_stackheap_outer.o(.text) refers to startup_stm32f40_41xxx.o(.text) for __user_initial_stackheap
    exit.o(.text) refers to rtexit.o(.ARM.Collect$$rtexit$$00000000) for __rt_exit
    libinit.o(.ARM.Collect$$libinit$$00000000) refers (Special) to libinit2.o(.ARM.Collect$$libinit$$0000002E) for __rt_lib_init_alloca_1
    libinit.o(.ARM.Collect$$libinit$$00000000) refers (Special) to libinit2.o(.ARM.Collect$$libinit$$0000002C) for __rt_lib_init_argv_1
    libinit.o(.ARM.Collect$$libinit$$00000000) refers (Special) to libinit2.o(.ARM.Collect$$libinit$$0000001B) for __rt_lib_init_atexit_1
    libinit.o(.ARM.Collect$$libinit$$00000000) refers (Special) to libinit2.o(.ARM.Collect$$libinit$$00000021) for __rt_lib_init_clock_1
    libinit.o(.ARM.Collect$$libinit$$00000000) refers (Special) to libinit2.o(.ARM.Collect$$libinit$$00000032) for __rt_lib_init_cpp_1
    libinit.o(.ARM.Collect$$libinit$$00000000) refers (Special) to libinit2.o(.ARM.Collect$$libinit$$00000030) for __rt_lib_init_exceptions_1
    libinit.o(.ARM.Collect$$libinit$$00000000) refers (Special) to libinit2.o(.ARM.Collect$$libinit$$00000001) for __rt_lib_init_fp_1
    libinit.o(.ARM.Collect$$libinit$$00000000) refers (Special) to libinit2.o(.ARM.Collect$$libinit$$0000001F) for __rt_lib_init_fp_trap_1
    libinit.o(.ARM.Collect$$libinit$$00000000) refers (Special) to libinit2.o(.ARM.Collect$$libinit$$00000023) for __rt_lib_init_getenv_1
    libinit.o(.ARM.Collect$$libinit$$00000000) refers (Special) to libinit2.o(.ARM.Collect$$libinit$$0000000A) for __rt_lib_init_heap_1
    libinit.o(.ARM.Collect$$libinit$$00000000) refers (Special) to libinit2.o(.ARM.Collect$$libinit$$00000011) for __rt_lib_init_lc_collate_1
    libinit.o(.ARM.Collect$$libinit$$00000000) refers (Special) to libinit2.o(.ARM.Collect$$libinit$$00000013) for __rt_lib_init_lc_ctype_1
    libinit.o(.ARM.Collect$$libinit$$00000000) refers (Special) to libinit2.o(.ARM.Collect$$libinit$$00000015) for __rt_lib_init_lc_monetary_1
    libinit.o(.ARM.Collect$$libinit$$00000000) refers (Special) to libinit2.o(.ARM.Collect$$libinit$$00000017) for __rt_lib_init_lc_numeric_1
    libinit.o(.ARM.Collect$$libinit$$00000000) refers (Special) to libinit2.o(.ARM.Collect$$libinit$$00000019) for __rt_lib_init_lc_time_1
    libinit.o(.ARM.Collect$$libinit$$00000000) refers (Special) to libinit2.o(.ARM.Collect$$libinit$$00000004) for __rt_lib_init_preinit_1
    libinit.o(.ARM.Collect$$libinit$$00000000) refers (Special) to libinit2.o(.ARM.Collect$$libinit$$0000000E) for __rt_lib_init_rand_1
    libinit.o(.ARM.Collect$$libinit$$00000000) refers (Special) to libinit2.o(.ARM.Collect$$libinit$$00000033) for __rt_lib_init_return
    libinit.o(.ARM.Collect$$libinit$$00000000) refers (Special) to libinit2.o(.ARM.Collect$$libinit$$0000001D) for __rt_lib_init_signal_1
    libinit.o(.ARM.Collect$$libinit$$00000000) refers (Special) to libinit2.o(.ARM.Collect$$libinit$$00000025) for __rt_lib_init_stdio_1
    libinit.o(.ARM.Collect$$libinit$$00000000) refers (Special) to libinit2.o(.ARM.Collect$$libinit$$0000000C) for __rt_lib_init_user_alloc_1
    libspace.o(.text) refers to libspace.o(.bss) for __libspace_start
    rtexit.o(.ARM.Collect$$rtexit$$00000000) refers (Special) to rtexit2.o(.ARM.Collect$$rtexit$$00000004) for __rt_exit_exit
    rtexit.o(.ARM.Collect$$rtexit$$00000000) refers (Special) to rtexit2.o(.ARM.Collect$$rtexit$$00000003) for __rt_exit_ls
    rtexit.o(.ARM.Collect$$rtexit$$00000000) refers (Special) to rtexit2.o(.ARM.Collect$$rtexit$$00000002) for __rt_exit_prels_1
    rtexit.o(.ARM.exidx) refers (Special) to rtexit2.o(.ARM.Collect$$rtexit$$00000004) for __rt_exit_exit
    rtexit.o(.ARM.exidx) refers (Special) to rtexit2.o(.ARM.Collect$$rtexit$$00000003) for __rt_exit_ls
    rtexit.o(.ARM.exidx) refers (Special) to rtexit2.o(.ARM.Collect$$rtexit$$00000002) for __rt_exit_prels_1
    rtexit.o(.ARM.exidx) refers to rtexit.o(.ARM.Collect$$rtexit$$00000000) for .ARM.Collect$$rtexit$$00000000
    libinit2.o(.ARM.Collect$$libinit$$00000001) refers to fpinit.o(x$fpl$fpinit) for _fp_init
    libinit2.o(.ARM.Collect$$libinit$$00000010) refers to libinit2.o(.ARM.Collect$$libinit$$0000000F) for .ARM.Collect$$libinit$$0000000F
    libinit2.o(.ARM.Collect$$libinit$$00000012) refers to libinit2.o(.ARM.Collect$$libinit$$0000000F) for .ARM.Collect$$libinit$$0000000F
    libinit2.o(.ARM.Collect$$libinit$$00000014) refers to libinit2.o(.ARM.Collect$$libinit$$0000000F) for .ARM.Collect$$libinit$$0000000F
    libinit2.o(.ARM.Collect$$libinit$$00000016) refers to libinit2.o(.ARM.Collect$$libinit$$0000000F) for .ARM.Collect$$libinit$$0000000F
    libinit2.o(.ARM.Collect$$libinit$$00000018) refers to libinit2.o(.ARM.Collect$$libinit$$0000000F) for .ARM.Collect$$libinit$$0000000F
    libinit2.o(.ARM.Collect$$libinit$$00000026) refers to argv_veneer.o(.emb_text) for __ARM_argv_veneer
    libinit2.o(.ARM.Collect$$libinit$$00000027) refers to argv_veneer.o(.emb_text) for __ARM_argv_veneer
    rtexit2.o(.ARM.Collect$$rtexit$$00000003) refers to libshutdown.o(.ARM.Collect$$libshutdown$$00000000) for __rt_lib_shutdown
    rtexit2.o(.ARM.Collect$$rtexit$$00000004) refers to sys_exit.o(.text) for _sys_exit
    rtexit2.o(.ARM.exidx) refers to rtexit2.o(.ARM.Collect$$rtexit$$00000001) for .ARM.Collect$$rtexit$$00000001
    rtexit2.o(.ARM.exidx) refers to rtexit2.o(.ARM.Collect$$rtexit$$00000003) for .ARM.Collect$$rtexit$$00000003
    rtexit2.o(.ARM.exidx) refers to rtexit2.o(.ARM.Collect$$rtexit$$00000004) for .ARM.Collect$$rtexit$$00000004
    argv_veneer.o(.emb_text) refers to no_argv.o(.text) for __ARM_get_argv
    sys_exit.o(.text) refers (Special) to use_no_semi.o(.text) for __I$use$semihosting
    sys_exit.o(.text) refers (Special) to indicate_semi.o(.text) for __semihosting_library_function
    _get_argv_nomalloc.o(.text) refers (Special) to hrguard.o(.text) for __heap_region$guard
    _get_argv_nomalloc.o(.text) refers to defsig_rtmem_outer.o(.text) for __rt_SIGRTMEM
    _get_argv_nomalloc.o(.text) refers to sys_command.o(.text) for _sys_command_string
    libshutdown.o(.ARM.Collect$$libshutdown$$00000000) refers (Special) to libshutdown2.o(.ARM.Collect$$libshutdown$$00000002) for __rt_lib_shutdown_cpp_1
    libshutdown.o(.ARM.Collect$$libshutdown$$00000000) refers (Special) to libshutdown2.o(.ARM.Collect$$libshutdown$$00000007) for __rt_lib_shutdown_fp_trap_1
    libshutdown.o(.ARM.Collect$$libshutdown$$00000000) refers (Special) to libshutdown2.o(.ARM.Collect$$libshutdown$$0000000F) for __rt_lib_shutdown_heap_1
    libshutdown.o(.ARM.Collect$$libshutdown$$00000000) refers (Special) to libshutdown2.o(.ARM.Collect$$libshutdown$$00000010) for __rt_lib_shutdown_return
    libshutdown.o(.ARM.Collect$$libshutdown$$00000000) refers (Special) to libshutdown2.o(.ARM.Collect$$libshutdown$$0000000A) for __rt_lib_shutdown_signal_1
    libshutdown.o(.ARM.Collect$$libshutdown$$00000000) refers (Special) to libshutdown2.o(.ARM.Collect$$libshutdown$$00000004) for __rt_lib_shutdown_stdio_1
    libshutdown.o(.ARM.Collect$$libshutdown$$00000000) refers (Special) to libshutdown2.o(.ARM.Collect$$libshutdown$$0000000C) for __rt_lib_shutdown_user_alloc_1
    sys_command.o(.text) refers (Special) to use_no_semi.o(.text) for __I$use$semihosting
    sys_command.o(.text) refers (Special) to indicate_semi.o(.text) for __semihosting_library_function
    defsig_rtmem_outer.o(.text) refers to defsig_rtmem_inner.o(.text) for __rt_SIGRTMEM_inner
    defsig_rtmem_outer.o(.text) refers to defsig_exit.o(.text) for __sig_exit
    defsig_rtmem_formal.o(.text) refers to rt_raise.o(.text) for __rt_raise
    rt_raise.o(.text) refers to __raise.o(.text) for __raise
    rt_raise.o(.text) refers to sys_exit.o(.text) for _sys_exit
    defsig_exit.o(.text) refers to sys_exit.o(.text) for _sys_exit
    defsig_rtmem_inner.o(.text) refers to defsig_general.o(.text) for __default_signal_display
    __raise.o(.text) refers to defsig.o(CL$$defsig) for __default_signal_handler
    defsig_general.o(.text) refers to sys_wrch.o(.text) for _ttywrch
    sys_wrch.o(.text) refers (Special) to use_no_semi.o(.text) for __I$use$semihosting
    sys_wrch.o(.text) refers (Special) to indicate_semi.o(.text) for __semihosting_library_function
    defsig.o(CL$$defsig) refers to defsig_rtmem_inner.o(.text) for __rt_SIGRTMEM_inner
    defsig_abrt_inner.o(.text) refers to defsig_general.o(.text) for __default_signal_display
    defsig_fpe_inner.o(.text) refers to defsig_general.o(.text) for __default_signal_display
    defsig_rtred_inner.o(.text) refers to defsig_general.o(.text) for __default_signal_display
    defsig_stak_inner.o(.text) refers to defsig_general.o(.text) for __default_signal_display
    defsig_pvfn_inner.o(.text) refers to defsig_general.o(.text) for __default_signal_display
    defsig_cppl_inner.o(.text) refers to defsig_general.o(.text) for __default_signal_display
    defsig_segv_inner.o(.text) refers to defsig_general.o(.text) for __default_signal_display
    defsig_other.o(.text) refers to defsig_general.o(.text) for __default_signal_display


==============================================================================

Removing Unused input sections from the image.

    Removing os_core.o(i.OSEventNameGet), (116 bytes).
    Removing os_core.o(i.OSEventNameSet), (96 bytes).
    Removing os_core.o(i.OSEventPendMulti), (708 bytes).
    Removing os_core.o(i.OSInit), (48 bytes).
    Removing os_core.o(i.OSIntEnter), (36 bytes).
    Removing os_core.o(i.OSIntExit), (140 bytes).
    Removing os_core.o(i.OSSchedLock), (56 bytes).
    Removing os_core.o(i.OSSchedUnlock), (84 bytes).
    Removing os_core.o(i.OSStart), (72 bytes).
    Removing os_core.o(i.OSStatInit), (64 bytes).
    Removing os_core.o(i.OSTimeTick), (224 bytes).
    Removing os_core.o(i.OSVersion), (6 bytes).
    Removing os_core.o(i.OS_Dummy), (2 bytes).
    Removing os_core.o(i.OS_EventTaskRdy), (148 bytes).
    Removing os_core.o(i.OS_EventTaskRemove), (46 bytes).
    Removing os_core.o(i.OS_EventTaskRemoveMulti), (58 bytes).
    Removing os_core.o(i.OS_EventTaskWait), (124 bytes).
    Removing os_core.o(i.OS_EventTaskWaitMulti), (148 bytes).
    Removing os_core.o(i.OS_EventWaitListInit), (28 bytes).
    Removing os_core.o(i.OS_InitEventList), (96 bytes).
    Removing os_core.o(i.OS_InitMisc), (92 bytes).
    Removing os_core.o(i.OS_InitRdyList), (68 bytes).
    Removing os_core.o(i.OS_InitTCBList), (128 bytes).
    Removing os_core.o(i.OS_InitTaskIdle), (80 bytes).
    Removing os_core.o(i.OS_InitTaskStat), (80 bytes).
    Removing os_core.o(i.OS_MemClr), (18 bytes).
    Removing os_core.o(i.OS_MemCopy), (20 bytes).
    Removing os_core.o(i.OS_Sched), (112 bytes).
    Removing os_core.o(i.OS_SchedNew), (44 bytes).
    Removing os_core.o(i.OS_StrLen), (28 bytes).
    Removing os_core.o(i.OS_TCBInit), (308 bytes).
    Removing os_core.o(i.OS_TaskIdle), (32 bytes).
    Removing os_core.o(i.OS_TaskStat), (196 bytes).
    Removing os_core.o(i.OS_TaskStatStkChk), (60 bytes).
    Removing os_core.o(.bss), (3840 bytes).
    Removing os_core.o(.constdata), (256 bytes).
    Removing os_core.o(.data), (80 bytes).
    Removing os_dbg_r.o(.constdata), (2 bytes).
    Removing os_flag.o(i.OSFlagAccept), (246 bytes).
    Removing os_flag.o(i.OSFlagCreate), (88 bytes).
    Removing os_flag.o(i.OSFlagDel), (224 bytes).
    Removing os_flag.o(i.OSFlagNameGet), (96 bytes).
    Removing os_flag.o(i.OSFlagNameSet), (76 bytes).
    Removing os_flag.o(i.OSFlagPend), (576 bytes).
    Removing os_flag.o(i.OSFlagPendGetFlagsRdy), (24 bytes).
    Removing os_flag.o(i.OSFlagPost), (314 bytes).
    Removing os_flag.o(i.OSFlagQuery), (48 bytes).
    Removing os_flag.o(i.OS_FlagBlock), (164 bytes).
    Removing os_flag.o(i.OS_FlagInit), (88 bytes).
    Removing os_flag.o(i.OS_FlagTaskRdy), (96 bytes).
    Removing os_flag.o(i.OS_FlagUnlink), (36 bytes).
    Removing os_mbox.o(i.OSMboxAccept), (38 bytes).
    Removing os_mbox.o(i.OSMboxCreate), (80 bytes).
    Removing os_mbox.o(i.OSMboxDel), (220 bytes).
    Removing os_mbox.o(i.OSMboxPend), (268 bytes).
    Removing os_mbox.o(i.OSMboxPendAbort), (128 bytes).
    Removing os_mbox.o(i.OSMboxPost), (82 bytes).
    Removing os_mbox.o(i.OSMboxPostOpt), (118 bytes).
    Removing os_mbox.o(i.OSMboxQuery), (80 bytes).
    Removing os_mem.o(i.OSMemCreate), (160 bytes).
    Removing os_mem.o(i.OSMemGet), (60 bytes).
    Removing os_mem.o(i.OSMemNameGet), (80 bytes).
    Removing os_mem.o(i.OSMemNameSet), (60 bytes).
    Removing os_mem.o(i.OSMemPut), (58 bytes).
    Removing os_mem.o(i.OSMemQuery), (58 bytes).
    Removing os_mem.o(i.OS_MemInit), (88 bytes).
    Removing os_mutex.o(i.OSMutexAccept), (144 bytes).
    Removing os_mutex.o(i.OSMutexCreate), (168 bytes).
    Removing os_mutex.o(i.OSMutexDel), (304 bytes).
    Removing os_mutex.o(i.OSMutexPend), (584 bytes).
    Removing os_mutex.o(i.OSMutexPost), (196 bytes).
    Removing os_mutex.o(i.OSMutexQuery), (116 bytes).
    Removing os_mutex.o(i.OSMutex_RdyAtPrio), (132 bytes).
    Removing os_q.o(i.OSQAccept), (90 bytes).
    Removing os_q.o(i.OSQCreate), (148 bytes).
    Removing os_q.o(i.OSQDel), (256 bytes).
    Removing os_q.o(i.OSQFlush), (46 bytes).
    Removing os_q.o(i.OSQPend), (292 bytes).
    Removing os_q.o(i.OSQPendAbort), (128 bytes).
    Removing os_q.o(i.OSQPost), (106 bytes).
    Removing os_q.o(i.OSQPostFront), (108 bytes).
    Removing os_q.o(i.OSQPostOpt), (176 bytes).
    Removing os_q.o(i.OSQQuery), (102 bytes).
    Removing os_q.o(i.OS_QInit), (80 bytes).
    Removing os_sem.o(i.OSSemAccept), (42 bytes).
    Removing os_sem.o(i.OSSemCreate), (80 bytes).
    Removing os_sem.o(i.OSSemDel), (220 bytes).
    Removing os_sem.o(i.OSSemPend), (240 bytes).
    Removing os_sem.o(i.OSSemPendAbort), (128 bytes).
    Removing os_sem.o(i.OSSemPost), (84 bytes).
    Removing os_sem.o(i.OSSemQuery), (80 bytes).
    Removing os_sem.o(i.OSSemSet), (64 bytes).
    Removing os_task.o(i.OSTaskChangePrio), (424 bytes).
    Removing os_task.o(i.OSTaskCreate), (152 bytes).
    Removing os_task.o(i.OSTaskCreateExt), (172 bytes).
    Removing os_task.o(i.OSTaskDel), (344 bytes).
    Removing os_task.o(i.OSTaskDelReq), (104 bytes).
    Removing os_task.o(i.OSTaskNameGet), (140 bytes).
    Removing os_task.o(i.OSTaskNameSet), (120 bytes).
    Removing os_task.o(i.OSTaskQuery), (96 bytes).
    Removing os_task.o(i.OSTaskRegGet), (88 bytes).
    Removing os_task.o(i.OSTaskRegGetID), (56 bytes).
    Removing os_task.o(i.OSTaskRegSet), (84 bytes).
    Removing os_task.o(i.OSTaskResume), (168 bytes).
    Removing os_task.o(i.OSTaskStkChk), (140 bytes).
    Removing os_task.o(i.OSTaskSuspend), (176 bytes).
    Removing os_task.o(i.OS_TaskReturn), (24 bytes).
    Removing os_task.o(i.OS_TaskStkClr), (28 bytes).
    Removing os_time.o(i.OSTimeDly), (116 bytes).
    Removing os_time.o(i.OSTimeDlyHMSM), (132 bytes).
    Removing os_time.o(i.OSTimeDlyResume), (168 bytes).
    Removing os_time.o(i.OSTimeGet), (24 bytes).
    Removing os_time.o(i.OSTimeSet), (24 bytes).
    Removing os_cpu_c.o(i.OSInitHookBegin), (2 bytes).
    Removing os_cpu_c.o(i.OSInitHookEnd), (2 bytes).
    Removing os_cpu_c.o(i.OSTCBInitHook), (2 bytes).
    Removing os_cpu_c.o(i.OSTaskCreateHook), (2 bytes).
    Removing os_cpu_c.o(i.OSTaskIdleHook), (2 bytes).
    Removing os_cpu_c.o(i.OSTaskReturnHook), (2 bytes).
    Removing os_cpu_c.o(i.OSTaskStkInit), (8 bytes).
    Removing os_cpu_c.o(i.OSTaskSwHook), (2 bytes).
    Removing os_cpu_c.o(i.OS_CPU_ExceptStkBase), (2 bytes).
    Removing os_cpu_c.o(i.OS_KA_BASEPRI_Boundary), (2 bytes).
    Removing os_cpu_a.o(.text), (22 bytes).

124 unused section(s) (total 18340 bytes) removed from the image.
